epd.c:101:9:epd_command	48	static
epd.c:143:6:epd_data	24	static
epd.c:155:6:epd_pCommand	16	static
epd.c:164:6:epd_commandList	96	static
epd.c:196:6:epd_reset	8	static
epd.c:212:6:epd_busy	8	static
epd.c:229:6:epd_update	8	static
epd.c:241:6:epd_powerUp	24	static
epd.c:266:6:epd_powerDown	16	static
epd.c:288:9:epd_writeRAMcommand	16	static
epd.c:306:6:set_black_buffer	16	static
epd.c:332:6:set_color_buffer	16	static
epd.c:356:6:epd_init	16	static
epd.c:414:6:clear_buffer	8	static
epd.c:454:9:spi_transfer	40	static
epd.c:474:6:write_SRAM_to_epd	32	static
epd.c:508:6:write_RAM_to_epd	40	static
epd.c:536:6:display	16	static
epd.c:565:6:clear_display	8	static
epd.c:594:6:draw_pixel	40	static
