epd_gfx.c:67:6:set_rotation	16	static
epd_gfx.c:88:6:set_text_size	16	static
epd_gfx.c:97:6:set_text_scale	16	static
epd_gfx.c:103:6:set_text_wrap	16	static
epd_gfx.c:109:6:set_text_color	16	static
epd_gfx.c:115:6:set_text_bg_color	16	static
epd_gfx.c:122:6:set_cursor	16	static
epd_gfx.c:130:9:get_x_cursor	8	static
epd_gfx.c:135:9:get_y_cursor	8	static
epd_gfx.c:141:6:set_x_margin	16	static
epd_gfx.c:147:6:set_y_margin	16	static
epd_gfx.c:149:9:get_x_margin	8	static
epd_gfx.c:151:9:get_y_margin	8	static
epd_gfx.c:161:6:write_line	48	static
epd_gfx.c:207:6:write_fast_vLine	32	static
epd_gfx.c:219:6:write_fast_hLine	32	static
epd_gfx.c:232:6:fill_rect	32	static
epd_gfx.c:242:6:fill_screen	24	static
epd_gfx.c:254:6:draw_line	40	static
epd_gfx.c:282:6:draw_char	40	static
epd_gfx.c:330:6:write	48	static
epd_gfx.c:351:6:draw_bitmap	40	static
epd_gfx.c:396:6:printWrite	16	static
epd_gfx.c:406:6:printChar	16	static
epd_gfx.c:414:6:printString	16	static
epd_gfx.c:423:6:printUnsigned	56	static
epd_gfx.c:444:6:printFloat	56	static
