stm32l0xx_it.c:91:6:NMI_Handler	8	static
stm32l0xx_it.c:106:6:HardFault_Handler	8	static
stm32l0xx_it.c:121:6:SVC_Handler	8	static
stm32l0xx_it.c:134:6:PendSV_Handler	8	static
stm32l0xx_it.c:147:6:SysTick_Handler	8	static
stm32l0xx_it.c:168:6:EXTI2_3_IRQHandler	48	static
stm32l0xx_it.c:241:6:DMA1_Channel1_IRQHandler	8	static
stm32l0xx_it.c:255:6:ADC1_COMP_IRQHandler	8	static
stm32l0xx_it.c:269:6:TIM2_IRQHandler	8	static
stm32l0xx_it.c:335:6:TIM6_DAC_IRQHandler	48	static
stm32l0xx_it.c:420:6:display_readings	32	static
