vcnl4010.c:25:6:VCNL4010_enable_Interrupt	24	static
vcnl4010.c:51:6:VCNL4010_ack_ISR	24	static
vcnl4010.c:67:6:VCNL4010_setLEDcurrent	16	static
vcnl4010.c:81:9:VCNL4010_getLEDcurrent	8	static
vcnl4010.c:94:6:VCNL4010_setFrequency	16	static
vcnl4010.c:106:10:VCNL4010_readProximity	24	static
vcnl4010.c:131:10:VCNL4010_readAmbient	24	static
vcnl4010.c:147:19:VCNL4010_write8	32	static
vcnl4010.c:153:19:VCNL4010_write16	40	static
vcnl4010.c:164:9:VCNL4010_read8	48	static
vcnl4010.c:171:10:VCNL4010_read16	48	static
