epd.c:65:9:epd_command	40	static
epd.c:107:6:epd_data	16	static
epd.c:119:6:epd_pCommand	16	static
epd.c:155:6:epd_reset	0	static
epd.c:171:6:epd_busy	8	static
epd.c:128:6:epd_commandList	80	static
epd.c:188:6:epd_update	8	static
epd.c:200:6:epd_powerUp	16	static
epd.c:223:6:epd_powerDown	16	static
epd.c:245:9:epd_writeRAMcommand	8	static
epd.c:263:6:set_black_buffer	0	static
epd.c:289:6:set_color_buffer	0	static
epd.c:313:6:epd_init	16	static
epd.c:382:6:clear_buffer	8	static
epd.c:423:9:spi_transfer	48	static
epd.c:443:6:write_SRAM_to_epd	32	static
epd.c:477:6:write_RAM_to_epd	40	static
epd.c:505:6:display	8	static
epd.c:534:6:clear_display	16	static
epd.c:563:6:draw_pixel	32	static
