epd.c:102:9:epd_command	40	static
epd.c:144:6:epd_data	16	static
epd.c:156:6:epd_pCommand	16	static
epd.c:197:6:epd_reset	0	static
epd.c:213:6:epd_busy	8	static
epd.c:165:6:epd_commandList	80	static
epd.c:230:6:epd_update	8	static
epd.c:242:6:epd_powerUp	16	static
epd.c:265:6:epd_powerDown	16	static
epd.c:287:9:epd_writeRAMcommand	8	static
epd.c:305:6:set_black_buffer	0	static
epd.c:331:6:set_color_buffer	0	static
epd.c:355:6:epd_init	8	static
epd.c:426:6:clear_buffer	8	static
epd.c:466:9:spi_transfer	48	static
epd.c:486:6:write_SRAM_to_epd	32	static
epd.c:520:6:write_RAM_to_epd	40	static
epd.c:548:6:display	8	static
epd.c:577:6:clear_display	16	static
epd.c:606:6:draw_pixel	32	static
