epd_gfx.c:67:6:set_rotation	0	static
epd_gfx.c:88:6:set_text_size	0	static
epd_gfx.c:97:6:set_text_scale	8	static
epd_gfx.c:103:6:set_text_wrap	0	static
epd_gfx.c:109:6:set_text_color	0	static
epd_gfx.c:115:6:set_text_bg_color	0	static
epd_gfx.c:122:6:set_cursor	0	static
epd_gfx.c:130:9:get_x_cursor	0	static
epd_gfx.c:135:9:get_y_cursor	0	static
epd_gfx.c:141:6:set_x_margin	0	static
epd_gfx.c:147:6:set_y_margin	0	static
epd_gfx.c:149:9:get_x_margin	0	static
epd_gfx.c:151:9:get_y_margin	0	static
epd_gfx.c:161:6:write_line	48	static
epd_gfx.c:207:6:write_fast_vLine	16	static
epd_gfx.c:219:6:write_fast_hLine	16	static
epd_gfx.c:232:6:fill_rect	32	static
epd_gfx.c:242:6:fill_screen	16	static
epd_gfx.c:254:6:draw_line	16	static
epd_gfx.c:282:6:draw_char	80	static
epd_gfx.c:330:6:write.part.0	40	static
epd_gfx.c:330:6:write	8	static
epd_gfx.c:351:6:draw_bitmap	64	static
epd_gfx.c:394:6:printWrite	8	static
epd_gfx.c:404:6:printChar	8	static
epd_gfx.c:412:6:printString	8	static
epd_gfx.c:421:6:printUnsigned	56	static
epd_gfx.c:442:6:printFloat	24	static
