stm32l0xx_it.c:92:6:NMI_Handler	8	static
stm32l0xx_it.c:107:6:HardFault_Handler	8	static
stm32l0xx_it.c:122:6:SVC_Handler	0	static
stm32l0xx_it.c:135:6:PendSV_Handler	0	static
stm32l0xx_it.c:148:6:SysTick_Handler	8	static
stm32l0xx_it.c:169:6:EXTI2_3_IRQHandler	16	static
stm32l0xx_it.c:241:6:DMA1_Channel2_3_IRQHandler	8	static
stm32l0xx_it.c:255:6:ADC1_COMP_IRQHandler	8	static
stm32l0xx_it.c:269:6:TIM2_IRQHandler	8	static
stm32l0xx_it.c:335:6:TIM6_DAC_IRQHandler	24	static
stm32l0xx_it.c:418:6:display_readings	24	static
