bq27441.c:288:10:BQ27441_readWord	32	static
bq27441.c:132:10:BQ27441_voltage	8	static
bq27441.c:138:9:BQ27441_current	8	static
bq27441.c:158:10:BQ27441_capacity	8	static
bq27441.c:196:9:BQ27441_power	8	static
bq27441.c:202:10:BQ27441_soc	8	static
bq27441.c:219:9:BQ27441_soh	8	static
bq27441.c:232:10:BQ27441_temperature	8	static
bq27441.c:297:19:BQ27441_blockDataControl	32	static
bq27441.c:305:19:BQ27441_blockDataClass	32	static
bq27441.c:313:19:BQ27441_blockDataOffset	32	static
bq27441.c:321:9:BQ27441_blockDataChecksum	32	static
bq27441.c:331:9:BQ27441_computeBlockChecksum	56	static
bq27441.c:349:19:BQ27441_writeBlockChecksum	32	static
bq27441.c:356:19:BQ27441_writeBlockData	32	static
bq27441.c:254:5:BQ27441_writeExtendedData	32	static
bq27441.c:67:5:BQ27441_setCapacity	16	static
bq27441.c:81:5:BQ27441_setDesignEnergy	16	static
bq27441.c:24:5:bq_init	8	static
bq27441.c:95:5:BQ27441_setTerminateVoltage	16	static
bq27441.c:113:5:BQ27441_setTaperRate	16	static
