Archive member included to satisfy reference by file (symbol)

/Applications/ARM/bin/../lib/gcc/arm-none-eabi/10.2.1/thumb/v6-m/nofp/libgcc.a(_udivsi3.o)
                              CMakeFiles/ece477-epd.elf.dir/Core/Src/epd_gfx.c.obj (__aeabi_uidiv)
/Applications/ARM/bin/../lib/gcc/arm-none-eabi/10.2.1/thumb/v6-m/nofp/libgcc.a(_dvmd_tls.o)
                              /Applications/ARM/bin/../lib/gcc/arm-none-eabi/10.2.1/thumb/v6-m/nofp/libgcc.a(_udivsi3.o) (__aeabi_idiv0)
/Applications/ARM/bin/../lib/gcc/arm-none-eabi/10.2.1/thumb/v6-m/nofp/libgcc.a(_arm_cmpdf2.o)
                              CMakeFiles/ece477-epd.elf.dir/Core/Src/epd_gfx.c.obj (__aeabi_dcmplt)
/Applications/ARM/bin/../lib/gcc/arm-none-eabi/10.2.1/thumb/v6-m/nofp/libgcc.a(_aeabi_uldivmod.o)
                              CMakeFiles/ece477-epd.elf.dir/Drivers/STM32L0xx_HAL_Driver/Src/stm32l0xx_hal_rcc.c.obj (__aeabi_uldivmod)
/Applications/ARM/bin/../lib/gcc/arm-none-eabi/10.2.1/thumb/v6-m/nofp/libgcc.a(_muldi3.o)
                              CMakeFiles/ece477-epd.elf.dir/Drivers/STM32L0xx_HAL_Driver/Src/stm32l0xx_hal_rcc.c.obj (__aeabi_lmul)
/Applications/ARM/bin/../lib/gcc/arm-none-eabi/10.2.1/thumb/v6-m/nofp/libgcc.a(_fixunsdfsi.o)
                              CMakeFiles/ece477-epd.elf.dir/Core/Src/epd_gfx.c.obj (__aeabi_d2uiz)
/Applications/ARM/bin/../lib/gcc/arm-none-eabi/10.2.1/thumb/v6-m/nofp/libgcc.a(_udivmoddi4.o)
                              /Applications/ARM/bin/../lib/gcc/arm-none-eabi/10.2.1/thumb/v6-m/nofp/libgcc.a(_aeabi_uldivmod.o) (__udivmoddi4)
/Applications/ARM/bin/../lib/gcc/arm-none-eabi/10.2.1/thumb/v6-m/nofp/libgcc.a(adddf3.o)
                              CMakeFiles/ece477-epd.elf.dir/Core/Src/epd_gfx.c.obj (__aeabi_dadd)
/Applications/ARM/bin/../lib/gcc/arm-none-eabi/10.2.1/thumb/v6-m/nofp/libgcc.a(divdf3.o)
                              CMakeFiles/ece477-epd.elf.dir/Core/Src/epd_gfx.c.obj (__aeabi_ddiv)
/Applications/ARM/bin/../lib/gcc/arm-none-eabi/10.2.1/thumb/v6-m/nofp/libgcc.a(eqdf2.o)
                              /Applications/ARM/bin/../lib/gcc/arm-none-eabi/10.2.1/thumb/v6-m/nofp/libgcc.a(_arm_cmpdf2.o) (__eqdf2)
/Applications/ARM/bin/../lib/gcc/arm-none-eabi/10.2.1/thumb/v6-m/nofp/libgcc.a(gedf2.o)
                              /Applications/ARM/bin/../lib/gcc/arm-none-eabi/10.2.1/thumb/v6-m/nofp/libgcc.a(_arm_cmpdf2.o) (__gedf2)
/Applications/ARM/bin/../lib/gcc/arm-none-eabi/10.2.1/thumb/v6-m/nofp/libgcc.a(ledf2.o)
                              /Applications/ARM/bin/../lib/gcc/arm-none-eabi/10.2.1/thumb/v6-m/nofp/libgcc.a(_arm_cmpdf2.o) (__ledf2)
/Applications/ARM/bin/../lib/gcc/arm-none-eabi/10.2.1/thumb/v6-m/nofp/libgcc.a(muldf3.o)
                              CMakeFiles/ece477-epd.elf.dir/Core/Src/epd_gfx.c.obj (__aeabi_dmul)
/Applications/ARM/bin/../lib/gcc/arm-none-eabi/10.2.1/thumb/v6-m/nofp/libgcc.a(subdf3.o)
                              CMakeFiles/ece477-epd.elf.dir/Core/Src/epd_gfx.c.obj (__aeabi_dsub)
/Applications/ARM/bin/../lib/gcc/arm-none-eabi/10.2.1/thumb/v6-m/nofp/libgcc.a(fixdfsi.o)
                              CMakeFiles/ece477-epd.elf.dir/Core/Src/epd_gfx.c.obj (__aeabi_d2iz)
/Applications/ARM/bin/../lib/gcc/arm-none-eabi/10.2.1/thumb/v6-m/nofp/libgcc.a(floatsidf.o)
                              CMakeFiles/ece477-epd.elf.dir/Core/Src/epd_gfx.c.obj (__aeabi_i2d)
/Applications/ARM/bin/../lib/gcc/arm-none-eabi/10.2.1/thumb/v6-m/nofp/libgcc.a(floatunsidf.o)
                              CMakeFiles/ece477-epd.elf.dir/Core/Src/epd_gfx.c.obj (__aeabi_ui2d)
/Applications/ARM/bin/../lib/gcc/arm-none-eabi/10.2.1/thumb/v6-m/nofp/libgcc.a(_clzsi2.o)
                              /Applications/ARM/bin/../lib/gcc/arm-none-eabi/10.2.1/thumb/v6-m/nofp/libgcc.a(adddf3.o) (__clzsi2)
/Applications/ARM/bin/../lib/gcc/arm-none-eabi/10.2.1/thumb/v6-m/nofp/libgcc.a(_clzdi2.o)
                              /Applications/ARM/bin/../lib/gcc/arm-none-eabi/10.2.1/thumb/v6-m/nofp/libgcc.a(_udivmoddi4.o) (__clzdi2)
/Applications/ARM/bin/../lib/gcc/arm-none-eabi/10.2.1/../../../../arm-none-eabi/lib/thumb/v6-m/nofp/libg.a(lib_a-errno.o)
                              CMakeFiles/ece477-epd.elf.dir/Core/Src/syscalls.c.obj (__errno)
/Applications/ARM/bin/../lib/gcc/arm-none-eabi/10.2.1/../../../../arm-none-eabi/lib/thumb/v6-m/nofp/libg.a(lib_a-exit.o)
                              /Applications/ARM/bin/../lib/gcc/arm-none-eabi/10.2.1/../../../../arm-none-eabi/lib/thumb/v6-m/nofp/crt0.o (exit)
/Applications/ARM/bin/../lib/gcc/arm-none-eabi/10.2.1/../../../../arm-none-eabi/lib/thumb/v6-m/nofp/libg.a(lib_a-impure.o)
                              /Applications/ARM/bin/../lib/gcc/arm-none-eabi/10.2.1/../../../../arm-none-eabi/lib/thumb/v6-m/nofp/libg.a(lib_a-exit.o) (_global_impure_ptr)
/Applications/ARM/bin/../lib/gcc/arm-none-eabi/10.2.1/../../../../arm-none-eabi/lib/thumb/v6-m/nofp/libg.a(lib_a-init.o)
[...]
Memory Configuration

Name             Origin             Length             Attributes
RAM              0x0000000020000000 0x0000000000002000 xrw
FLASH            0x0000000008000000 0x0000000000010000 xr
*default*        0x0000000000000000 0xffffffffffffffff

Linker script and memory map

LOAD /Applications/ARM/bin/../lib/gcc/arm-none-eabi/10.2.1/thumb/v6-m/nofp/crti.o
LOAD /Applications/ARM/bin/../lib/gcc/arm-none-eabi/10.2.1/thumb/v6-m/nofp/crtbegin.o
LOAD /Applications/ARM/bin/../lib/gcc/arm-none-eabi/10.2.1/../../../../arm-none-eabi/lib/thumb/v6-m/nofp/crt0.o
LOAD CMakeFiles/ece477-epd.elf.dir/Core/Src/epd.c.obj
LOAD CMakeFiles/ece477-epd.elf.dir/Core/Src/epd_gfx.c.obj
LOAD CMakeFiles/ece477-epd.elf.dir/Core/Src/glcdfont.c.obj
LOAD CMakeFiles/ece477-epd.elf.dir/Core/Src/gpio.c.obj
LOAD CMakeFiles/ece477-epd.elf.dir/Core/Src/main.c.obj
LOAD CMakeFiles/ece477-epd.elf.dir/Core/Src/serial_print.c.obj
LOAD CMakeFiles/ece477-epd.elf.dir/Core/Src/spi.c.obj
LOAD CMakeFiles/ece477-epd.elf.dir/Core/Src/sram.c.obj
LOAD CMakeFiles/ece477-epd.elf.dir/Core/Src/stm32l0xx_hal_msp.c.obj
LOAD CMakeFiles/ece477-epd.elf.dir/Core/Src/stm32l0xx_it.c.obj
LOAD CMakeFiles/ece477-epd.elf.dir/Core/Src/syscalls.c.obj
LOAD CMakeFiles/ece477-epd.elf.dir/Core/Src/sysmem.c.obj
LOAD CMakeFiles/ece477-epd.elf.dir/Core/Src/system_stm32l0xx.c.obj
LOAD CMakeFiles/ece477-epd.elf.dir/Core/Src/usart.c.obj
LOAD CMakeFiles/ece477-epd.elf.dir/Core/Startup/startup_stm32l053r8tx.s.obj
LOAD CMakeFiles/ece477-epd.elf.dir/Drivers/STM32L0xx_HAL_Driver/Src/stm32l0xx_hal.c.obj
LOAD CMakeFiles/ece477-epd.elf.dir/Drivers/STM32L0xx_HAL_Driver/Src/stm32l0xx_hal_cortex.c.obj
LOAD CMakeFiles/ece477-epd.elf.dir/Drivers/STM32L0xx_HAL_Driver/Src/stm32l0xx_hal_dma.c.obj
LOAD CMakeFiles/ece477-epd.elf.dir/Drivers/STM32L0xx_HAL_Driver/Src/stm32l0xx_hal_exti.c.obj
LOAD CMakeFiles/ece477-epd.elf.dir/Drivers/STM32L0xx_HAL_Driver/Src/stm32l0xx_hal_flash.c.obj
LOAD CMakeFiles/ece477-epd.elf.dir/Drivers/STM32L0xx_HAL_Driver/Src/stm32l0xx_hal_flash_ex.c.obj
LOAD CMakeFiles/ece477-epd.elf.dir/Drivers/STM32L0xx_HAL_Driver/Src/stm32l0xx_hal_flash_ramfunc.c.obj
LOAD CMakeFiles/ece477-epd.elf.dir/Drivers/STM32L0xx_HAL_Driver/Src/stm32l0xx_hal_gpio.c.obj
LOAD CMakeFiles/ece477-epd.elf.dir/Drivers/STM32L0xx_HAL_Driver/Src/stm32l0xx_hal_i2c.c.obj
LOAD CMakeFiles/ece477-epd.elf.dir/Drivers/STM32L0xx_HAL_Driver/Src/stm32l0xx_hal_i2c_ex.c.obj
LOAD CMakeFiles/ece477-epd.elf.dir/Drivers/STM32L0xx_HAL_Driver/Src/stm32l0xx_hal_pwr.c.obj
LOAD CMakeFiles/ece477-epd.elf.dir/Drivers/STM32L0xx_HAL_Driver/Src/stm32l0xx_hal_pwr_ex.c.obj
LOAD CMakeFiles/ece477-epd.elf.dir/Drivers/STM32L0xx_HAL_Driver/Src/stm32l0xx_hal_rcc.c.obj
LOAD CMakeFiles/ece477-epd.elf.dir/Drivers/STM32L0xx_HAL_Driver/Src/stm32l0xx_hal_rcc_ex.c.obj
LOAD CMakeFiles/ece477-epd.elf.dir/Drivers/STM32L0xx_HAL_Driver/Src/stm32l0xx_hal_spi.c.obj
LOAD CMakeFiles/ece477-epd.elf.dir/Drivers/STM32L0xx_HAL_Driver/Src/stm32l0xx_hal_tim.c.obj
LOAD CMakeFiles/ece477-epd.elf.dir/Drivers/STM32L0xx_HAL_Driver/Src/stm32l0xx_hal_tim_ex.c.obj
LOAD CMakeFiles/ece477-epd.elf.dir/Drivers/STM32L0xx_HAL_Driver/Src/stm32l0xx_hal_uart.c.obj
LOAD CMakeFiles/ece477-epd.elf.dir/Drivers/STM32L0xx_HAL_Driver/Src/stm32l0xx_hal_uart_ex.c.obj
START GROUP
LOAD /Applications/ARM/bin/../lib/gcc/arm-none-eabi/10.2.1/thumb/v6-m/nofp/libgcc.a
LOAD /Applications/ARM/bin/../lib/gcc/arm-none-eabi/10.2.1/../../../../arm-none-eabi/lib/thumb/v6-m/nofp/libg.a
LOAD /Applications/ARM/bin/../lib/gcc/arm-none-eabi/10.2.1/../../../../arm-none-eabi/lib/thumb/v6-m/nofp/libc.a
END GROUP
LOAD /Applications/ARM/bin/../lib/gcc/arm-none-eabi/10.2.1/thumb/v6-m/nofp/crtend.o
LOAD /Applications/ARM/bin/../lib/gcc/arm-none-eabi/10.2.1/thumb/v6-m/nofp/crtn.o
                0x0000000020002000                _estack = (ORIGIN (RAM) + LENGTH (RAM))
                0x0000000000000200                _Min_Heap_Size = 0x200
                0x0000000000000400                _Min_Stack_Size = 0x400

.isr_vector     0x0000000008000000       0xc0
                0x0000000008000000                . = ALIGN (0x4)
 *(.isr_vector)
 .isr_vector    0x0000000008000000       0xc0 CMakeFiles/ece477-epd.elf.dir/Core/Startup/startup_stm32l053r8tx.s.obj
                0x0000000008000000                g_pfnVectors
                0x00000000080000c0                . = ALIGN (0x4)

.text           0x00000000080000c0     0x3ee8
                0x00000000080000c0                . = ALIGN (0x4)
 *(.text)
 .text          0x00000000080000c0       0x48 /Applications/ARM/bin/../lib/gcc/arm-none-eabi/10.2.1/thumb/v6-m/nofp/crtbegin.o
 .text          0x0000000008000108      0x114 /Applications/ARM/bin/../lib/gcc/arm-none-eabi/10.2.1/thumb/v6-m/nofp/libgcc.a(_udivsi3.o)
                0x0000000008000108                __udivsi3
                0x0000000008000108                __aeabi_uidiv
                0x0000000008000214                __aeabi_uidivmod
 .text          0x000000000800021c        0x4 /Applications/ARM/bin/../lib/gcc/arm-none-eabi/10.2.1/thumb/v6-m/nofp/libgcc.a(_dvmd_tls.o)
                0x000000000800021c                __aeabi_ldiv0
                0x000000000800021c                __aeabi_idiv0
 .text          0x0000000008000220       0x40 /Applications/ARM/bin/../lib/gcc/arm-none-eabi/10.2.1/thumb/v6-m/nofp/libgcc.a(_aeabi_uldivmod.o)
                0x0000000008000220                __aeabi_uldivmod
 .text          0x0000000008000260       0x5c /Applications/ARM/bin/../lib/gcc/arm-none-eabi/10.2.1/thumb/v6-m/nofp/libgcc.a(_muldi3.o)
                0x0000000008000260                __aeabi_lmul
                0x0000000008000260                __muldi3
 .text          0x00000000080002bc      0x198 /Applications/ARM/bin/../lib/gcc/arm-none-eabi/10.2.1/thumb/v6-m/nofp/libgcc.a(_udivmoddi4.o)
                0x00000000080002bc                __udivmoddi4
 .text          0x0000000008000454       0x3c /Applications/ARM/bin/../lib/gcc/arm-none-eabi/10.2.1/thumb/v6-m/nofp/libgcc.a(_clzsi2.o)
                0x0000000008000454                __clzsi2
 .text          0x0000000008000490       0x18 /Applications/ARM/bin/../lib/gcc/arm-none-eabi/10.2.1/thumb/v6-m/nofp/libgcc.a(_clzdi2.o)
                0x0000000008000490                __clzdi2
 *(.text*)
 .text.epd_command
                0x00000000080004a8       0xa4 CMakeFiles/ece477-epd.elf.dir/Core/Src/epd.c.obj
                0x00000000080004a8                epd_command
 .text.epd_data
                0x000000000800054c       0x38 CMakeFiles/ece477-epd.elf.dir/Core/Src/epd.c.obj
                0x000000000800054c                epd_data
 .text.epd_pCommand
                0x0000000008000584       0x16 CMakeFiles/ece477-epd.elf.dir/Core/Src/epd.c.obj
                0x0000000008000584                epd_pCommand
 .text.epd_busy
                0x000000000800059a        0xc CMakeFiles/ece477-epd.elf.dir/Core/Src/epd.c.obj
                0x000000000800059a                epd_busy
 .text.epd_commandList
                0x00000000080005a6       0x40 CMakeFiles/ece477-epd.elf.dir/Core/Src/epd.c.obj
                0x00000000080005a6                epd_commandList
 *fill*         0x00000000080005e6        0x2 
 .text.epd_update
                0x00000000080005e8       0x30 CMakeFiles/ece477-epd.elf.dir/Core/Src/epd.c.obj
                0x00000000080005e8                epd_update
 .text.epd_powerUp
                0x0000000008000618       0x48 CMakeFiles/ece477-epd.elf.dir/Core/Src/epd.c.obj
                0x0000000008000618                epd_powerUp
 .text.epd_powerDown
                0x0000000008000660       0x40 CMakeFiles/ece477-epd.elf.dir/Core/Src/epd.c.obj
                0x0000000008000660                epd_powerDown
 .text.epd_writeRAMcommand
                0x00000000080006a0       0x22 CMakeFiles/ece477-epd.elf.dir/Core/Src/epd.c.obj
                0x00000000080006a0                epd_writeRAMcommand
 *fill*         0x00000000080006c2        0x2 
 .text.set_black_buffer
                0x00000000080006c4       0x3c CMakeFiles/ece477-epd.elf.dir/Core/Src/epd.c.obj
                0x00000000080006c4                set_black_buffer
 .text.epd_init
                0x0000000008000700       0xb4 CMakeFiles/ece477-epd.elf.dir/Core/Src/epd.c.obj
                0x0000000008000700                epd_init
 .text.clear_buffer
                0x00000000080007b4       0x70 CMakeFiles/ece477-epd.elf.dir/Core/Src/epd.c.obj
                0x00000000080007b4                clear_buffer
 .text.spi_transfer
                0x0000000008000824       0x78 CMakeFiles/ece477-epd.elf.dir/Core/Src/epd.c.obj
                0x0000000008000824                spi_transfer
 .text.write_SRAM_to_epd
                0x000000000800089c       0x88 CMakeFiles/ece477-epd.elf.dir/Core/Src/epd.c.obj
                0x000000000800089c                write_SRAM_to_epd
 .text.write_RAM_to_epd
                0x0000000008000924       0x9c CMakeFiles/ece477-epd.elf.dir/Core/Src/epd.c.obj
                0x0000000008000924                write_RAM_to_epd
 .text.display  0x00000000080009c0       0x5c CMakeFiles/ece477-epd.elf.dir/Core/Src/epd.c.obj
                0x00000000080009c0                display
 .text.draw_pixel
                0x0000000008000a1c      0x13c CMakeFiles/ece477-epd.elf.dir/Core/Src/epd.c.obj
                0x0000000008000a1c                draw_pixel
 .text.set_rotation
                0x0000000008000b58       0x48 CMakeFiles/ece477-epd.elf.dir/Core/Src/epd_gfx.c.obj
                0x0000000008000b58                set_rotation
 .text.set_text_size
                0x0000000008000ba0       0x20 CMakeFiles/ece477-epd.elf.dir/Core/Src/epd_gfx.c.obj
                0x0000000008000ba0                set_text_size
 .text.set_text_scale
                0x0000000008000bc0        0xa CMakeFiles/ece477-epd.elf.dir/Core/Src/epd_gfx.c.obj
                0x0000000008000bc0                set_text_scale
 *fill*         0x0000000008000bca        0x2 
 .text.set_cursor
                0x0000000008000bcc       0x14 CMakeFiles/ece477-epd.elf.dir/Core/Src/epd_gfx.c.obj
                0x0000000008000bcc                set_cursor
 .text.set_x_margin
                0x0000000008000be0        0xc CMakeFiles/ece477-epd.elf.dir/Core/Src/epd_gfx.c.obj
                0x0000000008000be0                set_x_margin
 .text.write_line
                0x0000000008000bec       0xc4 CMakeFiles/ece477-epd.elf.dir/Core/Src/epd_gfx.c.obj
                0x0000000008000bec                write_line
 .text.write_fast_vLine
                0x0000000008000cb0       0x1a CMakeFiles/ece477-epd.elf.dir/Core/Src/epd_gfx.c.obj
                0x0000000008000cb0                write_fast_vLine
 .text.fill_rect
                0x0000000008000cca       0x3c CMakeFiles/ece477-epd.elf.dir/Core/Src/epd_gfx.c.obj
                0x0000000008000cca                fill_rect
 *fill*         0x0000000008000d06        0x2 
 .text.draw_char
                0x0000000008000d08      0x160 CMakeFiles/ece477-epd.elf.dir/Core/Src/epd_gfx.c.obj
                0x0000000008000d08                draw_char
 .text.write    0x0000000008000e68       0xbc CMakeFiles/ece477-epd.elf.dir/Core/Src/epd_gfx.c.obj
                0x0000000008000e68                write
 .text.draw_bitmap
                0x0000000008000f24       0x9a CMakeFiles/ece477-epd.elf.dir/Core/Src/epd_gfx.c.obj
                0x0000000008000f24                draw_bitmap
 .text.printWrite
                0x0000000008000fbe       0x14 CMakeFiles/ece477-epd.elf.dir/Core/Src/epd_gfx.c.obj
                0x0000000008000fbe                printWrite
 .text.printChar
                0x0000000008000fd2        0x8 CMakeFiles/ece477-epd.elf.dir/Core/Src/epd_gfx.c.obj
                0x0000000008000fd2                printChar
 .text.printString
                0x0000000008000fda        0x8 CMakeFiles/ece477-epd.elf.dir/Core/Src/epd_gfx.c.obj
                0x0000000008000fda                printString
 .text.printUnsigned
                0x0000000008000fe2       0x56 CMakeFiles/ece477-epd.elf.dir/Core/Src/epd_gfx.c.obj
                0x0000000008000fe2                printUnsigned
 .text.MX_GPIO_Init
                0x0000000008001038       0xf0 CMakeFiles/ece477-epd.elf.dir/Core/Src/gpio.c.obj
                0x0000000008001038                MX_GPIO_Init
 .text.Error_Handler
                0x0000000008001128        0x4 CMakeFiles/ece477-epd.elf.dir/Core/Src/main.c.obj
                0x0000000008001128                Error_Handler
 .text.SystemClock_Config
                0x000000000800112c       0xa0 CMakeFiles/ece477-epd.elf.dir/Core/Src/main.c.obj
                0x000000000800112c                SystemClock_Config
 .text.main     0x00000000080011cc      0x288 CMakeFiles/ece477-epd.elf.dir/Core/Src/main.c.obj
                0x00000000080011cc                main
 .text.convert  0x0000000008001454       0x3c CMakeFiles/ece477-epd.elf.dir/Core/Src/serial_print.c.obj
                0x0000000008001454                convert
 .text.strlen   0x0000000008001490       0x16 CMakeFiles/ece477-epd.elf.dir/Core/Src/serial_print.c.obj
                0x0000000008001490                strlen
 *fill*         0x00000000080014a6        0x2 
 .text.serial_clear
                0x00000000080014a8       0x2c CMakeFiles/ece477-epd.elf.dir/Core/Src/serial_print.c.obj
                0x00000000080014a8                serial_clear
 .text.serial_print
                0x00000000080014d4       0x1c CMakeFiles/ece477-epd.elf.dir/Core/Src/serial_print.c.obj
                0x00000000080014d4                serial_print
 .text.serial_println
                0x00000000080014f0       0x40 CMakeFiles/ece477-epd.elf.dir/Core/Src/serial_print.c.obj
                0x00000000080014f0                serial_println
 .text.serial_putc
                0x0000000008001530       0x20 CMakeFiles/ece477-epd.elf.dir/Core/Src/serial_print.c.obj
                0x0000000008001530                serial_putc
 .text.serial_printf
                0x0000000008001550       0xc4 CMakeFiles/ece477-epd.elf.dir/Core/Src/serial_print.c.obj
                0x0000000008001550                serial_printf
 .text.MX_SPI1_Init
                0x0000000008001614       0x44 CMakeFiles/ece477-epd.elf.dir/Core/Src/spi.c.obj
                0x0000000008001614                MX_SPI1_Init
 .text.HAL_SPI_MspInit
                0x0000000008001658       0x58 CMakeFiles/ece477-epd.elf.dir/Core/Src/spi.c.obj
                0x0000000008001658                HAL_SPI_MspInit
 .text.sram_csHigh
                0x00000000080016b0       0x12 CMakeFiles/ece477-epd.elf.dir/Core/Src/sram.c.obj
                0x00000000080016b0                sram_csHigh
 .text.sram_csLow
                0x00000000080016c2       0x12 CMakeFiles/ece477-epd.elf.dir/Core/Src/sram.c.obj
                0x00000000080016c2                sram_csLow
 .text.sram_init
                0x00000000080016d4       0x40 CMakeFiles/ece477-epd.elf.dir/Core/Src/sram.c.obj
                0x00000000080016d4                sram_init
 .text.sram_write
                0x0000000008001714       0x70 CMakeFiles/ece477-epd.elf.dir/Core/Src/sram.c.obj
                0x0000000008001714                sram_write
 .text.sram_read
                0x0000000008001784       0x68 CMakeFiles/ece477-epd.elf.dir/Core/Src/sram.c.obj
                0x0000000008001784                sram_read
 .text.sram_read8
                0x00000000080017ec       0x18 CMakeFiles/ece477-epd.elf.dir/Core/Src/sram.c.obj
                0x00000000080017ec                sram_read8
 .text.sram_write8
                0x0000000008001804       0x18 CMakeFiles/ece477-epd.elf.dir/Core/Src/sram.c.obj
                0x0000000008001804                sram_write8
 .text.sram_erase
                0x000000000800181c       0x64 CMakeFiles/ece477-epd.elf.dir/Core/Src/sram.c.obj
                0x000000000800181c                sram_erase
 .text.HAL_MspInit
                0x0000000008001880       0x1c CMakeFiles/ece477-epd.elf.dir/Core/Src/stm32l0xx_hal_msp.c.obj
                0x0000000008001880                HAL_MspInit
 .text.NMI_Handler
                0x000000000800189c        0x2 CMakeFiles/ece477-epd.elf.dir/Core/Src/stm32l0xx_it.c.obj
                0x000000000800189c                NMI_Handler
 .text.HardFault_Handler
                0x000000000800189e        0x2 CMakeFiles/ece477-epd.elf.dir/Core/Src/stm32l0xx_it.c.obj
                0x000000000800189e                HardFault_Handler
 .text.SVC_Handler
                0x00000000080018a0        0x2 CMakeFiles/ece477-epd.elf.dir/Core/Src/stm32l0xx_it.c.obj
                0x00000000080018a0                SVC_Handler
 .text.PendSV_Handler
                0x00000000080018a2        0x2 CMakeFiles/ece477-epd.elf.dir/Core/Src/stm32l0xx_it.c.obj
                0x00000000080018a2                PendSV_Handler
 .text.SysTick_Handler
                0x00000000080018a4        0x8 CMakeFiles/ece477-epd.elf.dir/Core/Src/stm32l0xx_it.c.obj
                0x00000000080018a4                SysTick_Handler
 .text._sbrk    0x00000000080018ac       0x48 CMakeFiles/ece477-epd.elf.dir/Core/Src/sysmem.c.obj
                0x00000000080018ac                _sbrk
 .text.SystemInit
                0x00000000080018f4        0x2 CMakeFiles/ece477-epd.elf.dir/Core/Src/system_stm32l0xx.c.obj
                0x00000000080018f4                SystemInit
 *fill*         0x00000000080018f6        0x2 
 .text.MX_USART2_UART_Init
                0x00000000080018f8       0x3c CMakeFiles/ece477-epd.elf.dir/Core/Src/usart.c.obj
                0x00000000080018f8                MX_USART2_UART_Init
 .text.HAL_UART_MspInit
                0x0000000008001934       0x5c CMakeFiles/ece477-epd.elf.dir/Core/Src/usart.c.obj
                0x0000000008001934                HAL_UART_MspInit
 .text.Reset_Handler
                0x0000000008001990       0x50 CMakeFiles/ece477-epd.elf.dir/Core/Startup/startup_stm32l053r8tx.s.obj
                0x0000000008001990                Reset_Handler
 .text.Default_Handler
                0x00000000080019e0        0x2 CMakeFiles/ece477-epd.elf.dir/Core/Startup/startup_stm32l053r8tx.s.obj
                0x00000000080019e0                LPTIM1_IRQHandler
                0x00000000080019e0                ADC1_COMP_IRQHandler
                0x00000000080019e0                PVD_IRQHandler
                0x00000000080019e0                I2C1_IRQHandler
                0x00000000080019e0                RCC_CRS_IRQHandler
                0x00000000080019e0                SPI1_IRQHandler
                0x00000000080019e0                TIM6_DAC_IRQHandler
                0x00000000080019e0                EXTI2_3_IRQHandler
                0x00000000080019e0                I2C2_IRQHandler
                0x00000000080019e0                RTC_IRQHandler
                0x00000000080019e0                LCD_IRQHandler
                0x00000000080019e0                DMA1_Channel4_5_6_7_IRQHandler
                0x00000000080019e0                EXTI4_15_IRQHandler
                0x00000000080019e0                DMA1_Channel1_IRQHandler
                0x00000000080019e0                Default_Handler
                0x00000000080019e0                TIM22_IRQHandler
                0x00000000080019e0                EXTI0_1_IRQHandler
                0x00000000080019e0                USB_IRQHandler
                0x00000000080019e0                SPI2_IRQHandler
                0x00000000080019e0                TIM21_IRQHandler
                0x00000000080019e0                WWDG_IRQHandler
                0x00000000080019e0                TIM2_IRQHandler
                0x00000000080019e0                DMA1_Channel2_3_IRQHandler
                0x00000000080019e0                USART2_IRQHandler
                0x00000000080019e0                FLASH_IRQHandler
                0x00000000080019e0                USART1_IRQHandler
                0x00000000080019e0                RNG_LPUART1_IRQHandler
                0x00000000080019e0                TSC_IRQHandler
 *fill*         0x00000000080019e2        0x2 
 .text.HAL_InitTick
                0x00000000080019e4       0x50 CMakeFiles/ece477-epd.elf.dir/Drivers/STM32L0xx_HAL_Driver/Src/stm32l0xx_hal.c.obj
                0x00000000080019e4                HAL_InitTick
 .text.HAL_Init
                0x0000000008001a34       0x28 CMakeFiles/ece477-epd.elf.dir/Drivers/STM32L0xx_HAL_Driver/Src/stm32l0xx_hal.c.obj
                0x0000000008001a34                HAL_Init
 .text.HAL_IncTick
                0x0000000008001a5c       0x18 CMakeFiles/ece477-epd.elf.dir/Drivers/STM32L0xx_HAL_Driver/Src/stm32l0xx_hal.c.obj
                0x0000000008001a5c                HAL_IncTick
 .text.HAL_GetTick
                0x0000000008001a74        0xc CMakeFiles/ece477-epd.elf.dir/Drivers/STM32L0xx_HAL_Driver/Src/stm32l0xx_hal.c.obj
                0x0000000008001a74                HAL_GetTick
 .text.HAL_Delay
                0x0000000008001a80       0x24 CMakeFiles/ece477-epd.elf.dir/Drivers/STM32L0xx_HAL_Driver/Src/stm32l0xx_hal.c.obj
                0x0000000008001a80                HAL_Delay
 .text.HAL_NVIC_SetPriority
                0x0000000008001aa4       0x60 CMakeFiles/ece477-epd.elf.dir/Drivers/STM32L0xx_HAL_Driver/Src/stm32l0xx_hal_cortex.c.obj
                0x0000000008001aa4                HAL_NVIC_SetPriority
 .text.HAL_SYSTICK_Config
                0x0000000008001b04       0x38 CMakeFiles/ece477-epd.elf.dir/Drivers/STM32L0xx_HAL_Driver/Src/stm32l0xx_hal_cortex.c.obj
                0x0000000008001b04                HAL_SYSTICK_Config
 .text.HAL_GPIO_Init
                0x0000000008001b3c      0x194 CMakeFiles/ece477-epd.elf.dir/Drivers/STM32L0xx_HAL_Driver/Src/stm32l0xx_hal_gpio.c.obj
                0x0000000008001b3c                HAL_GPIO_Init
 .text.HAL_GPIO_WritePin
                0x0000000008001cd0        0xc CMakeFiles/ece477-epd.elf.dir/Drivers/STM32L0xx_HAL_Driver/Src/stm32l0xx_hal_gpio.c.obj
                0x0000000008001cd0                HAL_GPIO_WritePin
 .text.HAL_RCC_GetSysClockFreq
                0x0000000008001cdc       0xb0 CMakeFiles/ece477-epd.elf.dir/Drivers/STM32L0xx_HAL_Driver/Src/stm32l0xx_hal_rcc.c.obj
                0x0000000008001cdc                HAL_RCC_GetSysClockFreq
 .text.HAL_RCC_OscConfig
                0x0000000008001d8c      0x588 CMakeFiles/ece477-epd.elf.dir/Drivers/STM32L0xx_HAL_Driver/Src/stm32l0xx_hal_rcc.c.obj
                0x0000000008001d8c                HAL_RCC_OscConfig
 .text.HAL_RCC_ClockConfig
                0x0000000008002314      0x1d8 CMakeFiles/ece477-epd.elf.dir/Drivers/STM32L0xx_HAL_Driver/Src/stm32l0xx_hal_rcc.c.obj
                0x0000000008002314                HAL_RCC_ClockConfig
 .text.HAL_RCC_GetHCLKFreq
                0x00000000080024ec        0xc CMakeFiles/ece477-epd.elf.dir/Drivers/STM32L0xx_HAL_Driver/Src/stm32l0xx_hal_rcc.c.obj
                0x00000000080024ec                HAL_RCC_GetHCLKFreq
 .text.HAL_RCC_GetPCLK1Freq
                0x00000000080024f8       0x20 CMakeFiles/ece477-epd.elf.dir/Drivers/STM32L0xx_HAL_Driver/Src/stm32l0xx_hal_rcc.c.obj
                0x00000000080024f8                HAL_RCC_GetPCLK1Freq
 .text.HAL_RCC_GetPCLK2Freq
                0x0000000008002518       0x20 CMakeFiles/ece477-epd.elf.dir/Drivers/STM32L0xx_HAL_Driver/Src/stm32l0xx_hal_rcc.c.obj
                0x0000000008002518                HAL_RCC_GetPCLK2Freq
 .text.HAL_RCCEx_PeriphCLKConfig
                0x0000000008002538      0x1f8 CMakeFiles/ece477-epd.elf.dir/Drivers/STM32L0xx_HAL_Driver/Src/stm32l0xx_hal_rcc_ex.c.obj
                0x0000000008002538                HAL_RCCEx_PeriphCLKConfig
 .text.SPI_WaitFlagStateUntilTimeout
                0x0000000008002730       0xe8 CMakeFiles/ece477-epd.elf.dir/Drivers/STM32L0xx_HAL_Driver/Src/stm32l0xx_hal_spi.c.obj
 .text.SPI_EndRxTxTransaction
                0x0000000008002818       0x70 CMakeFiles/ece477-epd.elf.dir/Drivers/STM32L0xx_HAL_Driver/Src/stm32l0xx_hal_spi.c.obj
 .text.SPI_EndRxTransaction
                0x0000000008002888       0x9c CMakeFiles/ece477-epd.elf.dir/Drivers/STM32L0xx_HAL_Driver/Src/stm32l0xx_hal_spi.c.obj
 .text.HAL_SPI_Init
                0x0000000008002924       0xcc CMakeFiles/ece477-epd.elf.dir/Drivers/STM32L0xx_HAL_Driver/Src/stm32l0xx_hal_spi.c.obj
                0x0000000008002924                HAL_SPI_Init
 .text.HAL_SPI_Transmit
                0x00000000080029f0      0x1ae CMakeFiles/ece477-epd.elf.dir/Drivers/STM32L0xx_HAL_Driver/Src/stm32l0xx_hal_spi.c.obj
                0x00000000080029f0                HAL_SPI_Transmit
 .text.HAL_SPI_TransmitReceive
                0x0000000008002b9e      0x22e CMakeFiles/ece477-epd.elf.dir/Drivers/STM32L0xx_HAL_Driver/Src/stm32l0xx_hal_spi.c.obj
                0x0000000008002b9e                HAL_SPI_TransmitReceive
 .text.HAL_SPI_Receive
                0x0000000008002dcc      0x178 CMakeFiles/ece477-epd.elf.dir/Drivers/STM32L0xx_HAL_Driver/Src/stm32l0xx_hal_spi.c.obj
                0x0000000008002dcc                HAL_SPI_Receive
 .text.UART_SetConfig
                0x0000000008002f44      0x2a8 CMakeFiles/ece477-epd.elf.dir/Drivers/STM32L0xx_HAL_Driver/Src/stm32l0xx_hal_uart.c.obj
                0x0000000008002f44                UART_SetConfig
 .text.UART_AdvFeatureConfig
                0x00000000080031ec       0xe0 CMakeFiles/ece477-epd.elf.dir/Drivers/STM32L0xx_HAL_Driver/Src/stm32l0xx_hal_uart.c.obj
                0x00000000080031ec                UART_AdvFeatureConfig
 .text.UART_WaitOnFlagUntilTimeout
                0x00000000080032cc       0xb0 CMakeFiles/ece477-epd.elf.dir/Drivers/STM32L0xx_HAL_Driver/Src/stm32l0xx_hal_uart.c.obj
                0x00000000080032cc                UART_WaitOnFlagUntilTimeout
 .text.HAL_UART_Transmit
                0x000000000800337c      0x102 CMakeFiles/ece477-epd.elf.dir/Drivers/STM32L0xx_HAL_Driver/Src/stm32l0xx_hal_uart.c.obj
                0x000000000800337c                HAL_UART_Transmit
 *fill*         0x000000000800347e        0x2 
 .text.UART_CheckIdleState
                0x0000000008003480       0x70 CMakeFiles/ece477-epd.elf.dir/Drivers/STM32L0xx_HAL_Driver/Src/stm32l0xx_hal_uart.c.obj
                0x0000000008003480                UART_CheckIdleState
 .text.HAL_UART_Init
                0x00000000080034f0       0x6c CMakeFiles/ece477-epd.elf.dir/Drivers/STM32L0xx_HAL_Driver/Src/stm32l0xx_hal_uart.c.obj
                0x00000000080034f0                HAL_UART_Init
 .text.__errno  0x000000000800355c        0xc /Applications/ARM/bin/../lib/gcc/arm-none-eabi/10.2.1/../../../../arm-none-eabi/lib/thumb/v6-m/nofp/libg.a(lib_a-errno.o)
                0x000000000800355c                __errno
 .text.__libc_init_array
                0x0000000008003568       0x44 /Applications/ARM/bin/../lib/gcc/arm-none-eabi/10.2.1/../../../../arm-none-eabi/lib/thumb/v6-m/nofp/libg.a(lib_a-init.o)
                0x0000000008003568                __libc_init_array
 .text.malloc   0x00000000080035ac       0x14 /Applications/ARM/bin/../lib/gcc/arm-none-eabi/10.2.1/../../../../arm-none-eabi/lib/thumb/v6-m/nofp/libg.a(lib_a-malloc.o)
                0x00000000080035ac                malloc
 .text._malloc_r
                0x00000000080035c0      0x580 /Applications/ARM/bin/../lib/gcc/arm-none-eabi/10.2.1/../../../../arm-none-eabi/lib/thumb/v6-m/nofp/libg.a(lib_a-mallocr.o)
                0x00000000080035c0                _malloc_r
 .text.memset   0x0000000008003b40       0xa8 /Applications/ARM/bin/../lib/gcc/arm-none-eabi/10.2.1/../../../../arm-none-eabi/lib/thumb/v6-m/nofp/libg.a(lib_a-memset.o)
                0x0000000008003b40                memset
 .text.__malloc_lock
                0x0000000008003be8       0x10 /Applications/ARM/bin/../lib/gcc/arm-none-eabi/10.2.1/../../../../arm-none-eabi/lib/thumb/v6-m/nofp/libg.a(lib_a-mlock.o)
                0x0000000008003be8                __malloc_lock
 .text.__malloc_unlock
                0x0000000008003bf8       0x10 /Applications/ARM/bin/../lib/gcc/arm-none-eabi/10.2.1/../../../../arm-none-eabi/lib/thumb/v6-m/nofp/libg.a(lib_a-mlock.o)
                0x0000000008003bf8                __malloc_unlock
 .text._sbrk_r  0x0000000008003c08       0x24 /Applications/ARM/bin/../lib/gcc/arm-none-eabi/10.2.1/../../../../arm-none-eabi/lib/thumb/v6-m/nofp/libg.a(lib_a-sbrkr.o)
                0x0000000008003c08                _sbrk_r
 .text.startup.register_fini
                0x0000000008003c2c       0x18 /Applications/ARM/bin/../lib/gcc/arm-none-eabi/10.2.1/../../../../arm-none-eabi/lib/thumb/v6-m/nofp/libg.a(lib_a-__call_atexit.o)
 .text.atexit   0x0000000008003c44       0x10 /Applications/ARM/bin/../lib/gcc/arm-none-eabi/10.2.1/../../../../arm-none-eabi/lib/thumb/v6-m/nofp/libg.a(lib_a-atexit.o)
                0x0000000008003c44                atexit
 .text.__libc_fini_array
                0x0000000008003c54       0x28 /Applications/ARM/bin/../lib/gcc/arm-none-eabi/10.2.1/../../../../arm-none-eabi/lib/thumb/v6-m/nofp/libg.a(lib_a-fini.o)
                0x0000000008003c54                __libc_fini_array
 .text._malloc_trim_r
                0x0000000008003c7c       0x9c /Applications/ARM/bin/../lib/gcc/arm-none-eabi/10.2.1/../../../../arm-none-eabi/lib/thumb/v6-m/nofp/libg.a(lib_a-freer.o)
                0x0000000008003c7c                _malloc_trim_r
 .text._free_r  0x0000000008003d18      0x1c4 /Applications/ARM/bin/../lib/gcc/arm-none-eabi/10.2.1/../../../../arm-none-eabi/lib/thumb/v6-m/nofp/libg.a(lib_a-freer.o)
                0x0000000008003d18                _free_r
 .text.__retarget_lock_acquire_recursive
                0x0000000008003edc        0x4 /Applications/ARM/bin/../lib/gcc/arm-none-eabi/10.2.1/../../../../arm-none-eabi/lib/thumb/v6-m/nofp/libg.a(lib_a-lock.o)
                0x0000000008003edc                __retarget_lock_acquire_recursive
 .text.__retarget_lock_release_recursive
                0x0000000008003ee0        0x4 /Applications/ARM/bin/../lib/gcc/arm-none-eabi/10.2.1/../../../../arm-none-eabi/lib/thumb/v6-m/nofp/libg.a(lib_a-lock.o)
                0x0000000008003ee0                __retarget_lock_release_recursive
 .text.__register_exitproc
                0x0000000008003ee4       0xac /Applications/ARM/bin/../lib/gcc/arm-none-eabi/10.2.1/../../../../arm-none-eabi/lib/thumb/v6-m/nofp/libg.a(lib_a-__atexit.o)
                0x0000000008003ee4                __register_exitproc
 *(.glue_7)
 .glue_7        0x0000000008003f90        0x0 linker stubs
 *(.glue_7t)
 .glue_7t       0x0000000008003f90        0x0 linker stubs
 *(.eh_frame)
 .eh_frame      0x0000000008003f90        0x0 /Applications/ARM/bin/../lib/gcc/arm-none-eabi/10.2.1/thumb/v6-m/nofp/crtbegin.o
 *(.init)
 .init          0x0000000008003f90        0x4 /Applications/ARM/bin/../lib/gcc/arm-none-eabi/10.2.1/thumb/v6-m/nofp/crti.o
                0x0000000008003f90                _init
 .init          0x0000000008003f94        0x8 /Applications/ARM/bin/../lib/gcc/arm-none-eabi/10.2.1/thumb/v6-m/nofp/crtn.o
 *(.fini)
 .fini          0x0000000008003f9c        0x4 /Applications/ARM/bin/../lib/gcc/arm-none-eabi/10.2.1/thumb/v6-m/nofp/crti.o
                0x0000000008003f9c                _fini
 .fini          0x0000000008003fa0        0x8 /Applications/ARM/bin/../lib/gcc/arm-none-eabi/10.2.1/thumb/v6-m/nofp/crtn.o
                0x0000000008003fa8                . = ALIGN (0x4)
                0x0000000008003fa8                _etext = .

.vfp11_veneer   0x0000000008003fa8        0x0
 .vfp11_veneer  0x0000000008003fa8        0x0 linker stubs

.v4_bx          0x0000000008003fa8        0x0
 .v4_bx         0x0000000008003fa8        0x0 linker stubs

.iplt           0x0000000008003fa8        0x0
 .iplt          0x0000000008003fa8        0x0 /Applications/ARM/bin/../lib/gcc/arm-none-eabi/10.2.1/thumb/v6-m/nofp/crtbegin.o

.rodata         0x0000000008003fa8     0x209c
                0x0000000008003fa8                . = ALIGN (0x4)
 *(.rodata)
 *(.rodata*)
 .rodata.epd_command.str1.4
                0x0000000008003fa8       0xad CMakeFiles/ece477-epd.elf.dir/Core/Src/epd.c.obj
 .rodata.spi_transfer.str1.4
                0x0000000008004055       0xad CMakeFiles/ece477-epd.elf.dir/Core/Src/epd.c.obj
                                          0x1 (size before relaxing)
 *fill*         0x0000000008004055        0x3 
 .rodata.write_SRAM_to_epd.str1.4
                0x0000000008004058        0xf CMakeFiles/ece477-epd.elf.dir/Core/Src/epd.c.obj
 *fill*         0x0000000008004067        0x1 
 .rodata.draw_pixel.str1.4
                0x0000000008004068       0x1b CMakeFiles/ece477-epd.elf.dir/Core/Src/epd.c.obj
 *fill*         0x0000000008004083        0x1 
 .rodata.ti_270c44_tri_init_code
                0x0000000008004084       0x1c CMakeFiles/ece477-epd.elf.dir/Core/Src/epd.c.obj
 .rodata.draw_char.str1.4
                0x00000000080040a0        0xe CMakeFiles/ece477-epd.elf.dir/Core/Src/epd_gfx.c.obj
 *fill*         0x00000000080040ae        0x2 
 .rodata.font   0x00000000080040b0      0x500 CMakeFiles/ece477-epd.elf.dir/Core/Src/epd_gfx.c.obj
 .rodata.main.str1.4
                0x00000000080045b0      0x2f7 CMakeFiles/ece477-epd.elf.dir/Core/Src/main.c.obj
 *fill*         0x00000000080048a7        0x1 
 .rodata.apple  0x00000000080048a8     0x16b0 CMakeFiles/ece477-epd.elf.dir/Core/Src/main.c.obj
 .rodata.serial_clear.str1.4
                0x0000000008005f58        0x8 CMakeFiles/ece477-epd.elf.dir/Core/Src/serial_print.c.obj
 .rodata.serial_println.str1.4
                0x0000000008005f60        0x3 CMakeFiles/ece477-epd.elf.dir/Core/Src/serial_print.c.obj
 *fill*         0x0000000008005f63        0x1 
 .rodata.serial_printf.str1.4
                0x0000000008005f64        0x2 CMakeFiles/ece477-epd.elf.dir/Core/Src/serial_print.c.obj
 *fill*         0x0000000008005f66        0x2 
 .rodata.serial_printf
                0x0000000008005f68       0x58 CMakeFiles/ece477-epd.elf.dir/Core/Src/serial_print.c.obj
 .rodata.Representation.0
                0x0000000008005fc0       0x11 CMakeFiles/ece477-epd.elf.dir/Core/Src/serial_print.c.obj
 *fill*         0x0000000008005fd1        0x3 
 .rodata.AHBPrescTable
                0x0000000008005fd4       0x10 CMakeFiles/ece477-epd.elf.dir/Core/Src/system_stm32l0xx.c.obj
                0x0000000008005fd4                AHBPrescTable
 .rodata.APBPrescTable
                0x0000000008005fe4        0x8 CMakeFiles/ece477-epd.elf.dir/Core/Src/system_stm32l0xx.c.obj
                0x0000000008005fe4                APBPrescTable
 .rodata.PLLMulTable
                0x0000000008005fec        0x9 CMakeFiles/ece477-epd.elf.dir/Core/Src/system_stm32l0xx.c.obj
                0x0000000008005fec                PLLMulTable
 *fill*         0x0000000008005ff5        0x3 
 .rodata.UART_SetConfig
                0x0000000008005ff8       0x48 CMakeFiles/ece477-epd.elf.dir/Drivers/STM32L0xx_HAL_Driver/Src/stm32l0xx_hal_uart.c.obj
 .rodata._global_impure_ptr
                0x0000000008006040        0x4 /Applications/ARM/bin/../lib/gcc/arm-none-eabi/10.2.1/../../../../arm-none-eabi/lib/thumb/v6-m/nofp/libg.a(lib_a-impure.o)
                0x0000000008006040                _global_impure_ptr
                0x0000000008006044                . = ALIGN (0x4)

.ARM.extab      0x0000000008006044        0x0
                0x0000000008006044                . = ALIGN (0x4)
 *(.ARM.extab* .gnu.linkonce.armextab.*)
                0x0000000008006044                . = ALIGN (0x4)

.ARM            0x0000000008006044        0x8
                0x0000000008006044                . = ALIGN (0x4)
                0x0000000008006044                __exidx_start = .
 *(.ARM.exidx*)
 .ARM.exidx     0x0000000008006044        0x8 /Applications/ARM/bin/../lib/gcc/arm-none-eabi/10.2.1/thumb/v6-m/nofp/libgcc.a(_udivmoddi4.o)
                0x000000000800604c                __exidx_end = .
                0x000000000800604c                . = ALIGN (0x4)

.rel.dyn        0x000000000800604c        0x0
 .rel.iplt      0x000000000800604c        0x0 /Applications/ARM/bin/../lib/gcc/arm-none-eabi/10.2.1/thumb/v6-m/nofp/crtbegin.o

.preinit_array  0x000000000800604c        0x0
                0x000000000800604c                . = ALIGN (0x4)
                0x000000000800604c                PROVIDE (__preinit_array_start = .)
 *(.preinit_array*)
                0x000000000800604c                PROVIDE (__preinit_array_end = .)
                0x000000000800604c                . = ALIGN (0x4)

.init_array     0x000000000800604c        0x8
                0x000000000800604c                . = ALIGN (0x4)
                0x000000000800604c                PROVIDE (__init_array_start = .)
 *(SORT_BY_NAME(.init_array.*))
 .init_array.00000
                0x000000000800604c        0x4 /Applications/ARM/bin/../lib/gcc/arm-none-eabi/10.2.1/../../../../arm-none-eabi/lib/thumb/v6-m/nofp/libg.a(lib_a-__call_atexit.o)
 *(.init_array*)
 .init_array    0x0000000008006050        0x4 /Applications/ARM/bin/../lib/gcc/arm-none-eabi/10.2.1/thumb/v6-m/nofp/crtbegin.o
                0x0000000008006054                PROVIDE (__init_array_end = .)
                0x0000000008006054                . = ALIGN (0x4)

.fini_array     0x0000000008006054        0x4
                0x0000000008006054                . = ALIGN (0x4)
                0x0000000008006054                PROVIDE (__fini_array_start = .)
 *(SORT_BY_NAME(.fini_array.*))
 *(.fini_array*)
 .fini_array    0x0000000008006054        0x4 /Applications/ARM/bin/../lib/gcc/arm-none-eabi/10.2.1/thumb/v6-m/nofp/crtbegin.o
                0x0000000008006058                PROVIDE (__fini_array_end = .)
                0x0000000008006058                . = ALIGN (0x4)
                0x0000000008006058                _sidata = LOADADDR (.data)

.data           0x0000000020000000      0x854 load address 0x0000000008006058
                0x0000000020000000                . = ALIGN (0x4)
                0x0000000020000000                _sdata = .
 *(.data)
 *(.data*)
 .data.use_sram
                0x0000000020000000        0x1 CMakeFiles/ece477-epd.elf.dir/Core/Src/epd.c.obj
                0x0000000020000000                use_sram
 *fill*         0x0000000020000001        0x1 
 .data.text_color
                0x0000000020000002        0x2 CMakeFiles/ece477-epd.elf.dir/Core/Src/epd_gfx.c.obj
                0x0000000020000002                text_color
 .data.textsize_x
                0x0000000020000004        0x1 CMakeFiles/ece477-epd.elf.dir/Core/Src/epd_gfx.c.obj
                0x0000000020000004                textsize_x
 .data.textsize_y
                0x0000000020000005        0x1 CMakeFiles/ece477-epd.elf.dir/Core/Src/epd_gfx.c.obj
                0x0000000020000005                textsize_y
 *fill*         0x0000000020000006        0x2 
 .data.SystemCoreClock
                0x0000000020000008        0x4 CMakeFiles/ece477-epd.elf.dir/Core/Src/system_stm32l0xx.c.obj
                0x0000000020000008                SystemCoreClock
 .data.uwTickFreq
                0x000000002000000c        0x1 CMakeFiles/ece477-epd.elf.dir/Drivers/STM32L0xx_HAL_Driver/Src/stm32l0xx_hal.c.obj
                0x000000002000000c                uwTickFreq
 *fill*         0x000000002000000d        0x3 
 .data.uwTickPrio
                0x0000000020000010        0x4 CMakeFiles/ece477-epd.elf.dir/Drivers/STM32L0xx_HAL_Driver/Src/stm32l0xx_hal.c.obj
                0x0000000020000010                uwTickPrio
 .data._impure_ptr
                0x0000000020000014        0x4 /Applications/ARM/bin/../lib/gcc/arm-none-eabi/10.2.1/../../../../arm-none-eabi/lib/thumb/v6-m/nofp/libg.a(lib_a-impure.o)
                0x0000000020000014                _impure_ptr
 .data.impure_data
                0x0000000020000018      0x428 /Applications/ARM/bin/../lib/gcc/arm-none-eabi/10.2.1/../../../../arm-none-eabi/lib/thumb/v6-m/nofp/libg.a(lib_a-impure.o)
 .data.__malloc_av_
                0x0000000020000440      0x408 /Applications/ARM/bin/../lib/gcc/arm-none-eabi/10.2.1/../../../../arm-none-eabi/lib/thumb/v6-m/nofp/libg.a(lib_a-mallocr.o)
                0x0000000020000440                __malloc_av_
 .data.__malloc_sbrk_base
                0x0000000020000848        0x4 /Applications/ARM/bin/../lib/gcc/arm-none-eabi/10.2.1/../../../../arm-none-eabi/lib/thumb/v6-m/nofp/libg.a(lib_a-mallocr.o)
                0x0000000020000848                __malloc_sbrk_base
 .data.__malloc_trim_threshold
                0x000000002000084c        0x4 /Applications/ARM/bin/../lib/gcc/arm-none-eabi/10.2.1/../../../../arm-none-eabi/lib/thumb/v6-m/nofp/libg.a(lib_a-mallocr.o)
                0x000000002000084c                __malloc_trim_threshold
 .data.__atexit_recursive_mutex
                0x0000000020000850        0x4 /Applications/ARM/bin/../lib/gcc/arm-none-eabi/10.2.1/../../../../arm-none-eabi/lib/thumb/v6-m/nofp/libg.a(lib_a-__call_atexit.o)
                0x0000000020000850                __atexit_recursive_mutex
 *(.RamFunc)
 *(.RamFunc*)
                0x0000000020000854                . = ALIGN (0x4)
                0x0000000020000854                _edata = .

.igot.plt       0x0000000020000854        0x0 load address 0x00000000080068ac
 .igot.plt      0x0000000020000854        0x0 /Applications/ARM/bin/../lib/gcc/arm-none-eabi/10.2.1/thumb/v6-m/nofp/crtbegin.o
                0x0000000020000854                . = ALIGN (0x4)

.bss            0x0000000020000854      0x1a8 load address 0x00000000080068ac
                0x0000000020000854                _sbss = .
                0x0000000020000854                __bss_start__ = _sbss
 *(.bss)
 .bss           0x0000000020000854       0x1c /Applications/ARM/bin/../lib/gcc/arm-none-eabi/10.2.1/thumb/v6-m/nofp/crtbegin.o
 *(.bss*)
 .bss.black_buffer
                0x0000000020000870        0x4 CMakeFiles/ece477-epd.elf.dir/Core/Src/epd.c.obj
                0x0000000020000870                black_buffer
 .bss.black_buffer_addr
                0x0000000020000874        0x2 CMakeFiles/ece477-epd.elf.dir/Core/Src/epd.c.obj
                0x0000000020000874                black_buffer_addr
 .bss.black_buffer_inverted
                0x0000000020000876        0x1 CMakeFiles/ece477-epd.elf.dir/Core/Src/epd.c.obj
                0x0000000020000876                black_buffer_inverted
 *fill*         0x0000000020000877        0x1 
 .bss.buffer1   0x0000000020000878        0x4 CMakeFiles/ece477-epd.elf.dir/Core/Src/epd.c.obj
                0x0000000020000878                buffer1
 .bss.buffer1_addr
                0x000000002000087c        0x2 CMakeFiles/ece477-epd.elf.dir/Core/Src/epd.c.obj
                0x000000002000087c                buffer1_addr
 *fill*         0x000000002000087e        0x2 
 .bss.buffer1_size
                0x0000000020000880        0x4 CMakeFiles/ece477-epd.elf.dir/Core/Src/epd.c.obj
                0x0000000020000880                buffer1_size
 .bss.epd_init_code
                0x0000000020000884        0x4 CMakeFiles/ece477-epd.elf.dir/Core/Src/epd.c.obj
                0x0000000020000884                epd_init_code
 .bss.height    0x0000000020000888        0x2 CMakeFiles/ece477-epd.elf.dir/Core/Src/epd.c.obj
                0x0000000020000888                height
 *fill*         0x000000002000088a        0x2 
 .bss.layer_colors
                0x000000002000088c        0x6 CMakeFiles/ece477-epd.elf.dir/Core/Src/epd.c.obj
                0x000000002000088c                layer_colors
 .bss.partials_since_last_full_update
                0x0000000020000892        0x1 CMakeFiles/ece477-epd.elf.dir/Core/Src/epd.c.obj
                0x0000000020000892                partials_since_last_full_update
 .bss.rotation  0x0000000020000893        0x1 CMakeFiles/ece477-epd.elf.dir/Core/Src/epd.c.obj
                0x0000000020000893                rotation
 .bss.single_byte_tx
                0x0000000020000894        0x1 CMakeFiles/ece477-epd.elf.dir/Core/Src/epd.c.obj
                0x0000000020000894                single_byte_tx
 .bss.use_busy  0x0000000020000895        0x1 CMakeFiles/ece477-epd.elf.dir/Core/Src/epd.c.obj
                0x0000000020000895                use_busy
 .bss.use_nrst  0x0000000020000896        0x1 CMakeFiles/ece477-epd.elf.dir/Core/Src/epd.c.obj
                0x0000000020000896                use_nrst
 *fill*         0x0000000020000897        0x1 
 .bss.width     0x0000000020000898        0x2 CMakeFiles/ece477-epd.elf.dir/Core/Src/epd.c.obj
                0x0000000020000898                width
 .bss.cursor_x  0x000000002000089a        0x2 CMakeFiles/ece477-epd.elf.dir/Core/Src/epd_gfx.c.obj
                0x000000002000089a                cursor_x
 .bss.cursor_y  0x000000002000089c        0x2 CMakeFiles/ece477-epd.elf.dir/Core/Src/epd_gfx.c.obj
                0x000000002000089c                cursor_y
 .bss.margin_x  0x000000002000089e        0x1 CMakeFiles/ece477-epd.elf.dir/Core/Src/epd_gfx.c.obj
                0x000000002000089e                margin_x
 *fill*         0x000000002000089f        0x1 
 .bss.text_bg_color
                0x00000000200008a0        0x2 CMakeFiles/ece477-epd.elf.dir/Core/Src/epd_gfx.c.obj
                0x00000000200008a0                text_bg_color
 .bss.wrap      0x00000000200008a2        0x1 CMakeFiles/ece477-epd.elf.dir/Core/Src/epd_gfx.c.obj
                0x00000000200008a2                wrap
 *fill*         0x00000000200008a3        0x1 
 .bss.buffer.1  0x00000000200008a4       0x32 CMakeFiles/ece477-epd.elf.dir/Core/Src/serial_print.c.obj
 *fill*         0x00000000200008d6        0x2 
 .bss.hspi1     0x00000000200008d8       0x58 CMakeFiles/ece477-epd.elf.dir/Core/Src/spi.c.obj
                0x00000000200008d8                hspi1
 .bss.__sbrk_heap_end
                0x0000000020000930        0x4 CMakeFiles/ece477-epd.elf.dir/Core/Src/sysmem.c.obj
 .bss.huart2    0x0000000020000934       0x84 CMakeFiles/ece477-epd.elf.dir/Core/Src/usart.c.obj
                0x0000000020000934                huart2
 .bss.uwTick    0x00000000200009b8        0x4 CMakeFiles/ece477-epd.elf.dir/Drivers/STM32L0xx_HAL_Driver/Src/stm32l0xx_hal.c.obj
                0x00000000200009b8                uwTick
 .bss.__malloc_current_mallinfo
                0x00000000200009bc       0x28 /Applications/ARM/bin/../lib/gcc/arm-none-eabi/10.2.1/../../../../arm-none-eabi/lib/thumb/v6-m/nofp/libg.a(lib_a-mallocr.o)
                0x00000000200009bc                __malloc_current_mallinfo
 .bss.__malloc_max_sbrked_mem
                0x00000000200009e4        0x4 /Applications/ARM/bin/../lib/gcc/arm-none-eabi/10.2.1/../../../../arm-none-eabi/lib/thumb/v6-m/nofp/libg.a(lib_a-mallocr.o)
                0x00000000200009e4                __malloc_max_sbrked_mem
 .bss.__malloc_max_total_mem
                0x00000000200009e8        0x4 /Applications/ARM/bin/../lib/gcc/arm-none-eabi/10.2.1/../../../../arm-none-eabi/lib/thumb/v6-m/nofp/libg.a(lib_a-mallocr.o)
                0x00000000200009e8                __malloc_max_total_mem
 .bss.__malloc_top_pad
                0x00000000200009ec        0x4 /Applications/ARM/bin/../lib/gcc/arm-none-eabi/10.2.1/../../../../arm-none-eabi/lib/thumb/v6-m/nofp/libg.a(lib_a-mallocr.o)
                0x00000000200009ec                __malloc_top_pad
 .bss.__lock___atexit_recursive_mutex
                0x00000000200009f0        0x1 /Applications/ARM/bin/../lib/gcc/arm-none-eabi/10.2.1/../../../../arm-none-eabi/lib/thumb/v6-m/nofp/libg.a(lib_a-lock.o)
                0x00000000200009f0                __lock___atexit_recursive_mutex
 *fill*         0x00000000200009f1        0x3 
 .bss.__lock___malloc_recursive_mutex
                0x00000000200009f4        0x1 /Applications/ARM/bin/../lib/gcc/arm-none-eabi/10.2.1/../../../../arm-none-eabi/lib/thumb/v6-m/nofp/libg.a(lib_a-lock.o)
                0x00000000200009f4                __lock___malloc_recursive_mutex
 *fill*         0x00000000200009f5        0x3 
 .bss.errno     0x00000000200009f8        0x4 /Applications/ARM/bin/../lib/gcc/arm-none-eabi/10.2.1/../../../../arm-none-eabi/lib/thumb/v6-m/nofp/libg.a(lib_a-reent.o)
                0x00000000200009f8                errno
 *(COMMON)
                0x00000000200009fc                . = ALIGN (0x4)
                0x00000000200009fc                _ebss = .
                0x00000000200009fc                __bss_end__ = _ebss

._user_heap_stack
                0x00000000200009fc      0x604 load address 0x00000000080068ac
                0x0000000020000a00                . = ALIGN (0x8)
 *fill*         0x00000000200009fc        0x4 
                [!provide]                        PROVIDE (end = .)
                0x0000000020000a00                PROVIDE (_end = .)
                0x0000000020000c00                . = (. + _Min_Heap_Size)
 *fill*         0x0000000020000a00      0x200 
                0x0000000020001000                . = (. + _Min_Stack_Size)
 *fill*         0x0000000020000c00      0x400 
                0x0000000020001000                . = ALIGN (0x8)

/DISCARD/
 libc.a(*)
 libm.a(*)
 libgcc.a(*)

.ARM.attributes
                0x0000000000000000       0x28
 *(.ARM.attributes)
 .ARM.attributes
                0x0000000000000000       0x1e /Applications/ARM/bin/../lib/gcc/arm-none-eabi/10.2.1/thumb/v6-m/nofp/crti.o
 .ARM.attributes
                0x000000000000001e       0x2c /Applications/ARM/bin/../lib/gcc/arm-none-eabi/10.2.1/thumb/v6-m/nofp/crtbegin.o
 .ARM.attributes
                0x000000000000004a       0x2c CMakeFiles/ece477-epd.elf.dir/Core/Src/epd.c.obj
 .ARM.attributes
                0x0000000000000076       0x2c CMakeFiles/ece477-epd.elf.dir/Core/Src/epd_gfx.c.obj
 .ARM.attributes
                0x00000000000000a2       0x2c CMakeFiles/ece477-epd.elf.dir/Core/Src/gpio.c.obj
 .ARM.attributes
                0x00000000000000ce       0x2c CMakeFiles/ece477-epd.elf.dir/Core/Src/main.c.obj
 .ARM.attributes
                0x00000000000000fa       0x2c CMakeFiles/ece477-epd.elf.dir/Core/Src/serial_print.c.obj
 .ARM.attributes
                0x0000000000000126       0x2c CMakeFiles/ece477-epd.elf.dir/Core/Src/spi.c.obj
 .ARM.attributes
                0x0000000000000152       0x2c CMakeFiles/ece477-epd.elf.dir/Core/Src/sram.c.obj
 .ARM.attributes
                0x000000000000017e       0x2c CMakeFiles/ece477-epd.elf.dir/Core/Src/stm32l0xx_hal_msp.c.obj
 .ARM.attributes
                0x00000000000001aa       0x2c CMakeFiles/ece477-epd.elf.dir/Core/Src/stm32l0xx_it.c.obj
 .ARM.attributes
                0x00000000000001d6       0x2c CMakeFiles/ece477-epd.elf.dir/Core/Src/sysmem.c.obj
 .ARM.attributes
                0x0000000000000202       0x2c CMakeFiles/ece477-epd.elf.dir/Core/Src/system_stm32l0xx.c.obj
 .ARM.attributes
                0x000000000000022e       0x2c CMakeFiles/ece477-epd.elf.dir/Core/Src/usart.c.obj
 .ARM.attributes
                0x000000000000025a       0x22 CMakeFiles/ece477-epd.elf.dir/Core/Startup/startup_stm32l053r8tx.s.obj
 .ARM.attributes
                0x000000000000027c       0x2c CMakeFiles/ece477-epd.elf.dir/Drivers/STM32L0xx_HAL_Driver/Src/stm32l0xx_hal.c.obj
 .ARM.attributes
                0x00000000000002a8       0x2c CMakeFiles/ece477-epd.elf.dir/Drivers/STM32L0xx_HAL_Driver/Src/stm32l0xx_hal_cortex.c.obj
 .ARM.attributes
                0x00000000000002d4       0x2c CMakeFiles/ece477-epd.elf.dir/Drivers/STM32L0xx_HAL_Driver/Src/stm32l0xx_hal_gpio.c.obj
 .ARM.attributes
                0x0000000000000300       0x2c CMakeFiles/ece477-epd.elf.dir/Drivers/STM32L0xx_HAL_Driver/Src/stm32l0xx_hal_rcc.c.obj
 .ARM.attributes
                0x000000000000032c       0x2c CMakeFiles/ece477-epd.elf.dir/Drivers/STM32L0xx_HAL_Driver/Src/stm32l0xx_hal_rcc_ex.c.obj
 .ARM.attributes
                0x0000000000000358       0x2c CMakeFiles/ece477-epd.elf.dir/Drivers/STM32L0xx_HAL_Driver/Src/stm32l0xx_hal_spi.c.obj
 .ARM.attributes
                0x0000000000000384       0x2c CMakeFiles/ece477-epd.elf.dir/Drivers/STM32L0xx_HAL_Driver/Src/stm32l0xx_hal_uart.c.obj
 .ARM.attributes
                0x00000000000003b0       0x1e /Applications/ARM/bin/../lib/gcc/arm-none-eabi/10.2.1/thumb/v6-m/nofp/libgcc.a(_udivsi3.o)
 .ARM.attributes
                0x00000000000003ce       0x1e /Applications/ARM/bin/../lib/gcc/arm-none-eabi/10.2.1/thumb/v6-m/nofp/libgcc.a(_dvmd_tls.o)
 .ARM.attributes
                0x00000000000003ec       0x1e /Applications/ARM/bin/../lib/gcc/arm-none-eabi/10.2.1/thumb/v6-m/nofp/libgcc.a(_aeabi_uldivmod.o)
 .ARM.attributes
                0x000000000000040a       0x2c /Applications/ARM/bin/../lib/gcc/arm-none-eabi/10.2.1/thumb/v6-m/nofp/libgcc.a(_muldi3.o)
 .ARM.attributes
                0x0000000000000436       0x2c /Applications/ARM/bin/../lib/gcc/arm-none-eabi/10.2.1/thumb/v6-m/nofp/libgcc.a(_udivmoddi4.o)
 .ARM.attributes
                0x0000000000000462       0x1e /Applications/ARM/bin/../lib/gcc/arm-none-eabi/10.2.1/thumb/v6-m/nofp/libgcc.a(_clzsi2.o)
 .ARM.attributes
                0x0000000000000480       0x1e /Applications/ARM/bin/../lib/gcc/arm-none-eabi/10.2.1/thumb/v6-m/nofp/libgcc.a(_clzdi2.o)
 .ARM.attributes
                0x000000000000049e       0x2c /Applications/ARM/bin/../lib/gcc/arm-none-eabi/10.2.1/../../../../arm-none-eabi/lib/thumb/v6-m/nofp/libg.a(lib_a-errno.o)
 .ARM.attributes
                0x00000000000004ca       0x2c /Applications/ARM/bin/../lib/gcc/arm-none-eabi/10.2.1/../../../../arm-none-eabi/lib/thumb/v6-m/nofp/libg.a(lib_a-impure.o)
 .ARM.attributes
                0x00000000000004f6       0x2c /Applications/ARM/bin/../lib/gcc/arm-none-eabi/10.2.1/../../../../arm-none-eabi/lib/thumb/v6-m/nofp/libg.a(lib_a-init.o)
 .ARM.attributes
                0x0000000000000522       0x2c /Applications/ARM/bin/../lib/gcc/arm-none-eabi/10.2.1/../../../../arm-none-eabi/lib/thumb/v6-m/nofp/libg.a(lib_a-malloc.o)
 .ARM.attributes
                0x000000000000054e       0x2c /Applications/ARM/bin/../lib/gcc/arm-none-eabi/10.2.1/../../../../arm-none-eabi/lib/thumb/v6-m/nofp/libg.a(lib_a-mallocr.o)
 .ARM.attributes
                0x000000000000057a       0x2c /Applications/ARM/bin/../lib/gcc/arm-none-eabi/10.2.1/../../../../arm-none-eabi/lib/thumb/v6-m/nofp/libg.a(lib_a-memset.o)
 .ARM.attributes
                0x00000000000005a6       0x2c /Applications/ARM/bin/../lib/gcc/arm-none-eabi/10.2.1/../../../../arm-none-eabi/lib/thumb/v6-m/nofp/libg.a(lib_a-mlock.o)
 .ARM.attributes
                0x00000000000005d2       0x2c /Applications/ARM/bin/../lib/gcc/arm-none-eabi/10.2.1/../../../../arm-none-eabi/lib/thumb/v6-m/nofp/libg.a(lib_a-sbrkr.o)
 .ARM.attributes
                0x00000000000005fe       0x2c /Applications/ARM/bin/../lib/gcc/arm-none-eabi/10.2.1/../../../../arm-none-eabi/lib/thumb/v6-m/nofp/libg.a(lib_a-__call_atexit.o)
 .ARM.attributes
                0x000000000000062a       0x2c /Applications/ARM/bin/../lib/gcc/arm-none-eabi/10.2.1/../../../../arm-none-eabi/lib/thumb/v6-m/nofp/libg.a(lib_a-atexit.o)
 .ARM.attributes
                0x0000000000000656       0x2c /Applications/ARM/bin/../lib/gcc/arm-none-eabi/10.2.1/../../../../arm-none-eabi/lib/thumb/v6-m/nofp/libg.a(lib_a-fini.o)
 .ARM.attributes
                0x0000000000000682       0x2c /Applications/ARM/bin/../lib/gcc/arm-none-eabi/10.2.1/../../../../arm-none-eabi/lib/thumb/v6-m/nofp/libg.a(lib_a-freer.o)
 .ARM.attributes
                0x00000000000006ae       0x2c /Applications/ARM/bin/../lib/gcc/arm-none-eabi/10.2.1/../../../../arm-none-eabi/lib/thumb/v6-m/nofp/libg.a(lib_a-lock.o)
 .ARM.attributes
                0x00000000000006da       0x2c /Applications/ARM/bin/../lib/gcc/arm-none-eabi/10.2.1/../../../../arm-none-eabi/lib/thumb/v6-m/nofp/libg.a(lib_a-reent.o)
 .ARM.attributes
                0x0000000000000706       0x2c /Applications/ARM/bin/../lib/gcc/arm-none-eabi/10.2.1/../../../../arm-none-eabi/lib/thumb/v6-m/nofp/libg.a(lib_a-__atexit.o)
 .ARM.attributes
                0x0000000000000732       0x1e /Applications/ARM/bin/../lib/gcc/arm-none-eabi/10.2.1/thumb/v6-m/nofp/crtn.o
OUTPUT(ece477-epd.elf elf32-littlearm)
LOAD linker stubs
LOAD /Applications/ARM/bin/../lib/gcc/arm-none-eabi/10.2.1/../../../../arm-none-eabi/lib/thumb/v6-m/nofp/libc.a
LOAD /Applications/ARM/bin/../lib/gcc/arm-none-eabi/10.2.1/../../../../arm-none-eabi/lib/thumb/v6-m/nofp/libm.a
LOAD /Applications/ARM/bin/../lib/gcc/arm-none-eabi/10.2.1/thumb/v6-m/nofp/libgcc.a

.debug_info     0x0000000000000000     0xd846
 .debug_info    0x0000000000000000     0x16b7 CMakeFiles/ece477-epd.elf.dir/Core/Src/epd.c.obj
 .debug_info    0x00000000000016b7      0xe12 CMakeFiles/ece477-epd.elf.dir/Core/Src/epd_gfx.c.obj
 .debug_info    0x00000000000024c9      0x49a CMakeFiles/ece477-epd.elf.dir/Core/Src/gpio.c.obj
 .debug_info    0x0000000000002963      0xcbf CMakeFiles/ece477-epd.elf.dir/Core/Src/main.c.obj
 .debug_info    0x0000000000003622      0xa3b CMakeFiles/ece477-epd.elf.dir/Core/Src/serial_print.c.obj
 .debug_info    0x000000000000405d      0x95d CMakeFiles/ece477-epd.elf.dir/Core/Src/spi.c.obj
 .debug_info    0x00000000000049ba      0xd35 CMakeFiles/ece477-epd.elf.dir/Core/Src/sram.c.obj
 .debug_info    0x00000000000056ef      0x1df CMakeFiles/ece477-epd.elf.dir/Core/Src/stm32l0xx_hal_msp.c.obj
 .debug_info    0x00000000000058ce       0xe8 CMakeFiles/ece477-epd.elf.dir/Core/Src/stm32l0xx_it.c.obj
 .debug_info    0x00000000000059b6      0x17c CMakeFiles/ece477-epd.elf.dir/Core/Src/sysmem.c.obj
 .debug_info    0x0000000000005b32      0x342 CMakeFiles/ece477-epd.elf.dir/Core/Src/system_stm32l0xx.c.obj
 .debug_info    0x0000000000005e74      0x9f2 CMakeFiles/ece477-epd.elf.dir/Core/Src/usart.c.obj
 .debug_info    0x0000000000006866       0x22 CMakeFiles/ece477-epd.elf.dir/Core/Startup/startup_stm32l053r8tx.s.obj
 .debug_info    0x0000000000006888      0x921 CMakeFiles/ece477-epd.elf.dir/Drivers/STM32L0xx_HAL_Driver/Src/stm32l0xx_hal.c.obj
 .debug_info    0x00000000000071a9      0xa1c CMakeFiles/ece477-epd.elf.dir/Drivers/STM32L0xx_HAL_Driver/Src/stm32l0xx_hal_cortex.c.obj
 .debug_info    0x0000000000007bc5      0x6e0 CMakeFiles/ece477-epd.elf.dir/Drivers/STM32L0xx_HAL_Driver/Src/stm32l0xx_hal_gpio.c.obj
 .debug_info    0x00000000000082a5      0xd54 CMakeFiles/ece477-epd.elf.dir/Drivers/STM32L0xx_HAL_Driver/Src/stm32l0xx_hal_rcc.c.obj
 .debug_info    0x0000000000008ff9      0x98d CMakeFiles/ece477-epd.elf.dir/Drivers/STM32L0xx_HAL_Driver/Src/stm32l0xx_hal_rcc_ex.c.obj
 .debug_info    0x0000000000009986     0x1e92 CMakeFiles/ece477-epd.elf.dir/Drivers/STM32L0xx_HAL_Driver/Src/stm32l0xx_hal_spi.c.obj
 .debug_info    0x000000000000b818     0x202e CMakeFiles/ece477-epd.elf.dir/Drivers/STM32L0xx_HAL_Driver/Src/stm32l0xx_hal_uart.c.obj

.debug_abbrev   0x0000000000000000     0x24e3
 .debug_abbrev  0x0000000000000000      0x341 CMakeFiles/ece477-epd.elf.dir/Core/Src/epd.c.obj
 .debug_abbrev  0x0000000000000341      0x24b CMakeFiles/ece477-epd.elf.dir/Core/Src/epd_gfx.c.obj
 .debug_abbrev  0x000000000000058c      0x15f CMakeFiles/ece477-epd.elf.dir/Core/Src/gpio.c.obj
 .debug_abbrev  0x00000000000006eb      0x213 CMakeFiles/ece477-epd.elf.dir/Core/Src/main.c.obj
 .debug_abbrev  0x00000000000008fe      0x266 CMakeFiles/ece477-epd.elf.dir/Core/Src/serial_print.c.obj
 .debug_abbrev  0x0000000000000b64      0x1e4 CMakeFiles/ece477-epd.elf.dir/Core/Src/spi.c.obj
 .debug_abbrev  0x0000000000000d48      0x24a CMakeFiles/ece477-epd.elf.dir/Core/Src/sram.c.obj
 .debug_abbrev  0x0000000000000f92       0x9a CMakeFiles/ece477-epd.elf.dir/Core/Src/stm32l0xx_hal_msp.c.obj
 .debug_abbrev  0x000000000000102c       0x7e CMakeFiles/ece477-epd.elf.dir/Core/Src/stm32l0xx_it.c.obj
 .debug_abbrev  0x00000000000010aa       0xe7 CMakeFiles/ece477-epd.elf.dir/Core/Src/sysmem.c.obj
 .debug_abbrev  0x0000000000001191      0x131 CMakeFiles/ece477-epd.elf.dir/Core/Src/system_stm32l0xx.c.obj
 .debug_abbrev  0x00000000000012c2      0x1e4 CMakeFiles/ece477-epd.elf.dir/Core/Src/usart.c.obj
 .debug_abbrev  0x00000000000014a6       0x12 CMakeFiles/ece477-epd.elf.dir/Core/Startup/startup_stm32l053r8tx.s.obj
 .debug_abbrev  0x00000000000014b8      0x27c CMakeFiles/ece477-epd.elf.dir/Drivers/STM32L0xx_HAL_Driver/Src/stm32l0xx_hal.c.obj
 .debug_abbrev  0x0000000000001734      0x28a CMakeFiles/ece477-epd.elf.dir/Drivers/STM32L0xx_HAL_Driver/Src/stm32l0xx_hal_cortex.c.obj
 .debug_abbrev  0x00000000000019be      0x1d5 CMakeFiles/ece477-epd.elf.dir/Drivers/STM32L0xx_HAL_Driver/Src/stm32l0xx_hal_gpio.c.obj
 .debug_abbrev  0x0000000000001b93      0x29e CMakeFiles/ece477-epd.elf.dir/Drivers/STM32L0xx_HAL_Driver/Src/stm32l0xx_hal_rcc.c.obj
 .debug_abbrev  0x0000000000001e31      0x209 CMakeFiles/ece477-epd.elf.dir/Drivers/STM32L0xx_HAL_Driver/Src/stm32l0xx_hal_rcc_ex.c.obj
 .debug_abbrev  0x000000000000203a      0x248 CMakeFiles/ece477-epd.elf.dir/Drivers/STM32L0xx_HAL_Driver/Src/stm32l0xx_hal_spi.c.obj
 .debug_abbrev  0x0000000000002282      0x261 CMakeFiles/ece477-epd.elf.dir/Drivers/STM32L0xx_HAL_Driver/Src/stm32l0xx_hal_uart.c.obj

.debug_loc      0x0000000000000000     0x7616
 .debug_loc     0x0000000000000000      0x7f0 CMakeFiles/ece477-epd.elf.dir/Core/Src/epd.c.obj
 .debug_loc     0x00000000000007f0      0xd4a CMakeFiles/ece477-epd.elf.dir/Core/Src/epd_gfx.c.obj
 .debug_loc     0x000000000000153a       0x2f CMakeFiles/ece477-epd.elf.dir/Core/Src/main.c.obj
 .debug_loc     0x0000000000001569      0x1f1 CMakeFiles/ece477-epd.elf.dir/Core/Src/serial_print.c.obj
 .debug_loc     0x000000000000175a       0x81 CMakeFiles/ece477-epd.elf.dir/Core/Src/spi.c.obj
 .debug_loc     0x00000000000017db      0x3e2 CMakeFiles/ece477-epd.elf.dir/Core/Src/sram.c.obj
 .debug_loc     0x0000000000001bbd       0x93 CMakeFiles/ece477-epd.elf.dir/Core/Src/sysmem.c.obj
 .debug_loc     0x0000000000001c50      0x1ef CMakeFiles/ece477-epd.elf.dir/Core/Src/system_stm32l0xx.c.obj
 .debug_loc     0x0000000000001e3f       0x81 CMakeFiles/ece477-epd.elf.dir/Core/Src/usart.c.obj
 .debug_loc     0x0000000000001ec0      0x172 CMakeFiles/ece477-epd.elf.dir/Drivers/STM32L0xx_HAL_Driver/Src/stm32l0xx_hal.c.obj
 .debug_loc     0x0000000000002032      0x458 CMakeFiles/ece477-epd.elf.dir/Drivers/STM32L0xx_HAL_Driver/Src/stm32l0xx_hal_cortex.c.obj
 .debug_loc     0x000000000000248a      0x3b3 CMakeFiles/ece477-epd.elf.dir/Drivers/STM32L0xx_HAL_Driver/Src/stm32l0xx_hal_gpio.c.obj
 .debug_loc     0x000000000000283d      0x777 CMakeFiles/ece477-epd.elf.dir/Drivers/STM32L0xx_HAL_Driver/Src/stm32l0xx_hal_rcc.c.obj
 .debug_loc     0x0000000000002fb4      0x65a CMakeFiles/ece477-epd.elf.dir/Drivers/STM32L0xx_HAL_Driver/Src/stm32l0xx_hal_rcc_ex.c.obj
 .debug_loc     0x000000000000360e     0x1f52 CMakeFiles/ece477-epd.elf.dir/Drivers/STM32L0xx_HAL_Driver/Src/stm32l0xx_hal_spi.c.obj
 .debug_loc     0x0000000000005560     0x20b6 CMakeFiles/ece477-epd.elf.dir/Drivers/STM32L0xx_HAL_Driver/Src/stm32l0xx_hal_uart.c.obj

.debug_aranges  0x0000000000000000      0xad8
 .debug_aranges
                0x0000000000000000       0xb8 CMakeFiles/ece477-epd.elf.dir/Core/Src/epd.c.obj
 .debug_aranges
                0x00000000000000b8       0xc8 CMakeFiles/ece477-epd.elf.dir/Core/Src/epd_gfx.c.obj
 .debug_aranges
                0x0000000000000180       0x20 CMakeFiles/ece477-epd.elf.dir/Core/Src/gpio.c.obj
 .debug_aranges
                0x00000000000001a0       0x30 CMakeFiles/ece477-epd.elf.dir/Core/Src/main.c.obj
 .debug_aranges
                0x00000000000001d0       0x50 CMakeFiles/ece477-epd.elf.dir/Core/Src/serial_print.c.obj
 .debug_aranges
                0x0000000000000220       0x30 CMakeFiles/ece477-epd.elf.dir/Core/Src/spi.c.obj
 .debug_aranges
                0x0000000000000250       0x68 CMakeFiles/ece477-epd.elf.dir/Core/Src/sram.c.obj
 .debug_aranges
                0x00000000000002b8       0x20 CMakeFiles/ece477-epd.elf.dir/Core/Src/stm32l0xx_hal_msp.c.obj
 .debug_aranges
                0x00000000000002d8       0x40 CMakeFiles/ece477-epd.elf.dir/Core/Src/stm32l0xx_it.c.obj
 .debug_aranges
                0x0000000000000318       0x20 CMakeFiles/ece477-epd.elf.dir/Core/Src/sysmem.c.obj
 .debug_aranges
                0x0000000000000338       0x28 CMakeFiles/ece477-epd.elf.dir/Core/Src/system_stm32l0xx.c.obj
 .debug_aranges
                0x0000000000000360       0x30 CMakeFiles/ece477-epd.elf.dir/Core/Src/usart.c.obj
 .debug_aranges
                0x0000000000000390       0x28 CMakeFiles/ece477-epd.elf.dir/Core/Startup/startup_stm32l053r8tx.s.obj
 .debug_aranges
                0x00000000000003b8      0x110 CMakeFiles/ece477-epd.elf.dir/Drivers/STM32L0xx_HAL_Driver/Src/stm32l0xx_hal.c.obj
 .debug_aranges
                0x00000000000004c8       0x90 CMakeFiles/ece477-epd.elf.dir/Drivers/STM32L0xx_HAL_Driver/Src/stm32l0xx_hal_cortex.c.obj
 .debug_aranges
                0x0000000000000558       0x58 CMakeFiles/ece477-epd.elf.dir/Drivers/STM32L0xx_HAL_Driver/Src/stm32l0xx_hal_gpio.c.obj
 .debug_aranges
                0x00000000000005b0       0x80 CMakeFiles/ece477-epd.elf.dir/Drivers/STM32L0xx_HAL_Driver/Src/stm32l0xx_hal_rcc.c.obj
 .debug_aranges
                0x0000000000000630       0xb0 CMakeFiles/ece477-epd.elf.dir/Drivers/STM32L0xx_HAL_Driver/Src/stm32l0xx_hal_rcc_ex.c.obj
 .debug_aranges
                0x00000000000006e0      0x1d0 CMakeFiles/ece477-epd.elf.dir/Drivers/STM32L0xx_HAL_Driver/Src/stm32l0xx_hal_spi.c.obj
 .debug_aranges
                0x00000000000008b0      0x228 CMakeFiles/ece477-epd.elf.dir/Drivers/STM32L0xx_HAL_Driver/Src/stm32l0xx_hal_uart.c.obj

.debug_ranges   0x0000000000000000      0xba0
 .debug_ranges  0x0000000000000000      0x138 CMakeFiles/ece477-epd.elf.dir/Core/Src/epd.c.obj
 .debug_ranges  0x0000000000000138      0x150 CMakeFiles/ece477-epd.elf.dir/Core/Src/epd_gfx.c.obj
 .debug_ranges  0x0000000000000288       0x10 CMakeFiles/ece477-epd.elf.dir/Core/Src/gpio.c.obj
 .debug_ranges  0x0000000000000298       0x20 CMakeFiles/ece477-epd.elf.dir/Core/Src/main.c.obj
 .debug_ranges  0x00000000000002b8       0x40 CMakeFiles/ece477-epd.elf.dir/Core/Src/serial_print.c.obj
 .debug_ranges  0x00000000000002f8       0x20 CMakeFiles/ece477-epd.elf.dir/Core/Src/spi.c.obj
 .debug_ranges  0x0000000000000318       0xa0 CMakeFiles/ece477-epd.elf.dir/Core/Src/sram.c.obj
 .debug_ranges  0x00000000000003b8       0x10 CMakeFiles/ece477-epd.elf.dir/Core/Src/stm32l0xx_hal_msp.c.obj
 .debug_ranges  0x00000000000003c8       0x30 CMakeFiles/ece477-epd.elf.dir/Core/Src/stm32l0xx_it.c.obj
 .debug_ranges  0x00000000000003f8       0x10 CMakeFiles/ece477-epd.elf.dir/Core/Src/sysmem.c.obj
 .debug_ranges  0x0000000000000408       0x18 CMakeFiles/ece477-epd.elf.dir/Core/Src/system_stm32l0xx.c.obj
 .debug_ranges  0x0000000000000420       0x20 CMakeFiles/ece477-epd.elf.dir/Core/Src/usart.c.obj
 .debug_ranges  0x0000000000000440       0x20 CMakeFiles/ece477-epd.elf.dir/Core/Startup/startup_stm32l053r8tx.s.obj
 .debug_ranges  0x0000000000000460      0x100 CMakeFiles/ece477-epd.elf.dir/Drivers/STM32L0xx_HAL_Driver/Src/stm32l0xx_hal.c.obj
 .debug_ranges  0x0000000000000560       0xe0 CMakeFiles/ece477-epd.elf.dir/Drivers/STM32L0xx_HAL_Driver/Src/stm32l0xx_hal_cortex.c.obj
 .debug_ranges  0x0000000000000640       0x48 CMakeFiles/ece477-epd.elf.dir/Drivers/STM32L0xx_HAL_Driver/Src/stm32l0xx_hal_gpio.c.obj
 .debug_ranges  0x0000000000000688       0xa0 CMakeFiles/ece477-epd.elf.dir/Drivers/STM32L0xx_HAL_Driver/Src/stm32l0xx_hal_rcc.c.obj
 .debug_ranges  0x0000000000000728       0xa0 CMakeFiles/ece477-epd.elf.dir/Drivers/STM32L0xx_HAL_Driver/Src/stm32l0xx_hal_rcc_ex.c.obj
 .debug_ranges  0x00000000000007c8      0x1c0 CMakeFiles/ece477-epd.elf.dir/Drivers/STM32L0xx_HAL_Driver/Src/stm32l0xx_hal_spi.c.obj
 .debug_ranges  0x0000000000000988      0x218 CMakeFiles/ece477-epd.elf.dir/Drivers/STM32L0xx_HAL_Driver/Src/stm32l0xx_hal_uart.c.obj

.debug_line     0x0000000000000000     0xac5e
 .debug_line    0x0000000000000000      0xa48 CMakeFiles/ece477-epd.elf.dir/Core/Src/epd.c.obj
 .debug_line    0x0000000000000a48      0x94c CMakeFiles/ece477-epd.elf.dir/Core/Src/epd_gfx.c.obj
 .debug_line    0x0000000000001394      0x290 CMakeFiles/ece477-epd.elf.dir/Core/Src/gpio.c.obj
 .debug_line    0x0000000000001624      0x4f5 CMakeFiles/ece477-epd.elf.dir/Core/Src/main.c.obj
 .debug_line    0x0000000000001b19      0x4c2 CMakeFiles/ece477-epd.elf.dir/Core/Src/serial_print.c.obj
 .debug_line    0x0000000000001fdb      0x385 CMakeFiles/ece477-epd.elf.dir/Core/Src/spi.c.obj
 .debug_line    0x0000000000002360      0x5e3 CMakeFiles/ece477-epd.elf.dir/Core/Src/sram.c.obj
 .debug_line    0x0000000000002943      0x181 CMakeFiles/ece477-epd.elf.dir/Core/Src/stm32l0xx_hal_msp.c.obj
 .debug_line    0x0000000000002ac4      0x167 CMakeFiles/ece477-epd.elf.dir/Core/Src/stm32l0xx_it.c.obj
 .debug_line    0x0000000000002c2b      0x199 CMakeFiles/ece477-epd.elf.dir/Core/Src/sysmem.c.obj
 .debug_line    0x0000000000002dc4      0x28b CMakeFiles/ece477-epd.elf.dir/Core/Src/system_stm32l0xx.c.obj
 .debug_line    0x000000000000304f      0x381 CMakeFiles/ece477-epd.elf.dir/Core/Src/usart.c.obj
 .debug_line    0x00000000000033d0       0xbf CMakeFiles/ece477-epd.elf.dir/Core/Startup/startup_stm32l053r8tx.s.obj
 .debug_line    0x000000000000348f      0x69a CMakeFiles/ece477-epd.elf.dir/Drivers/STM32L0xx_HAL_Driver/Src/stm32l0xx_hal.c.obj
 .debug_line    0x0000000000003b29      0x6f2 CMakeFiles/ece477-epd.elf.dir/Drivers/STM32L0xx_HAL_Driver/Src/stm32l0xx_hal_cortex.c.obj
 .debug_line    0x000000000000421b      0x6b4 CMakeFiles/ece477-epd.elf.dir/Drivers/STM32L0xx_HAL_Driver/Src/stm32l0xx_hal_gpio.c.obj
 .debug_line    0x00000000000048cf      0xe18 CMakeFiles/ece477-epd.elf.dir/Drivers/STM32L0xx_HAL_Driver/Src/stm32l0xx_hal_rcc.c.obj
 .debug_line    0x00000000000056e7      0xb8f CMakeFiles/ece477-epd.elf.dir/Drivers/STM32L0xx_HAL_Driver/Src/stm32l0xx_hal_rcc_ex.c.obj
 .debug_line    0x0000000000006276     0x24f4 CMakeFiles/ece477-epd.elf.dir/Drivers/STM32L0xx_HAL_Driver/Src/stm32l0xx_hal_spi.c.obj
 .debug_line    0x000000000000876a     0x24f4 CMakeFiles/ece477-epd.elf.dir/Drivers/STM32L0xx_HAL_Driver/Src/stm32l0xx_hal_uart.c.obj

.debug_str      0x0000000000000000     0x35a3
 .debug_str     0x0000000000000000      0x968 CMakeFiles/ece477-epd.elf.dir/Core/Src/epd.c.obj
                                        0xa67 (size before relaxing)
 .debug_str     0x0000000000000968      0x278 CMakeFiles/ece477-epd.elf.dir/Core/Src/epd_gfx.c.obj
                                        0x521 (size before relaxing)
 .debug_str     0x0000000000000be0      0x134 CMakeFiles/ece477-epd.elf.dir/Core/Src/gpio.c.obj
                                        0x36a (size before relaxing)
 .debug_str     0x0000000000000d14      0x41e CMakeFiles/ece477-epd.elf.dir/Core/Src/main.c.obj
                                        0x77b (size before relaxing)
 .debug_str     0x0000000000001132      0x288 CMakeFiles/ece477-epd.elf.dir/Core/Src/serial_print.c.obj
                                        0x719 (size before relaxing)
 .debug_str     0x00000000000013ba       0x91 CMakeFiles/ece477-epd.elf.dir/Core/Src/spi.c.obj
                                        0x79a (size before relaxing)
 .debug_str     0x000000000000144b       0xa1 CMakeFiles/ece477-epd.elf.dir/Core/Src/sram.c.obj
                                        0x73e (size before relaxing)
 .debug_str     0x00000000000014ec       0x62 CMakeFiles/ece477-epd.elf.dir/Core/Src/stm32l0xx_hal_msp.c.obj
                                        0x2ae (size before relaxing)
 .debug_str     0x000000000000154e       0xa6 CMakeFiles/ece477-epd.elf.dir/Core/Src/stm32l0xx_it.c.obj
                                        0x246 (size before relaxing)
 .debug_str     0x00000000000015f4       0xb3 CMakeFiles/ece477-epd.elf.dir/Core/Src/sysmem.c.obj
                                        0x283 (size before relaxing)
 .debug_str     0x00000000000016a7       0xcf CMakeFiles/ece477-epd.elf.dir/Core/Src/system_stm32l0xx.c.obj
                                        0x33b (size before relaxing)
 .debug_str     0x0000000000001776       0x87 CMakeFiles/ece477-epd.elf.dir/Core/Src/usart.c.obj
                                        0x7cd (size before relaxing)
 .debug_str     0x00000000000017fd       0x6c CMakeFiles/ece477-epd.elf.dir/Core/Startup/startup_stm32l053r8tx.s.obj
                                         0xb7 (size before relaxing)
 .debug_str     0x0000000000001869      0x5df CMakeFiles/ece477-epd.elf.dir/Drivers/STM32L0xx_HAL_Driver/Src/stm32l0xx_hal.c.obj
                                        0x8c8 (size before relaxing)
 .debug_str     0x0000000000001e48      0x3b5 CMakeFiles/ece477-epd.elf.dir/Drivers/STM32L0xx_HAL_Driver/Src/stm32l0xx_hal_cortex.c.obj
                                        0x786 (size before relaxing)
 .debug_str     0x00000000000021fd      0x12b CMakeFiles/ece477-epd.elf.dir/Drivers/STM32L0xx_HAL_Driver/Src/stm32l0xx_hal_gpio.c.obj
                                        0x4bb (size before relaxing)
 .debug_str     0x0000000000002328      0x216 CMakeFiles/ece477-epd.elf.dir/Drivers/STM32L0xx_HAL_Driver/Src/stm32l0xx_hal_rcc.c.obj
                                        0x797 (size before relaxing)
 .debug_str     0x000000000000253e      0x36e CMakeFiles/ece477-epd.elf.dir/Drivers/STM32L0xx_HAL_Driver/Src/stm32l0xx_hal_rcc_ex.c.obj
                                        0x82b (size before relaxing)
 .debug_str     0x00000000000028ac      0x55f CMakeFiles/ece477-epd.elf.dir/Drivers/STM32L0xx_HAL_Driver/Src/stm32l0xx_hal_spi.c.obj
                                        0xbf2 (size before relaxing)
 .debug_str     0x0000000000002e0b      0x798 CMakeFiles/ece477-epd.elf.dir/Drivers/STM32L0xx_HAL_Driver/Src/stm32l0xx_hal_uart.c.obj
                                        0xf83 (size before relaxing)

.comment        0x0000000000000000       0x4d
 .comment       0x0000000000000000       0x4d CMakeFiles/ece477-epd.elf.dir/Core/Src/epd.c.obj
                                         0x4e (size before relaxing)
 .comment       0x000000000000004d       0x4e CMakeFiles/ece477-epd.elf.dir/Core/Src/epd_gfx.c.obj
 .comment       0x000000000000004d       0x4e CMakeFiles/ece477-epd.elf.dir/Core/Src/gpio.c.obj
 .comment       0x000000000000004d       0x4e CMakeFiles/ece477-epd.elf.dir/Core/Src/main.c.obj
 .comment       0x000000000000004d       0x4e CMakeFiles/ece477-epd.elf.dir/Core/Src/serial_print.c.obj
 .comment       0x000000000000004d       0x4e CMakeFiles/ece477-epd.elf.dir/Core/Src/spi.c.obj
 .comment       0x000000000000004d       0x4e CMakeFiles/ece477-epd.elf.dir/Core/Src/sram.c.obj
 .comment       0x000000000000004d       0x4e CMakeFiles/ece477-epd.elf.dir/Core/Src/stm32l0xx_hal_msp.c.obj
 .comment       0x000000000000004d       0x4e CMakeFiles/ece477-epd.elf.dir/Core/Src/stm32l0xx_it.c.obj
 .comment       0x000000000000004d       0x4e CMakeFiles/ece477-epd.elf.dir/Core/Src/sysmem.c.obj
 .comment       0x000000000000004d       0x4e CMakeFiles/ece477-epd.elf.dir/Core/Src/system_stm32l0xx.c.obj
 .comment       0x000000000000004d       0x4e CMakeFiles/ece477-epd.elf.dir/Core/Src/usart.c.obj
 .comment       0x000000000000004d       0x4e CMakeFiles/ece477-epd.elf.dir/Drivers/STM32L0xx_HAL_Driver/Src/stm32l0xx_hal.c.obj
 .comment       0x000000000000004d       0x4e CMakeFiles/ece477-epd.elf.dir/Drivers/STM32L0xx_HAL_Driver/Src/stm32l0xx_hal_cortex.c.obj
 .comment       0x000000000000004d       0x4e CMakeFiles/ece477-epd.elf.dir/Drivers/STM32L0xx_HAL_Driver/Src/stm32l0xx_hal_gpio.c.obj
 .comment       0x000000000000004d       0x4e CMakeFiles/ece477-epd.elf.dir/Drivers/STM32L0xx_HAL_Driver/Src/stm32l0xx_hal_rcc.c.obj
 .comment       0x000000000000004d       0x4e CMakeFiles/ece477-epd.elf.dir/Drivers/STM32L0xx_HAL_Driver/Src/stm32l0xx_hal_rcc_ex.c.obj
 .comment       0x000000000000004d       0x4e CMakeFiles/ece477-epd.elf.dir/Drivers/STM32L0xx_HAL_Driver/Src/stm32l0xx_hal_spi.c.obj
 .comment       0x000000000000004d       0x4e CMakeFiles/ece477-epd.elf.dir/Drivers/STM32L0xx_HAL_Driver/Src/stm32l0xx_hal_uart.c.obj

.debug_frame    0x0000000000000000     0x1ee0
 .debug_frame   0x0000000000000000      0x214 CMakeFiles/ece477-epd.elf.dir/Core/Src/epd.c.obj
 .debug_frame   0x0000000000000214      0x258 CMakeFiles/ece477-epd.elf.dir/Core/Src/epd_gfx.c.obj
 .debug_frame   0x000000000000046c       0x3c CMakeFiles/ece477-epd.elf.dir/Core/Src/gpio.c.obj
 .debug_frame   0x00000000000004a8       0x58 CMakeFiles/ece477-epd.elf.dir/Core/Src/main.c.obj
 .debug_frame   0x0000000000000500       0xd0 CMakeFiles/ece477-epd.elf.dir/Core/Src/serial_print.c.obj
 .debug_frame   0x00000000000005d0       0x5c CMakeFiles/ece477-epd.elf.dir/Core/Src/spi.c.obj
 .debug_frame   0x000000000000062c      0x124 CMakeFiles/ece477-epd.elf.dir/Core/Src/sram.c.obj
 .debug_frame   0x0000000000000750       0x20 CMakeFiles/ece477-epd.elf.dir/Core/Src/stm32l0xx_hal_msp.c.obj
 .debug_frame   0x0000000000000770       0x68 CMakeFiles/ece477-epd.elf.dir/Core/Src/stm32l0xx_it.c.obj
 .debug_frame   0x00000000000007d8       0x28 CMakeFiles/ece477-epd.elf.dir/Core/Src/sysmem.c.obj
 .debug_frame   0x0000000000000800       0x38 CMakeFiles/ece477-epd.elf.dir/Core/Src/system_stm32l0xx.c.obj
 .debug_frame   0x0000000000000838       0x5c CMakeFiles/ece477-epd.elf.dir/Core/Src/usart.c.obj
 .debug_frame   0x0000000000000894      0x22c CMakeFiles/ece477-epd.elf.dir/Drivers/STM32L0xx_HAL_Driver/Src/stm32l0xx_hal.c.obj
 .debug_frame   0x0000000000000ac0      0x114 CMakeFiles/ece477-epd.elf.dir/Drivers/STM32L0xx_HAL_Driver/Src/stm32l0xx_hal_cortex.c.obj
 .debug_frame   0x0000000000000bd4       0xc4 CMakeFiles/ece477-epd.elf.dir/Drivers/STM32L0xx_HAL_Driver/Src/stm32l0xx_hal_gpio.c.obj
 .debug_frame   0x0000000000000c98      0x144 CMakeFiles/ece477-epd.elf.dir/Drivers/STM32L0xx_HAL_Driver/Src/stm32l0xx_hal_rcc.c.obj
 .debug_frame   0x0000000000000ddc      0x170 CMakeFiles/ece477-epd.elf.dir/Drivers/STM32L0xx_HAL_Driver/Src/stm32l0xx_hal_rcc_ex.c.obj
 .debug_frame   0x0000000000000f4c      0x57c CMakeFiles/ece477-epd.elf.dir/Drivers/STM32L0xx_HAL_Driver/Src/stm32l0xx_hal_spi.c.obj
 .debug_frame   0x00000000000014c8      0x5ec CMakeFiles/ece477-epd.elf.dir/Drivers/STM32L0xx_HAL_Driver/Src/stm32l0xx_hal_uart.c.obj
 .debug_frame   0x0000000000001ab4       0x20 /Applications/ARM/bin/../lib/gcc/arm-none-eabi/10.2.1/thumb/v6-m/nofp/libgcc.a(_udivsi3.o)
 .debug_frame   0x0000000000001ad4       0x34 /Applications/ARM/bin/../lib/gcc/arm-none-eabi/10.2.1/thumb/v6-m/nofp/libgcc.a(_muldi3.o)
 .debug_frame   0x0000000000001b08       0x3c /Applications/ARM/bin/../lib/gcc/arm-none-eabi/10.2.1/thumb/v6-m/nofp/libgcc.a(_udivmoddi4.o)
 .debug_frame   0x0000000000001b44       0x20 /Applications/ARM/bin/../lib/gcc/arm-none-eabi/10.2.1/../../../../arm-none-eabi/lib/thumb/v6-m/nofp/libg.a(lib_a-errno.o)
 .debug_frame   0x0000000000001b64       0x2c /Applications/ARM/bin/../lib/gcc/arm-none-eabi/10.2.1/../../../../arm-none-eabi/lib/thumb/v6-m/nofp/libg.a(lib_a-init.o)
 .debug_frame   0x0000000000001b90       0x40 /Applications/ARM/bin/../lib/gcc/arm-none-eabi/10.2.1/../../../../arm-none-eabi/lib/thumb/v6-m/nofp/libg.a(lib_a-malloc.o)
 .debug_frame   0x0000000000001bd0       0x3c /Applications/ARM/bin/../lib/gcc/arm-none-eabi/10.2.1/../../../../arm-none-eabi/lib/thumb/v6-m/nofp/libg.a(lib_a-mallocr.o)
 .debug_frame   0x0000000000001c0c       0x30 /Applications/ARM/bin/../lib/gcc/arm-none-eabi/10.2.1/../../../../arm-none-eabi/lib/thumb/v6-m/nofp/libg.a(lib_a-memset.o)
 .debug_frame   0x0000000000001c3c       0x40 /Applications/ARM/bin/../lib/gcc/arm-none-eabi/10.2.1/../../../../arm-none-eabi/lib/thumb/v6-m/nofp/libg.a(lib_a-mlock.o)
 .debug_frame   0x0000000000001c7c       0x2c /Applications/ARM/bin/../lib/gcc/arm-none-eabi/10.2.1/../../../../arm-none-eabi/lib/thumb/v6-m/nofp/libg.a(lib_a-sbrkr.o)
 .debug_frame   0x0000000000001ca8       0x54 /Applications/ARM/bin/../lib/gcc/arm-none-eabi/10.2.1/../../../../arm-none-eabi/lib/thumb/v6-m/nofp/libg.a(lib_a-__call_atexit.o)
 .debug_frame   0x0000000000001cfc       0x28 /Applications/ARM/bin/../lib/gcc/arm-none-eabi/10.2.1/../../../../arm-none-eabi/lib/thumb/v6-m/nofp/libg.a(lib_a-atexit.o)
 .debug_frame   0x0000000000001d24       0x2c /Applications/ARM/bin/../lib/gcc/arm-none-eabi/10.2.1/../../../../arm-none-eabi/lib/thumb/v6-m/nofp/libg.a(lib_a-fini.o)
 .debug_frame   0x0000000000001d50       0x54 /Applications/ARM/bin/../lib/gcc/arm-none-eabi/10.2.1/../../../../arm-none-eabi/lib/thumb/v6-m/nofp/libg.a(lib_a-freer.o)
 .debug_frame   0x0000000000001da4       0xb0 /Applications/ARM/bin/../lib/gcc/arm-none-eabi/10.2.1/../../../../arm-none-eabi/lib/thumb/v6-m/nofp/libg.a(lib_a-lock.o)
 .debug_frame   0x0000000000001e54       0x50 /Applications/ARM/bin/../lib/gcc/arm-none-eabi/10.2.1/../../../../arm-none-eabi/lib/thumb/v6-m/nofp/libg.a(lib_a-reent.o)
 .debug_frame   0x0000000000001ea4       0x3c /Applications/ARM/bin/../lib/gcc/arm-none-eabi/10.2.1/../../../../arm-none-eabi/lib/thumb/v6-m/nofp/libg.a(lib_a-__atexit.o)
