hx8357.c:153:6:hx8357_disp_init	16	static
hx8357.c:185:6:hx8357_disp_reset	8	static
hx8357.c:198:6:hx8357_writeCommand	16	static
hx8357.c:208:6:hx8357_disp_invert	24	static
hx8357.c:223:6:hx8357_disp_setAddrWindow	40	static
hx8357.c:253:6:hx8357_writePixels	24	static
hx8357.c:263:6:hx8357_writeColor	40	static
hx8357.c:296:6:hx8357_writeFillRect	32	static
hx8357.c:328:6:hx8357_writeHLine	32	static
hx8357.c:339:6:hx8357_writeVLine	32	static
hx8357.c:348:6:hx8357_writePixel	32	static
hx8357.c:367:10:hx8357_color565	24	static
hx8357.c:379:6:hx8357_disp_setRotation	16	static
hx8357.c:422:6:hx8357_drawRGBBitmap	48	static
hx8357.c:459:6:hx8357_fillDisplay	24	static
hx8357.c:471:6:hx8357_drawChar	40	static
hx8357.c:518:6:hx8357_write	32	static
hx8357.c:535:6:hx8357_setCursor	16	static
hx8357.c:540:10:hx8357_getCursorX	8	static
hx8357.c:544:10:hx8357_getCursorY	8	static
hx8357.c:548:6:hx8357_setTextSize	16	static
hx8357.c:552:6:hx8357_setTextColor	16	static
hx8357.c:556:6:hx8357_setTextBGColor	16	static
hx8357.c:560:6:hx8357_setTextWrap	16	static
hx8357.c:564:6:hx8357_setMarginX	16	static
hx8357.c:590:6:printWrite	16	static
hx8357.c:596:6:printChar	16	static
hx8357.c:600:6:printString	16	static
hx8357.c:604:6:printUnsigned	56	static
hx8357.c:620:6:printFloat	56	static
