Archive member included to satisfy reference by file (symbol)

/Applications/STM32CubeIDE.app/Contents/Eclipse/plugins/com.st.stm32cube.ide.mcu.externaltools.gnu-tools-for-stm32.9-2020-q2-update.macos64_1.5.0.202011040924/tools/bin/../lib/gcc/arm-none-eabi/9.3.1/../../../../arm-none-eabi/lib/thumb/v6-m/nofp/libc_nano.a(lib_a-errno.o)
                              Core/Src/syscalls.o (__errno)
/Applications/STM32CubeIDE.app/Contents/Eclipse/plugins/com.st.stm32cube.ide.mcu.externaltools.gnu-tools-for-stm32.9-2020-q2-update.macos64_1.5.0.202011040924/tools/bin/../lib/gcc/arm-none-eabi/9.3.1/../../../../arm-none-eabi/lib/thumb/v6-m/nofp/libc_nano.a(lib_a-exit.o)
                              /Applications/STM32CubeIDE.app/Contents/Eclipse/plugins/com.st.stm32cube.ide.mcu.externaltools.gnu-tools-for-stm32.9-2020-q2-update.macos64_1.5.0.202011040924/tools/bin/../lib/gcc/arm-none-eabi/9.3.1/../../../../arm-none-eabi/lib/thumb/v6-m/nofp/crt0.o (exit)
/Applications/STM32CubeIDE.app/Contents/Eclipse/plugins/com.st.stm32cube.ide.mcu.externaltools.gnu-tools-for-stm32.9-2020-q2-update.macos64_1.5.0.202011040924/tools/bin/../lib/gcc/arm-none-eabi/9.3.1/../../../../arm-none-eabi/lib/thumb/v6-m/nofp/libc_nano.a(lib_a-impure.o)
                              /Applications/STM32CubeIDE.app/Contents/Eclipse/plugins/com.st.stm32cube.ide.mcu.externaltools.gnu-tools-for-stm32.9-2020-q2-update.macos64_1.5.0.202011040924/tools/bin/../lib/gcc/arm-none-eabi/9.3.1/../../../../arm-none-eabi/lib/thumb/v6-m/nofp/libc_nano.a(lib_a-exit.o) (_global_impure_ptr)
/Applications/STM32CubeIDE.app/Contents/Eclipse/plugins/com.st.stm32cube.ide.mcu.externaltools.gnu-tools-for-stm32.9-2020-q2-update.macos64_1.5.0.202011040924/tools/bin/../lib/gcc/arm-none-eabi/9.3.1/../../../../arm-none-eabi/lib/thumb/v6-m/nofp/libc_nano.a(lib_a-init.o)
                              /Applications/STM32CubeIDE.app/Contents/Eclipse/plugins/com.st.stm32cube.ide.mcu.externaltools.gnu-tools-for-stm32.9-2020-q2-update.macos64_1.5.0.202011040924/tools/bin/../lib/gcc/arm-none-eabi/9.3.1/../../../../arm-none-eabi/lib/thumb/v6-m/nofp/crt0.o (__libc_init_array)
/Applications/STM32CubeIDE.app/Contents/Eclipse/plugins/com.st.stm32cube.ide.mcu.externaltools.gnu-tools-for-stm32.9-2020-q2-update.macos64_1.5.0.202011040924/tools/bin/../lib/gcc/arm-none-eabi/9.3.1/../../../../arm-none-eabi/lib/thumb/v6-m/nofp/libc_nano.a(lib_a-malloc.o)
                              Core/Src/epd.o (malloc)
/Applications/STM32CubeIDE.app/Contents/Eclipse/plugins/com.st.stm32cube.ide.mcu.externaltools.gnu-tools-for-stm32.9-2020-q2-update.macos64_1.5.0.202011040924/tools/bin/../lib/gcc/arm-none-eabi/9.3.1/../../../../arm-none-eabi/lib/thumb/v6-m/nofp/libc_nano.a(lib_a-memcpy-stub.o)
                              Core/Src/serial_print.o (memcpy)
/Applications/STM32CubeIDE.app/Contents/Eclipse/plugins/com.st.stm32cube.ide.mcu.externaltools.gnu-tools-for-stm32.9-2020-q2-update.macos64_1.5.0.202011040924/tools/bin/../lib/gcc/arm-none-eabi/9.3.1/../../../../arm-none-eabi/lib/thumb/v6-m/nofp/libc_nano.a(lib_a-memset.o)
                              /Applications/STM32CubeIDE.app/Contents/Eclipse/plugins/com.st.stm32cube.ide.mcu.externaltools.gnu-tools-for-stm32.9-2020-q2-update.macos64_1.5.0.202011040924/tools/bin/../lib/gcc/arm-none-eabi/9.3.1/../../../../arm-none-eabi/lib/thumb/v6-m/nofp/crt0.o (memset)
/Applications/STM32CubeIDE.app/Contents/Eclipse/plugins/com.st.stm32cube.ide.mcu.externaltools.gnu-tools-for-stm32.9-2020-q2-update.macos64_1.5.0.202011040924/tools/bin/../lib/gcc/arm-none-eabi/9.3.1/../../../../arm-none-eabi/lib/thumb/v6-m/nofp/libc_nano.a(lib_a-nano-freer.o)
                              /Applications/STM32CubeIDE.app/Contents/Eclipse/plugins/com.st.stm32cube.ide.mcu.externaltools.gnu-tools-for-stm32.9-2020-q2-update.macos64_1.5.0.202011040924/tools/bin/../lib/gcc/arm-none-eabi/9.3.1/../../../../arm-none-eabi/lib/thumb/v6-m/nofp/libc_nano.a(lib_a-malloc.o) (_free_r)
/Applications/STM32CubeIDE.app/Contents/Eclipse/plugins/com.st.stm32cube.ide.mcu.externaltools.gnu-tools-for-stm32.9-2020-q2-update.macos64_1.5.0.202011040924/tools/bin/../lib/gcc/arm-none-eabi/9.3.1/../../../../arm-none-eabi/lib/thumb/v6-m/nofp/libc_nano.a(lib_a-nano-mallocr.o)
                              /Applications/STM32CubeIDE.app/Contents/Eclipse/plugins/com.st.stm32cube.ide.mcu.externaltools.gnu-tools-for-stm32.9-2020-q2-update.macos64_1.5.0.202011040924/tools/bin/../lib/gcc/arm-none-eabi/9.3.1/../../../../arm-none-eabi/lib/thumb/v6-m/nofp/libc_nano.a(lib_a-malloc.o) (_malloc_r)
/Applications/STM32CubeIDE.app/Contents/Eclipse/plugins/com.st.stm32cube.ide.mcu.externaltools.gnu-tools-for-stm32.9-2020-q2-update.macos64_1.5.0.202011040924/tools/bin/../lib/gcc/arm-none-eabi/9.3.1/../../../../arm-none-eabi/lib/thumb/v6-m/nofp/libc_nano.a(lib_a-sbrkr.o)
[...]
Memory Configuration

Name             Origin             Length             Attributes
RAM              0x0000000020000000 0x0000000000002000 xrw
FLASH            0x0000000008000000 0x0000000000010000 xr
*default*        0x0000000000000000 0xffffffffffffffff

Linker script and memory map

LOAD /Applications/STM32CubeIDE.app/Contents/Eclipse/plugins/com.st.stm32cube.ide.mcu.externaltools.gnu-tools-for-stm32.9-2020-q2-update.macos64_1.5.0.202011040924/tools/bin/../lib/gcc/arm-none-eabi/9.3.1/thumb/v6-m/nofp/crti.o
LOAD /Applications/STM32CubeIDE.app/Contents/Eclipse/plugins/com.st.stm32cube.ide.mcu.externaltools.gnu-tools-for-stm32.9-2020-q2-update.macos64_1.5.0.202011040924/tools/bin/../lib/gcc/arm-none-eabi/9.3.1/thumb/v6-m/nofp/crtbegin.o
LOAD /Applications/STM32CubeIDE.app/Contents/Eclipse/plugins/com.st.stm32cube.ide.mcu.externaltools.gnu-tools-for-stm32.9-2020-q2-update.macos64_1.5.0.202011040924/tools/bin/../lib/gcc/arm-none-eabi/9.3.1/../../../../arm-none-eabi/lib/thumb/v6-m/nofp/crt0.o
LOAD Core/Src/adc.o
LOAD Core/Src/at_commands.o
LOAD Core/Src/bq27441.o
LOAD Core/Src/dma.o
LOAD Core/Src/epd.o
LOAD Core/Src/epd_gfx.o
LOAD Core/Src/glcdfont.o
LOAD Core/Src/gpio.o
LOAD Core/Src/hts221.o
LOAD Core/Src/i2c.o
LOAD Core/Src/main.o
LOAD Core/Src/main_gui.o
LOAD Core/Src/rtc.o
LOAD Core/Src/serial_print.o
LOAD Core/Src/spi.o
LOAD Core/Src/sram.o
LOAD Core/Src/stm32l0xx_hal_msp.o
LOAD Core/Src/stm32l0xx_it.o
LOAD Core/Src/syscalls.o
LOAD Core/Src/sysmem.o
LOAD Core/Src/system_stm32l0xx.o
LOAD Core/Src/tim.o
LOAD Core/Src/usart.o
LOAD Core/Src/vcnl4010.o
LOAD Core/Startup/startup_stm32l053r8tx.o
LOAD Drivers/STM32L0xx_HAL_Driver/Src/stm32l0xx_hal.o
LOAD Drivers/STM32L0xx_HAL_Driver/Src/stm32l0xx_hal_adc.o
LOAD Drivers/STM32L0xx_HAL_Driver/Src/stm32l0xx_hal_adc_ex.o
LOAD Drivers/STM32L0xx_HAL_Driver/Src/stm32l0xx_hal_cortex.o
LOAD Drivers/STM32L0xx_HAL_Driver/Src/stm32l0xx_hal_dma.o
LOAD Drivers/STM32L0xx_HAL_Driver/Src/stm32l0xx_hal_exti.o
LOAD Drivers/STM32L0xx_HAL_Driver/Src/stm32l0xx_hal_flash.o
LOAD Drivers/STM32L0xx_HAL_Driver/Src/stm32l0xx_hal_flash_ex.o
LOAD Drivers/STM32L0xx_HAL_Driver/Src/stm32l0xx_hal_flash_ramfunc.o
LOAD Drivers/STM32L0xx_HAL_Driver/Src/stm32l0xx_hal_gpio.o
LOAD Drivers/STM32L0xx_HAL_Driver/Src/stm32l0xx_hal_i2c.o
LOAD Drivers/STM32L0xx_HAL_Driver/Src/stm32l0xx_hal_i2c_ex.o
LOAD Drivers/STM32L0xx_HAL_Driver/Src/stm32l0xx_hal_pwr.o
LOAD Drivers/STM32L0xx_HAL_Driver/Src/stm32l0xx_hal_pwr_ex.o
LOAD Drivers/STM32L0xx_HAL_Driver/Src/stm32l0xx_hal_rcc.o
LOAD Drivers/STM32L0xx_HAL_Driver/Src/stm32l0xx_hal_rcc_ex.o
LOAD Drivers/STM32L0xx_HAL_Driver/Src/stm32l0xx_hal_rtc.o
LOAD Drivers/STM32L0xx_HAL_Driver/Src/stm32l0xx_hal_rtc_ex.o
LOAD Drivers/STM32L0xx_HAL_Driver/Src/stm32l0xx_hal_spi.o
LOAD Drivers/STM32L0xx_HAL_Driver/Src/stm32l0xx_hal_tim.o
LOAD Drivers/STM32L0xx_HAL_Driver/Src/stm32l0xx_hal_tim_ex.o
LOAD Drivers/STM32L0xx_HAL_Driver/Src/stm32l0xx_hal_uart.o
LOAD Drivers/STM32L0xx_HAL_Driver/Src/stm32l0xx_hal_uart_ex.o
START GROUP
LOAD /Applications/STM32CubeIDE.app/Contents/Eclipse/plugins/com.st.stm32cube.ide.mcu.externaltools.gnu-tools-for-stm32.9-2020-q2-update.macos64_1.5.0.202011040924/tools/bin/../lib/gcc/arm-none-eabi/9.3.1/../../../../arm-none-eabi/lib/thumb/v6-m/nofp/libc_nano.a
LOAD /Applications/STM32CubeIDE.app/Contents/Eclipse/plugins/com.st.stm32cube.ide.mcu.externaltools.gnu-tools-for-stm32.9-2020-q2-update.macos64_1.5.0.202011040924/tools/bin/../lib/gcc/arm-none-eabi/9.3.1/../../../../arm-none-eabi/lib/thumb/v6-m/nofp/libm.a
END GROUP
START GROUP
LOAD /Applications/STM32CubeIDE.app/Contents/Eclipse/plugins/com.st.stm32cube.ide.mcu.externaltools.gnu-tools-for-stm32.9-2020-q2-update.macos64_1.5.0.202011040924/tools/bin/../lib/gcc/arm-none-eabi/9.3.1/thumb/v6-m/nofp/libgcc.a
LOAD /Applications/STM32CubeIDE.app/Contents/Eclipse/plugins/com.st.stm32cube.ide.mcu.externaltools.gnu-tools-for-stm32.9-2020-q2-update.macos64_1.5.0.202011040924/tools/bin/../lib/gcc/arm-none-eabi/9.3.1/../../../../arm-none-eabi/lib/thumb/v6-m/nofp/libc_nano.a
END GROUP
START GROUP
LOAD /Applications/STM32CubeIDE.app/Contents/Eclipse/plugins/com.st.stm32cube.ide.mcu.externaltools.gnu-tools-for-stm32.9-2020-q2-update.macos64_1.5.0.202011040924/tools/bin/../lib/gcc/arm-none-eabi/9.3.1/thumb/v6-m/nofp/libgcc.a
LOAD /Applications/STM32CubeIDE.app/Contents/Eclipse/plugins/com.st.stm32cube.ide.mcu.externaltools.gnu-tools-for-stm32.9-2020-q2-update.macos64_1.5.0.202011040924/tools/bin/../lib/gcc/arm-none-eabi/9.3.1/../../../../arm-none-eabi/lib/thumb/v6-m/nofp/libc_nano.a
LOAD /Applications/STM32CubeIDE.app/Contents/Eclipse/plugins/com.st.stm32cube.ide.mcu.externaltools.gnu-tools-for-stm32.9-2020-q2-update.macos64_1.5.0.202011040924/tools/bin/../lib/gcc/arm-none-eabi/9.3.1/../../../../arm-none-eabi/lib/thumb/v6-m/nofp/libnosys.a
END GROUP
START GROUP
LOAD /Applications/STM32CubeIDE.app/Contents/Eclipse/plugins/com.st.stm32cube.ide.mcu.externaltools.gnu-tools-for-stm32.9-2020-q2-update.macos64_1.5.0.202011040924/tools/bin/../lib/gcc/arm-none-eabi/9.3.1/thumb/v6-m/nofp/libgcc.a
LOAD /Applications/STM32CubeIDE.app/Contents/Eclipse/plugins/com.st.stm32cube.ide.mcu.externaltools.gnu-tools-for-stm32.9-2020-q2-update.macos64_1.5.0.202011040924/tools/bin/../lib/gcc/arm-none-eabi/9.3.1/../../../../arm-none-eabi/lib/thumb/v6-m/nofp/libc_nano.a
LOAD /Applications/STM32CubeIDE.app/Contents/Eclipse/plugins/com.st.stm32cube.ide.mcu.externaltools.gnu-tools-for-stm32.9-2020-q2-update.macos64_1.5.0.202011040924/tools/bin/../lib/gcc/arm-none-eabi/9.3.1/../../../../arm-none-eabi/lib/thumb/v6-m/nofp/libnosys.a
END GROUP
LOAD /Applications/STM32CubeIDE.app/Contents/Eclipse/plugins/com.st.stm32cube.ide.mcu.externaltools.gnu-tools-for-stm32.9-2020-q2-update.macos64_1.5.0.202011040924/tools/bin/../lib/gcc/arm-none-eabi/9.3.1/thumb/v6-m/nofp/crtend.o
LOAD /Applications/STM32CubeIDE.app/Contents/Eclipse/plugins/com.st.stm32cube.ide.mcu.externaltools.gnu-tools-for-stm32.9-2020-q2-update.macos64_1.5.0.202011040924/tools/bin/../lib/gcc/arm-none-eabi/9.3.1/thumb/v6-m/nofp/crtn.o
                0x0000000020002000                _estack = (ORIGIN (RAM) + LENGTH (RAM))
                0x0000000000000200                _Min_Heap_Size = 0x200
                0x0000000000000400                _Min_Stack_Size = 0x400

.isr_vector     0x0000000008000000       0xc0
                0x0000000008000000                . = ALIGN (0x4)
 *(.isr_vector)
 .isr_vector    0x0000000008000000       0xc0 Core/Startup/startup_stm32l053r8tx.o
                0x0000000008000000                g_pfnVectors
                0x00000000080000c0                . = ALIGN (0x4)

.text           0x00000000080000c0     0xcef4
                0x00000000080000c0                . = ALIGN (0x4)
 *(.text)
 .text          0x00000000080000c0       0x48 /Applications/STM32CubeIDE.app/Contents/Eclipse/plugins/com.st.stm32cube.ide.mcu.externaltools.gnu-tools-for-stm32.9-2020-q2-update.macos64_1.5.0.202011040924/tools/bin/../lib/gcc/arm-none-eabi/9.3.1/thumb/v6-m/nofp/crtbegin.o
 .text          0x0000000008000108      0x114 /Applications/STM32CubeIDE.app/Contents/Eclipse/plugins/com.st.stm32cube.ide.mcu.externaltools.gnu-tools-for-stm32.9-2020-q2-update.macos64_1.5.0.202011040924/tools/bin/../lib/gcc/arm-none-eabi/9.3.1/thumb/v6-m/nofp/libgcc.a(_udivsi3.o)
                0x0000000008000108                __udivsi3
                0x0000000008000108                __aeabi_uidiv
                0x0000000008000214                __aeabi_uidivmod
 .text          0x000000000800021c        0x4 /Applications/STM32CubeIDE.app/Contents/Eclipse/plugins/com.st.stm32cube.ide.mcu.externaltools.gnu-tools-for-stm32.9-2020-q2-update.macos64_1.5.0.202011040924/tools/bin/../lib/gcc/arm-none-eabi/9.3.1/thumb/v6-m/nofp/libgcc.a(_dvmd_tls.o)
                0x000000000800021c                __aeabi_ldiv0
                0x000000000800021c                __aeabi_idiv0
 .text          0x0000000008000220       0x7c /Applications/STM32CubeIDE.app/Contents/Eclipse/plugins/com.st.stm32cube.ide.mcu.externaltools.gnu-tools-for-stm32.9-2020-q2-update.macos64_1.5.0.202011040924/tools/bin/../lib/gcc/arm-none-eabi/9.3.1/thumb/v6-m/nofp/libgcc.a(_arm_cmpdf2.o)
                0x0000000008000220                __aeabi_cdrcmple
                0x0000000008000230                __aeabi_cdcmple
                0x0000000008000230                __aeabi_cdcmpeq
                0x0000000008000240                __aeabi_dcmpeq
                0x000000000800024c                __aeabi_dcmplt
                0x0000000008000260                __aeabi_dcmple
                0x0000000008000274                __aeabi_dcmpgt
                0x0000000008000288                __aeabi_dcmpge
 .text          0x000000000800029c       0x74 /Applications/STM32CubeIDE.app/Contents/Eclipse/plugins/com.st.stm32cube.ide.mcu.externaltools.gnu-tools-for-stm32.9-2020-q2-update.macos64_1.5.0.202011040924/tools/bin/../lib/gcc/arm-none-eabi/9.3.1/thumb/v6-m/nofp/libgcc.a(_arm_cmpsf2.o)
                0x000000000800029c                __aeabi_cfrcmple
                0x00000000080002a4                __aeabi_cfcmple
                0x00000000080002a4                __aeabi_cfcmpeq
                0x00000000080002b4                __aeabi_fcmpeq
                0x00000000080002c0                __aeabi_fcmplt
                0x00000000080002d4                __aeabi_fcmple
                0x00000000080002e8                __aeabi_fcmpgt
                0x00000000080002fc                __aeabi_fcmpge
 .text          0x0000000008000310       0x40 /Applications/STM32CubeIDE.app/Contents/Eclipse/plugins/com.st.stm32cube.ide.mcu.externaltools.gnu-tools-for-stm32.9-2020-q2-update.macos64_1.5.0.202011040924/tools/bin/../lib/gcc/arm-none-eabi/9.3.1/thumb/v6-m/nofp/libgcc.a(_aeabi_uldivmod.o)
                0x0000000008000310                __aeabi_uldivmod
 .text          0x0000000008000350       0x50 /Applications/STM32CubeIDE.app/Contents/Eclipse/plugins/com.st.stm32cube.ide.mcu.externaltools.gnu-tools-for-stm32.9-2020-q2-update.macos64_1.5.0.202011040924/tools/bin/../lib/gcc/arm-none-eabi/9.3.1/thumb/v6-m/nofp/libgcc.a(_muldi3.o)
                0x0000000008000350                __aeabi_lmul
                0x0000000008000350                __muldi3
 .text          0x00000000080003a0       0x3c /Applications/STM32CubeIDE.app/Contents/Eclipse/plugins/com.st.stm32cube.ide.mcu.externaltools.gnu-tools-for-stm32.9-2020-q2-update.macos64_1.5.0.202011040924/tools/bin/../lib/gcc/arm-none-eabi/9.3.1/thumb/v6-m/nofp/libgcc.a(_fixunsdfsi.o)
                0x00000000080003a0                __fixunsdfsi
                0x00000000080003a0                __aeabi_d2uiz
 .text          0x00000000080003dc      0x198 /Applications/STM32CubeIDE.app/Contents/Eclipse/plugins/com.st.stm32cube.ide.mcu.externaltools.gnu-tools-for-stm32.9-2020-q2-update.macos64_1.5.0.202011040924/tools/bin/../lib/gcc/arm-none-eabi/9.3.1/thumb/v6-m/nofp/libgcc.a(_udivmoddi4.o)
                0x00000000080003dc                __udivmoddi4
 .text          0x0000000008000574      0x338 /Applications/STM32CubeIDE.app/Contents/Eclipse/plugins/com.st.stm32cube.ide.mcu.externaltools.gnu-tools-for-stm32.9-2020-q2-update.macos64_1.5.0.202011040924/tools/bin/../lib/gcc/arm-none-eabi/9.3.1/thumb/v6-m/nofp/libgcc.a(addsf3.o)
                0x0000000008000574                __aeabi_fadd
 .text          0x00000000080008ac      0x218 /Applications/STM32CubeIDE.app/Contents/Eclipse/plugins/com.st.stm32cube.ide.mcu.externaltools.gnu-tools-for-stm32.9-2020-q2-update.macos64_1.5.0.202011040924/tools/bin/../lib/gcc/arm-none-eabi/9.3.1/thumb/v6-m/nofp/libgcc.a(divsf3.o)
                0x00000000080008ac                __aeabi_fdiv
 .text          0x0000000008000ac4       0x50 /Applications/STM32CubeIDE.app/Contents/Eclipse/plugins/com.st.stm32cube.ide.mcu.externaltools.gnu-tools-for-stm32.9-2020-q2-update.macos64_1.5.0.202011040924/tools/bin/../lib/gcc/arm-none-eabi/9.3.1/thumb/v6-m/nofp/libgcc.a(eqsf2.o)
                0x0000000008000ac4                __nesf2
                0x0000000008000ac4                __eqsf2
 .text          0x0000000008000b14       0x98 /Applications/STM32CubeIDE.app/Contents/Eclipse/plugins/com.st.stm32cube.ide.mcu.externaltools.gnu-tools-for-stm32.9-2020-q2-update.macos64_1.5.0.202011040924/tools/bin/../lib/gcc/arm-none-eabi/9.3.1/thumb/v6-m/nofp/libgcc.a(gesf2.o)
                0x0000000008000b14                __gtsf2
                0x0000000008000b14                __gesf2
 .text          0x0000000008000bac       0x94 /Applications/STM32CubeIDE.app/Contents/Eclipse/plugins/com.st.stm32cube.ide.mcu.externaltools.gnu-tools-for-stm32.9-2020-q2-update.macos64_1.5.0.202011040924/tools/bin/../lib/gcc/arm-none-eabi/9.3.1/thumb/v6-m/nofp/libgcc.a(lesf2.o)
                0x0000000008000bac                __lesf2
                0x0000000008000bac                __ltsf2
 .text          0x0000000008000c40      0x234 /Applications/STM32CubeIDE.app/Contents/Eclipse/plugins/com.st.stm32cube.ide.mcu.externaltools.gnu-tools-for-stm32.9-2020-q2-update.macos64_1.5.0.202011040924/tools/bin/../lib/gcc/arm-none-eabi/9.3.1/thumb/v6-m/nofp/libgcc.a(mulsf3.o)
                0x0000000008000c40                __aeabi_fmul
 .text          0x0000000008000e74      0x390 /Applications/STM32CubeIDE.app/Contents/Eclipse/plugins/com.st.stm32cube.ide.mcu.externaltools.gnu-tools-for-stm32.9-2020-q2-update.macos64_1.5.0.202011040924/tools/bin/../lib/gcc/arm-none-eabi/9.3.1/thumb/v6-m/nofp/libgcc.a(subsf3.o)
                0x0000000008000e74                __aeabi_fsub
 .text          0x0000000008001204       0x40 /Applications/STM32CubeIDE.app/Contents/Eclipse/plugins/com.st.stm32cube.ide.mcu.externaltools.gnu-tools-for-stm32.9-2020-q2-update.macos64_1.5.0.202011040924/tools/bin/../lib/gcc/arm-none-eabi/9.3.1/thumb/v6-m/nofp/libgcc.a(fixsfsi.o)
                0x0000000008001204                __aeabi_f2iz
 .text          0x0000000008001244       0x8c /Applications/STM32CubeIDE.app/Contents/Eclipse/plugins/com.st.stm32cube.ide.mcu.externaltools.gnu-tools-for-stm32.9-2020-q2-update.macos64_1.5.0.202011040924/tools/bin/../lib/gcc/arm-none-eabi/9.3.1/thumb/v6-m/nofp/libgcc.a(floatsisf.o)
                0x0000000008001244                __aeabi_i2f
 .text          0x00000000080012d0      0x6d4 /Applications/STM32CubeIDE.app/Contents/Eclipse/plugins/com.st.stm32cube.ide.mcu.externaltools.gnu-tools-for-stm32.9-2020-q2-update.macos64_1.5.0.202011040924/tools/bin/../lib/gcc/arm-none-eabi/9.3.1/thumb/v6-m/nofp/libgcc.a(adddf3.o)
                0x00000000080012d0                __aeabi_dadd
 .text          0x00000000080019a4      0x5d0 /Applications/STM32CubeIDE.app/Contents/Eclipse/plugins/com.st.stm32cube.ide.mcu.externaltools.gnu-tools-for-stm32.9-2020-q2-update.macos64_1.5.0.202011040924/tools/bin/../lib/gcc/arm-none-eabi/9.3.1/thumb/v6-m/nofp/libgcc.a(divdf3.o)
                0x00000000080019a4                __aeabi_ddiv
 .text          0x0000000008001f74       0x78 /Applications/STM32CubeIDE.app/Contents/Eclipse/plugins/com.st.stm32cube.ide.mcu.externaltools.gnu-tools-for-stm32.9-2020-q2-update.macos64_1.5.0.202011040924/tools/bin/../lib/gcc/arm-none-eabi/9.3.1/thumb/v6-m/nofp/libgcc.a(eqdf2.o)
                0x0000000008001f74                __eqdf2
                0x0000000008001f74                __nedf2
 .text          0x0000000008001fec       0xe4 /Applications/STM32CubeIDE.app/Contents/Eclipse/plugins/com.st.stm32cube.ide.mcu.externaltools.gnu-tools-for-stm32.9-2020-q2-update.macos64_1.5.0.202011040924/tools/bin/../lib/gcc/arm-none-eabi/9.3.1/thumb/v6-m/nofp/libgcc.a(gedf2.o)
                0x0000000008001fec                __gtdf2
                0x0000000008001fec                __gedf2
 .text          0x00000000080020d0       0xe0 /Applications/STM32CubeIDE.app/Contents/Eclipse/plugins/com.st.stm32cube.ide.mcu.externaltools.gnu-tools-for-stm32.9-2020-q2-update.macos64_1.5.0.202011040924/tools/bin/../lib/gcc/arm-none-eabi/9.3.1/thumb/v6-m/nofp/libgcc.a(ledf2.o)
                0x00000000080020d0                __ltdf2
                0x00000000080020d0                __ledf2
 .text          0x00000000080021b0      0x4d8 /Applications/STM32CubeIDE.app/Contents/Eclipse/plugins/com.st.stm32cube.ide.mcu.externaltools.gnu-tools-for-stm32.9-2020-q2-update.macos64_1.5.0.202011040924/tools/bin/../lib/gcc/arm-none-eabi/9.3.1/thumb/v6-m/nofp/libgcc.a(muldf3.o)
                0x00000000080021b0                __aeabi_dmul
 .text          0x0000000008002688      0x724 /Applications/STM32CubeIDE.app/Contents/Eclipse/plugins/com.st.stm32cube.ide.mcu.externaltools.gnu-tools-for-stm32.9-2020-q2-update.macos64_1.5.0.202011040924/tools/bin/../lib/gcc/arm-none-eabi/9.3.1/thumb/v6-m/nofp/libgcc.a(subdf3.o)
                0x0000000008002688                __aeabi_dsub
 .text          0x0000000008002dac       0x6c /Applications/STM32CubeIDE.app/Contents/Eclipse/plugins/com.st.stm32cube.ide.mcu.externaltools.gnu-tools-for-stm32.9-2020-q2-update.macos64_1.5.0.202011040924/tools/bin/../lib/gcc/arm-none-eabi/9.3.1/thumb/v6-m/nofp/libgcc.a(fixdfsi.o)
                0x0000000008002dac                __aeabi_d2iz
 .text          0x0000000008002e18       0x60 /Applications/STM32CubeIDE.app/Contents/Eclipse/plugins/com.st.stm32cube.ide.mcu.externaltools.gnu-tools-for-stm32.9-2020-q2-update.macos64_1.5.0.202011040924/tools/bin/../lib/gcc/arm-none-eabi/9.3.1/thumb/v6-m/nofp/libgcc.a(floatsidf.o)
                0x0000000008002e18                __aeabi_i2d
 .text          0x0000000008002e78       0x4c /Applications/STM32CubeIDE.app/Contents/Eclipse/plugins/com.st.stm32cube.ide.mcu.externaltools.gnu-tools-for-stm32.9-2020-q2-update.macos64_1.5.0.202011040924/tools/bin/../lib/gcc/arm-none-eabi/9.3.1/thumb/v6-m/nofp/libgcc.a(floatunsidf.o)
                0x0000000008002e78                __aeabi_ui2d
 .text          0x0000000008002ec4       0x90 /Applications/STM32CubeIDE.app/Contents/Eclipse/plugins/com.st.stm32cube.ide.mcu.externaltools.gnu-tools-for-stm32.9-2020-q2-update.macos64_1.5.0.202011040924/tools/bin/../lib/gcc/arm-none-eabi/9.3.1/thumb/v6-m/nofp/libgcc.a(extendsfdf2.o)
                0x0000000008002ec4                __aeabi_f2d
 .text          0x0000000008002f54      0x110 /Applications/STM32CubeIDE.app/Contents/Eclipse/plugins/com.st.stm32cube.ide.mcu.externaltools.gnu-tools-for-stm32.9-2020-q2-update.macos64_1.5.0.202011040924/tools/bin/../lib/gcc/arm-none-eabi/9.3.1/thumb/v6-m/nofp/libgcc.a(truncdfsf2.o)
                0x0000000008002f54                __aeabi_d2f
 .text          0x0000000008003064       0x3c /Applications/STM32CubeIDE.app/Contents/Eclipse/plugins/com.st.stm32cube.ide.mcu.externaltools.gnu-tools-for-stm32.9-2020-q2-update.macos64_1.5.0.202011040924/tools/bin/../lib/gcc/arm-none-eabi/9.3.1/thumb/v6-m/nofp/libgcc.a(_clzsi2.o)
                0x0000000008003064                __clzsi2
 .text          0x00000000080030a0       0x18 /Applications/STM32CubeIDE.app/Contents/Eclipse/plugins/com.st.stm32cube.ide.mcu.externaltools.gnu-tools-for-stm32.9-2020-q2-update.macos64_1.5.0.202011040924/tools/bin/../lib/gcc/arm-none-eabi/9.3.1/thumb/v6-m/nofp/libgcc.a(_clzdi2.o)
                0x00000000080030a0                __clzdi2
 *(.text*)
 .text.MX_ADC_Init
                0x00000000080030b8      0x150 Core/Src/adc.o
                0x00000000080030b8                MX_ADC_Init
 .text.HAL_ADC_MspInit
                0x0000000008003208      0x120 Core/Src/adc.o
                0x0000000008003208                HAL_ADC_MspInit
 .text.ADC_calc_r0
                0x0000000008003328      0x108 Core/Src/adc.o
                0x0000000008003328                ADC_calc_r0
 .text.ADC_calc_ppm
                0x0000000008003430       0xec Core/Src/adc.o
                0x0000000008003430                ADC_calc_ppm
 .text.ln       0x000000000800351c       0xb4 Core/Src/adc.o
                0x000000000800351c                ln
 .text.log10    0x00000000080035d0       0x40 Core/Src/adc.o
                0x00000000080035d0                log10
 .text.pow      0x0000000008003610       0x2e Core/Src/adc.o
                0x0000000008003610                pow
 *fill*         0x000000000800363e        0x2 
 .text.exp      0x0000000008003640       0xa4 Core/Src/adc.o
                0x0000000008003640                exp
 .text.setup_wifi
                0x00000000080036e4       0x48 Core/Src/at_commands.o
                0x00000000080036e4                setup_wifi
 .text.sent_freshbyte_data
                0x000000000800372c       0x4c Core/Src/at_commands.o
                0x000000000800372c                sent_freshbyte_data
 .text.bq_init  0x0000000008003778       0x38 Core/Src/bq27441.o
                0x0000000008003778                bq_init
 .text.BQ27441_setCapacity
                0x00000000080037b0       0x4c Core/Src/bq27441.o
                0x00000000080037b0                BQ27441_setCapacity
 .text.BQ27441_setDesignEnergy
                0x00000000080037fc       0x4c Core/Src/bq27441.o
                0x00000000080037fc                BQ27441_setDesignEnergy
 .text.BQ27441_soc
                0x0000000008003848       0x50 Core/Src/bq27441.o
                0x0000000008003848                BQ27441_soc
 .text.BQ27441_writeExtendedData
                0x0000000008003898       0xca Core/Src/bq27441.o
                0x0000000008003898                BQ27441_writeExtendedData
 *fill*         0x0000000008003962        0x2 
 .text.BQ27441_readWord
                0x0000000008003964       0x4c Core/Src/bq27441.o
                0x0000000008003964                BQ27441_readWord
 .text.BQ27441_blockDataControl
                0x00000000080039b0       0x34 Core/Src/bq27441.o
                0x00000000080039b0                BQ27441_blockDataControl
 .text.BQ27441_blockDataClass
                0x00000000080039e4       0x34 Core/Src/bq27441.o
                0x00000000080039e4                BQ27441_blockDataClass
 .text.BQ27441_blockDataOffset
                0x0000000008003a18       0x34 Core/Src/bq27441.o
                0x0000000008003a18                BQ27441_blockDataOffset
 .text.BQ27441_blockDataChecksum
                0x0000000008003a4c       0x30 Core/Src/bq27441.o
                0x0000000008003a4c                BQ27441_blockDataChecksum
 .text.BQ27441_computeBlockChecksum
                0x0000000008003a7c       0x6c Core/Src/bq27441.o
                0x0000000008003a7c                BQ27441_computeBlockChecksum
 .text.BQ27441_writeBlockChecksum
                0x0000000008003ae8       0x34 Core/Src/bq27441.o
                0x0000000008003ae8                BQ27441_writeBlockChecksum
 .text.BQ27441_writeBlockData
                0x0000000008003b1c       0x4c Core/Src/bq27441.o
                0x0000000008003b1c                BQ27441_writeBlockData
 .text.MX_DMA_Init
                0x0000000008003b68       0x4c Core/Src/dma.o
                0x0000000008003b68                MX_DMA_Init
 .text.epd_command
                0x0000000008003bb4       0xe4 Core/Src/epd.o
                0x0000000008003bb4                epd_command
 .text.epd_data
                0x0000000008003c98       0x4c Core/Src/epd.o
                0x0000000008003c98                epd_data
 .text.epd_pCommand
                0x0000000008003ce4       0x38 Core/Src/epd.o
                0x0000000008003ce4                epd_pCommand
 .text.epd_commandList
                0x0000000008003d1c       0x9c Core/Src/epd.o
                0x0000000008003d1c                epd_commandList
 .text.epd_reset
                0x0000000008003db8        0xa Core/Src/epd.o
                0x0000000008003db8                epd_reset
 .text.epd_busy
                0x0000000008003dc2       0x14 Core/Src/epd.o
                0x0000000008003dc2                epd_busy
 *fill*         0x0000000008003dd6        0x2 
 .text.epd_update
                0x0000000008003dd8       0x3c Core/Src/epd.o
                0x0000000008003dd8                epd_update
 .text.epd_powerUp
                0x0000000008003e14       0x52 Core/Src/epd.o
                0x0000000008003e14                epd_powerUp
 .text.epd_powerDown
                0x0000000008003e66       0x2c Core/Src/epd.o
                0x0000000008003e66                epd_powerDown
 .text.epd_writeRAMcommand
                0x0000000008003e92       0x3e Core/Src/epd.o
                0x0000000008003e92                epd_writeRAMcommand
 .text.set_black_buffer
                0x0000000008003ed0       0x60 Core/Src/epd.o
                0x0000000008003ed0                set_black_buffer
 .text.epd_init
                0x0000000008003f30       0xec Core/Src/epd.o
                0x0000000008003f30                epd_init
 .text.clear_buffer
                0x000000000800401c       0x88 Core/Src/epd.o
                0x000000000800401c                clear_buffer
 .text.spi_transfer
                0x00000000080040a4       0x80 Core/Src/epd.o
                0x00000000080040a4                spi_transfer
 .text.write_SRAM_to_epd
                0x0000000008004124       0xf4 Core/Src/epd.o
                0x0000000008004124                write_SRAM_to_epd
 .text.write_RAM_to_epd
                0x0000000008004218       0xbc Core/Src/epd.o
                0x0000000008004218                write_RAM_to_epd
 .text.display  0x00000000080042d4       0x64 Core/Src/epd.o
                0x00000000080042d4                display
 .text.draw_pixel
                0x0000000008004338      0x268 Core/Src/epd.o
                0x0000000008004338                draw_pixel
 .text.set_rotation
                0x00000000080045a0       0x68 Core/Src/epd_gfx.o
                0x00000000080045a0                set_rotation
 .text.set_text_size
                0x0000000008004608       0x4c Core/Src/epd_gfx.o
                0x0000000008004608                set_text_size
 .text.set_text_scale
                0x0000000008004654       0x24 Core/Src/epd_gfx.o
                0x0000000008004654                set_text_scale
 .text.set_cursor
                0x0000000008004678       0x38 Core/Src/epd_gfx.o
                0x0000000008004678                set_cursor
 .text.set_x_margin
                0x00000000080046b0       0x20 Core/Src/epd_gfx.o
                0x00000000080046b0                set_x_margin
 .text.set_y_margin
                0x00000000080046d0       0x20 Core/Src/epd_gfx.o
                0x00000000080046d0                set_y_margin
 .text.write_line
                0x00000000080046f0      0x1f2 Core/Src/epd_gfx.o
                0x00000000080046f0                write_line
 .text.write_fast_vLine
                0x00000000080048e2       0x5e Core/Src/epd_gfx.o
                0x00000000080048e2                write_fast_vLine
 .text.fill_rect
                0x0000000008004940       0x88 Core/Src/epd_gfx.o
                0x0000000008004940                fill_rect
 .text.draw_char
                0x00000000080049c8      0x2f0 Core/Src/epd_gfx.o
                0x00000000080049c8                draw_char
 .text.write    0x0000000008004cb8      0x140 Core/Src/epd_gfx.o
                0x0000000008004cb8                write
 .text.draw_bitmap
                0x0000000008004df8      0x140 Core/Src/epd_gfx.o
                0x0000000008004df8                draw_bitmap
 .text.printWrite
                0x0000000008004f38       0x2a Core/Src/epd_gfx.o
                0x0000000008004f38                printWrite
 .text.printChar
                0x0000000008004f62       0x1e Core/Src/epd_gfx.o
                0x0000000008004f62                printChar
 .text.printString
                0x0000000008004f80       0x18 Core/Src/epd_gfx.o
                0x0000000008004f80                printString
 .text.printUnsigned
                0x0000000008004f98       0x9a Core/Src/epd_gfx.o
                0x0000000008004f98                printUnsigned
 *fill*         0x0000000008005032        0x2 
 .text.printFloat
                0x0000000008005034      0x12c Core/Src/epd_gfx.o
                0x0000000008005034                printFloat
 .text.MX_GPIO_Init
                0x0000000008005160      0x194 Core/Src/gpio.o
                0x0000000008005160                MX_GPIO_Init
 .text.hts221_reboot
                0x00000000080052f4       0xb4 Core/Src/hts221.o
                0x00000000080052f4                hts221_reboot
 .text.hts221_init
                0x00000000080053a8      0x454 Core/Src/hts221.o
                0x00000000080053a8                hts221_init
 .text.hts221_get_temp
                0x00000000080057fc      0x194 Core/Src/hts221.o
                0x00000000080057fc                hts221_get_temp
 .text.hts221_calc_temp
                0x0000000008005990       0x64 Core/Src/hts221.o
                0x0000000008005990                hts221_calc_temp
 .text.hts221_get_humid
                0x00000000080059f4      0x1e8 Core/Src/hts221.o
                0x00000000080059f4                hts221_get_humid
 .text.hts221_calc_humid
                0x0000000008005bdc       0x64 Core/Src/hts221.o
                0x0000000008005bdc                hts221_calc_humid
 .text.MX_I2C1_Init
                0x0000000008005c40       0x80 Core/Src/i2c.o
                0x0000000008005c40                MX_I2C1_Init
 .text.HAL_I2C_MspInit
                0x0000000008005cc0       0x8c Core/Src/i2c.o
                0x0000000008005cc0                HAL_I2C_MspInit
 .text.display_setup
                0x0000000008005d4c       0xb0 Core/Src/main.o
                0x0000000008005d4c                display_setup
 .text.HAL_ADC_LevelOutOfWindowCallback
                0x0000000008005dfc       0xb0 Core/Src/main.o
                0x0000000008005dfc                HAL_ADC_LevelOutOfWindowCallback
 .text.main     0x0000000008005eac      0x2d4 Core/Src/main.o
                0x0000000008005eac                main
 .text.SystemClock_Config
                0x0000000008006180      0x100 Core/Src/main.o
                0x0000000008006180                SystemClock_Config
 .text.MX_NVIC_Init
                0x0000000008006280       0x1a Core/Src/main.o
 *fill*         0x000000000800629a        0x2 
 .text.HAL_UART_RxCpltCallback
                0x000000000800629c       0x24 Core/Src/main.o
                0x000000000800629c                HAL_UART_RxCpltCallback
 .text.Error_Handler
                0x00000000080062c0        0xa Core/Src/main.o
                0x00000000080062c0                Error_Handler
 *fill*         0x00000000080062ca        0x2 
 .text.MX_RTC_Init
                0x00000000080062cc       0xd0 Core/Src/rtc.o
                0x00000000080062cc                MX_RTC_Init
 .text.HAL_RTC_MspInit
                0x000000000800639c       0x30 Core/Src/rtc.o
                0x000000000800639c                HAL_RTC_MspInit
 .text.convert  0x00000000080063cc       0x58 Core/Src/serial_print.o
                0x00000000080063cc                convert
 .text.strlen   0x0000000008006424       0x2c Core/Src/serial_print.o
                0x0000000008006424                strlen
 .text.serial_select
                0x0000000008006450       0x68 Core/Src/serial_print.o
                0x0000000008006450                serial_select
 .text.serial_clear
                0x00000000080064b8       0x34 Core/Src/serial_print.o
                0x00000000080064b8                serial_clear
 .text.serial_print
                0x00000000080064ec       0x2c Core/Src/serial_print.o
                0x00000000080064ec                serial_print
 .text.serial_println
                0x0000000008006518       0x58 Core/Src/serial_print.o
                0x0000000008006518                serial_println
 .text.serial_putc
                0x0000000008006570       0x28 Core/Src/serial_print.o
                0x0000000008006570                serial_putc
 .text.serial_printf
                0x0000000008006598      0x160 Core/Src/serial_print.o
                0x0000000008006598                serial_printf
 .text.MX_SPI1_Init
                0x00000000080066f8       0x70 Core/Src/spi.o
                0x00000000080066f8                MX_SPI1_Init
 .text.HAL_SPI_MspInit
                0x0000000008006768       0x88 Core/Src/spi.o
                0x0000000008006768                HAL_SPI_MspInit
 .text.sram_csHigh
                0x00000000080067f0       0x1c Core/Src/sram.o
                0x00000000080067f0                sram_csHigh
 .text.sram_csLow
                0x000000000800680c       0x1c Core/Src/sram.o
                0x000000000800680c                sram_csLow
 .text.sram_write
                0x0000000008006828       0xe0 Core/Src/sram.o
                0x0000000008006828                sram_write
 .text.sram_read
                0x0000000008006908       0xd0 Core/Src/sram.o
                0x0000000008006908                sram_read
 .text.sram_read8
                0x00000000080069d8       0x32 Core/Src/sram.o
                0x00000000080069d8                sram_read8
 .text.sram_write8
                0x0000000008006a0a       0x38 Core/Src/sram.o
                0x0000000008006a0a                sram_write8
 *fill*         0x0000000008006a42        0x2 
 .text.sram_erase
                0x0000000008006a44       0xc0 Core/Src/sram.o
                0x0000000008006a44                sram_erase
 .text.HAL_MspInit
                0x0000000008006b04       0x28 Core/Src/stm32l0xx_hal_msp.o
                0x0000000008006b04                HAL_MspInit
 .text.NMI_Handler
                0x0000000008006b2c       0x14 Core/Src/stm32l0xx_it.o
                0x0000000008006b2c                NMI_Handler
 .text.HardFault_Handler
                0x0000000008006b40       0x14 Core/Src/stm32l0xx_it.o
                0x0000000008006b40                HardFault_Handler
 .text.SVC_Handler
                0x0000000008006b54        0xa Core/Src/stm32l0xx_it.o
                0x0000000008006b54                SVC_Handler
 .text.PendSV_Handler
                0x0000000008006b5e        0xa Core/Src/stm32l0xx_it.o
                0x0000000008006b5e                PendSV_Handler
 .text.SysTick_Handler
                0x0000000008006b68        0xe Core/Src/stm32l0xx_it.o
                0x0000000008006b68                SysTick_Handler
 *fill*         0x0000000008006b76        0x2 
 .text.EXTI2_3_IRQHandler
                0x0000000008006b78      0x234 Core/Src/stm32l0xx_it.o
                0x0000000008006b78                EXTI2_3_IRQHandler
 .text.DMA1_Channel1_IRQHandler
                0x0000000008006dac       0x18 Core/Src/stm32l0xx_it.o
                0x0000000008006dac                DMA1_Channel1_IRQHandler
 .text.DMA1_Channel2_3_IRQHandler
                0x0000000008006dc4       0x18 Core/Src/stm32l0xx_it.o
                0x0000000008006dc4                DMA1_Channel2_3_IRQHandler
 .text.ADC1_COMP_IRQHandler
                0x0000000008006ddc       0x18 Core/Src/stm32l0xx_it.o
                0x0000000008006ddc                ADC1_COMP_IRQHandler
 .text.TIM6_DAC_IRQHandler
                0x0000000008006df4      0x270 Core/Src/stm32l0xx_it.o
                0x0000000008006df4                TIM6_DAC_IRQHandler
 .text.display_readings
                0x0000000008007064      0x348 Core/Src/stm32l0xx_it.o
                0x0000000008007064                display_readings
 .text.predictive_model
                0x00000000080073ac      0x1b4 Core/Src/stm32l0xx_it.o
                0x00000000080073ac                predictive_model
 .text._sbrk    0x0000000008007560       0x6c Core/Src/sysmem.o
                0x0000000008007560                _sbrk
 .text.SystemInit
                0x00000000080075cc        0xa Core/Src/system_stm32l0xx.o
                0x00000000080075cc                SystemInit
 *fill*         0x00000000080075d6        0x2 
 .text.MX_TIM6_Init
                0x00000000080075d8       0x78 Core/Src/tim.o
                0x00000000080075d8                MX_TIM6_Init
 .text.HAL_TIM_Base_MspInit
                0x0000000008007650       0x30 Core/Src/tim.o
                0x0000000008007650                HAL_TIM_Base_MspInit
 .text.MX_USART1_UART_Init
                0x0000000008007680       0x60 Core/Src/usart.o
                0x0000000008007680                MX_USART1_UART_Init
 .text.MX_USART2_UART_Init
                0x00000000080076e0       0x60 Core/Src/usart.o
                0x00000000080076e0                MX_USART2_UART_Init
 .text.HAL_UART_MspInit
                0x0000000008007740      0x148 Core/Src/usart.o
                0x0000000008007740                HAL_UART_MspInit
 .text.VCNL4010_disable_Interrupt
                0x0000000008007888       0x36 Core/Src/vcnl4010.o
                0x0000000008007888                VCNL4010_disable_Interrupt
 *fill*         0x00000000080078be        0x2 
 .text.VCNL4010_enable_Interrupt
                0x00000000080078c0       0x68 Core/Src/vcnl4010.o
                0x00000000080078c0                VCNL4010_enable_Interrupt
 .text.VCNL4010_ack_ISR
                0x0000000008007928       0x2e Core/Src/vcnl4010.o
                0x0000000008007928                VCNL4010_ack_ISR
 .text.VCNL4010_setLEDcurrent
                0x0000000008007956       0x2e Core/Src/vcnl4010.o
                0x0000000008007956                VCNL4010_setLEDcurrent
 .text.VCNL4010_write8
                0x0000000008007984       0x40 Core/Src/vcnl4010.o
                0x0000000008007984                VCNL4010_write8
 .text.VCNL4010_write16
                0x00000000080079c4       0x58 Core/Src/vcnl4010.o
                0x00000000080079c4                VCNL4010_write16
 .text.VCNL4010_read8
                0x0000000008007a1c       0x3c Core/Src/vcnl4010.o
                0x0000000008007a1c                VCNL4010_read8
 .text.Reset_Handler
                0x0000000008007a58       0x50 Core/Startup/startup_stm32l053r8tx.o
                0x0000000008007a58                Reset_Handler
 .text.Default_Handler
                0x0000000008007aa8        0x2 Core/Startup/startup_stm32l053r8tx.o
                0x0000000008007aa8                LPTIM1_IRQHandler
                0x0000000008007aa8                PVD_IRQHandler
                0x0000000008007aa8                I2C1_IRQHandler
                0x0000000008007aa8                RCC_CRS_IRQHandler
                0x0000000008007aa8                SPI1_IRQHandler
                0x0000000008007aa8                I2C2_IRQHandler
                0x0000000008007aa8                RTC_IRQHandler
                0x0000000008007aa8                LCD_IRQHandler
                0x0000000008007aa8                DMA1_Channel4_5_6_7_IRQHandler
                0x0000000008007aa8                EXTI4_15_IRQHandler
                0x0000000008007aa8                Default_Handler
                0x0000000008007aa8                TIM22_IRQHandler
                0x0000000008007aa8                EXTI0_1_IRQHandler
                0x0000000008007aa8                USB_IRQHandler
                0x0000000008007aa8                SPI2_IRQHandler
                0x0000000008007aa8                TIM21_IRQHandler
                0x0000000008007aa8                WWDG_IRQHandler
                0x0000000008007aa8                TIM2_IRQHandler
                0x0000000008007aa8                USART2_IRQHandler
                0x0000000008007aa8                FLASH_IRQHandler
                0x0000000008007aa8                USART1_IRQHandler
                0x0000000008007aa8                RNG_LPUART1_IRQHandler
                0x0000000008007aa8                TSC_IRQHandler
 *fill*         0x0000000008007aaa        0x2 
 .text.HAL_Init
                0x0000000008007aac       0x40 Drivers/STM32L0xx_HAL_Driver/Src/stm32l0xx_hal.o
                0x0000000008007aac                HAL_Init
 .text.HAL_InitTick
                0x0000000008007aec       0x68 Drivers/STM32L0xx_HAL_Driver/Src/stm32l0xx_hal.o
                0x0000000008007aec                HAL_InitTick
 .text.HAL_IncTick
                0x0000000008007b54       0x24 Drivers/STM32L0xx_HAL_Driver/Src/stm32l0xx_hal.o
                0x0000000008007b54                HAL_IncTick
 .text.HAL_GetTick
                0x0000000008007b78       0x14 Drivers/STM32L0xx_HAL_Driver/Src/stm32l0xx_hal.o
                0x0000000008007b78                HAL_GetTick
 .text.HAL_Delay
                0x0000000008007b8c       0x48 Drivers/STM32L0xx_HAL_Driver/Src/stm32l0xx_hal.o
                0x0000000008007b8c                HAL_Delay
 .text.HAL_ADC_Init
                0x0000000008007bd4      0x2e8 Drivers/STM32L0xx_HAL_Driver/Src/stm32l0xx_hal_adc.o
                0x0000000008007bd4                HAL_ADC_Init
 .text.HAL_ADC_Start_DMA
                0x0000000008007ebc      0x104 Drivers/STM32L0xx_HAL_Driver/Src/stm32l0xx_hal_adc.o
                0x0000000008007ebc                HAL_ADC_Start_DMA
 .text.HAL_ADC_IRQHandler
                0x0000000008007fc0      0x178 Drivers/STM32L0xx_HAL_Driver/Src/stm32l0xx_hal_adc.o
                0x0000000008007fc0                HAL_ADC_IRQHandler
 .text.HAL_ADC_ConvCpltCallback
                0x0000000008008138       0x10 Drivers/STM32L0xx_HAL_Driver/Src/stm32l0xx_hal_adc.o
                0x0000000008008138                HAL_ADC_ConvCpltCallback
 .text.HAL_ADC_ConvHalfCpltCallback
                0x0000000008008148       0x10 Drivers/STM32L0xx_HAL_Driver/Src/stm32l0xx_hal_adc.o
                0x0000000008008148                HAL_ADC_ConvHalfCpltCallback
 .text.HAL_ADC_ErrorCallback
                0x0000000008008158       0x10 Drivers/STM32L0xx_HAL_Driver/Src/stm32l0xx_hal_adc.o
                0x0000000008008158                HAL_ADC_ErrorCallback
 .text.HAL_ADC_ConfigChannel
                0x0000000008008168      0x140 Drivers/STM32L0xx_HAL_Driver/Src/stm32l0xx_hal_adc.o
                0x0000000008008168                HAL_ADC_ConfigChannel
 .text.HAL_ADC_AnalogWDGConfig
                0x00000000080082a8      0x11c Drivers/STM32L0xx_HAL_Driver/Src/stm32l0xx_hal_adc.o
                0x00000000080082a8                HAL_ADC_AnalogWDGConfig
 .text.ADC_Enable
                0x00000000080083c4       0xc0 Drivers/STM32L0xx_HAL_Driver/Src/stm32l0xx_hal_adc.o
 .text.ADC_DMAConvCplt
                0x0000000008008484       0xb4 Drivers/STM32L0xx_HAL_Driver/Src/stm32l0xx_hal_adc.o
 .text.ADC_DMAHalfConvCplt
                0x0000000008008538       0x1e Drivers/STM32L0xx_HAL_Driver/Src/stm32l0xx_hal_adc.o
 .text.ADC_DMAError
                0x0000000008008556       0x36 Drivers/STM32L0xx_HAL_Driver/Src/stm32l0xx_hal_adc.o
 .text.ADC_DelayMicroSecond
                0x000000000800858c       0x40 Drivers/STM32L0xx_HAL_Driver/Src/stm32l0xx_hal_adc.o
 .text.__NVIC_EnableIRQ
                0x00000000080085cc       0x34 Drivers/STM32L0xx_HAL_Driver/Src/stm32l0xx_hal_cortex.o
 .text.__NVIC_SetPriority
                0x0000000008008600       0xdc Drivers/STM32L0xx_HAL_Driver/Src/stm32l0xx_hal_cortex.o
 .text.SysTick_Config
                0x00000000080086dc       0x48 Drivers/STM32L0xx_HAL_Driver/Src/stm32l0xx_hal_cortex.o
 .text.HAL_NVIC_SetPriority
                0x0000000008008724       0x2a Drivers/STM32L0xx_HAL_Driver/Src/stm32l0xx_hal_cortex.o
                0x0000000008008724                HAL_NVIC_SetPriority
 .text.HAL_NVIC_EnableIRQ
                0x000000000800874e       0x20 Drivers/STM32L0xx_HAL_Driver/Src/stm32l0xx_hal_cortex.o
                0x000000000800874e                HAL_NVIC_EnableIRQ
 .text.HAL_SYSTICK_Config
                0x000000000800876e       0x1a Drivers/STM32L0xx_HAL_Driver/Src/stm32l0xx_hal_cortex.o
                0x000000000800876e                HAL_SYSTICK_Config
 .text.HAL_DMA_Init
                0x0000000008008788       0xf0 Drivers/STM32L0xx_HAL_Driver/Src/stm32l0xx_hal_dma.o
                0x0000000008008788                HAL_DMA_Init
 .text.HAL_DMA_Start_IT
                0x0000000008008878       0xcc Drivers/STM32L0xx_HAL_Driver/Src/stm32l0xx_hal_dma.o
                0x0000000008008878                HAL_DMA_Start_IT
 .text.HAL_DMA_IRQHandler
                0x0000000008008944      0x15c Drivers/STM32L0xx_HAL_Driver/Src/stm32l0xx_hal_dma.o
                0x0000000008008944                HAL_DMA_IRQHandler
 .text.DMA_SetConfig
                0x0000000008008aa0       0x5c Drivers/STM32L0xx_HAL_Driver/Src/stm32l0xx_hal_dma.o
 .text.HAL_GPIO_Init
                0x0000000008008afc      0x2ec Drivers/STM32L0xx_HAL_Driver/Src/stm32l0xx_hal_gpio.o
                0x0000000008008afc                HAL_GPIO_Init
 .text.HAL_GPIO_WritePin
                0x0000000008008de8       0x3a Drivers/STM32L0xx_HAL_Driver/Src/stm32l0xx_hal_gpio.o
                0x0000000008008de8                HAL_GPIO_WritePin
 *fill*         0x0000000008008e22        0x2 
 .text.HAL_GPIO_EXTI_IRQHandler
                0x0000000008008e24       0x38 Drivers/STM32L0xx_HAL_Driver/Src/stm32l0xx_hal_gpio.o
                0x0000000008008e24                HAL_GPIO_EXTI_IRQHandler
 .text.HAL_GPIO_EXTI_Callback
                0x0000000008008e5c       0x14 Drivers/STM32L0xx_HAL_Driver/Src/stm32l0xx_hal_gpio.o
                0x0000000008008e5c                HAL_GPIO_EXTI_Callback
 .text.HAL_I2C_Init
                0x0000000008008e70      0x12c Drivers/STM32L0xx_HAL_Driver/Src/stm32l0xx_hal_i2c.o
                0x0000000008008e70                HAL_I2C_Init
 .text.HAL_I2C_Mem_Write
                0x0000000008008f9c      0x25c Drivers/STM32L0xx_HAL_Driver/Src/stm32l0xx_hal_i2c.o
                0x0000000008008f9c                HAL_I2C_Mem_Write
 .text.HAL_I2C_Mem_Read
                0x00000000080091f8      0x268 Drivers/STM32L0xx_HAL_Driver/Src/stm32l0xx_hal_i2c.o
                0x00000000080091f8                HAL_I2C_Mem_Read
 .text.I2C_RequestMemoryWrite
                0x0000000008009460       0xc8 Drivers/STM32L0xx_HAL_Driver/Src/stm32l0xx_hal_i2c.o
 .text.I2C_RequestMemoryRead
                0x0000000008009528       0xc4 Drivers/STM32L0xx_HAL_Driver/Src/stm32l0xx_hal_i2c.o
 .text.I2C_Flush_TXDR
                0x00000000080095ec       0x44 Drivers/STM32L0xx_HAL_Driver/Src/stm32l0xx_hal_i2c.o
 .text.I2C_WaitOnFlagUntilTimeout
                0x0000000008009630       0x7e Drivers/STM32L0xx_HAL_Driver/Src/stm32l0xx_hal_i2c.o
 .text.I2C_WaitOnTXISFlagUntilTimeout
                0x00000000080096ae       0x7e Drivers/STM32L0xx_HAL_Driver/Src/stm32l0xx_hal_i2c.o
 .text.I2C_WaitOnSTOPFlagUntilTimeout
                0x000000000800972c       0x78 Drivers/STM32L0xx_HAL_Driver/Src/stm32l0xx_hal_i2c.o
 .text.I2C_IsAcknowledgeFailed
                0x00000000080097a4       0xcc Drivers/STM32L0xx_HAL_Driver/Src/stm32l0xx_hal_i2c.o
 .text.I2C_TransferConfig
                0x0000000008009870       0x6c Drivers/STM32L0xx_HAL_Driver/Src/stm32l0xx_hal_i2c.o
 .text.HAL_I2CEx_ConfigAnalogFilter
                0x00000000080098dc       0x98 Drivers/STM32L0xx_HAL_Driver/Src/stm32l0xx_hal_i2c_ex.o
                0x00000000080098dc                HAL_I2CEx_ConfigAnalogFilter
 .text.HAL_I2CEx_ConfigDigitalFilter
                0x0000000008009974       0x98 Drivers/STM32L0xx_HAL_Driver/Src/stm32l0xx_hal_i2c_ex.o
                0x0000000008009974                HAL_I2CEx_ConfigDigitalFilter
 .text.HAL_RCC_OscConfig
                0x0000000008009a0c      0x788 Drivers/STM32L0xx_HAL_Driver/Src/stm32l0xx_hal_rcc.o
                0x0000000008009a0c                HAL_RCC_OscConfig
 .text.HAL_RCC_ClockConfig
                0x000000000800a194      0x290 Drivers/STM32L0xx_HAL_Driver/Src/stm32l0xx_hal_rcc.o
                0x000000000800a194                HAL_RCC_ClockConfig
 .text.HAL_RCC_GetSysClockFreq
                0x000000000800a424      0x14c Drivers/STM32L0xx_HAL_Driver/Src/stm32l0xx_hal_rcc.o
                0x000000000800a424                HAL_RCC_GetSysClockFreq
 .text.HAL_RCC_GetHCLKFreq
                0x000000000800a570       0x14 Drivers/STM32L0xx_HAL_Driver/Src/stm32l0xx_hal_rcc.o
                0x000000000800a570                HAL_RCC_GetHCLKFreq
 .text.HAL_RCC_GetPCLK1Freq
                0x000000000800a584       0x2c Drivers/STM32L0xx_HAL_Driver/Src/stm32l0xx_hal_rcc.o
                0x000000000800a584                HAL_RCC_GetPCLK1Freq
 .text.HAL_RCC_GetPCLK2Freq
                0x000000000800a5b0       0x2c Drivers/STM32L0xx_HAL_Driver/Src/stm32l0xx_hal_rcc.o
                0x000000000800a5b0                HAL_RCC_GetPCLK2Freq
 .text.HAL_RCCEx_PeriphCLKConfig
                0x000000000800a5dc      0x2c8 Drivers/STM32L0xx_HAL_Driver/Src/stm32l0xx_hal_rcc_ex.o
                0x000000000800a5dc                HAL_RCCEx_PeriphCLKConfig
 .text.HAL_RTC_Init
                0x000000000800a8a4      0x13c Drivers/STM32L0xx_HAL_Driver/Src/stm32l0xx_hal_rtc.o
                0x000000000800a8a4                HAL_RTC_Init
 .text.HAL_RTC_SetTime
                0x000000000800a9e0      0x188 Drivers/STM32L0xx_HAL_Driver/Src/stm32l0xx_hal_rtc.o
                0x000000000800a9e0                HAL_RTC_SetTime
 .text.HAL_RTC_GetTime
                0x000000000800ab68       0xb8 Drivers/STM32L0xx_HAL_Driver/Src/stm32l0xx_hal_rtc.o
                0x000000000800ab68                HAL_RTC_GetTime
 .text.HAL_RTC_SetDate
                0x000000000800ac20      0x15c Drivers/STM32L0xx_HAL_Driver/Src/stm32l0xx_hal_rtc.o
                0x000000000800ac20                HAL_RTC_SetDate
 .text.HAL_RTC_GetDate
                0x000000000800ad7c       0x9c Drivers/STM32L0xx_HAL_Driver/Src/stm32l0xx_hal_rtc.o
                0x000000000800ad7c                HAL_RTC_GetDate
 .text.HAL_RTC_WaitForSynchro
                0x000000000800ae18       0x4e Drivers/STM32L0xx_HAL_Driver/Src/stm32l0xx_hal_rtc.o
                0x000000000800ae18                HAL_RTC_WaitForSynchro
 .text.RTC_EnterInitMode
                0x000000000800ae66       0x54 Drivers/STM32L0xx_HAL_Driver/Src/stm32l0xx_hal_rtc.o
                0x000000000800ae66                RTC_EnterInitMode
 .text.RTC_ByteToBcd2
                0x000000000800aeba       0x50 Drivers/STM32L0xx_HAL_Driver/Src/stm32l0xx_hal_rtc.o
                0x000000000800aeba                RTC_ByteToBcd2
 .text.RTC_Bcd2ToByte
                0x000000000800af0a       0x3a Drivers/STM32L0xx_HAL_Driver/Src/stm32l0xx_hal_rtc.o
                0x000000000800af0a                RTC_Bcd2ToByte
 .text.HAL_SPI_Init
                0x000000000800af44      0x128 Drivers/STM32L0xx_HAL_Driver/Src/stm32l0xx_hal_spi.o
                0x000000000800af44                HAL_SPI_Init
 .text.HAL_SPI_Transmit
                0x000000000800b06c      0x2ac Drivers/STM32L0xx_HAL_Driver/Src/stm32l0xx_hal_spi.o
                0x000000000800b06c                HAL_SPI_Transmit
 .text.HAL_SPI_Receive
                0x000000000800b318      0x24c Drivers/STM32L0xx_HAL_Driver/Src/stm32l0xx_hal_spi.o
                0x000000000800b318                HAL_SPI_Receive
 .text.HAL_SPI_TransmitReceive
                0x000000000800b564      0x376 Drivers/STM32L0xx_HAL_Driver/Src/stm32l0xx_hal_spi.o
                0x000000000800b564                HAL_SPI_TransmitReceive
 *fill*         0x000000000800b8da        0x2 
 .text.SPI_WaitFlagStateUntilTimeout
                0x000000000800b8dc      0x11c Drivers/STM32L0xx_HAL_Driver/Src/stm32l0xx_hal_spi.o
 .text.SPI_EndRxTransaction
                0x000000000800b9f8       0xd4 Drivers/STM32L0xx_HAL_Driver/Src/stm32l0xx_hal_spi.o
 .text.SPI_EndRxTxTransaction
                0x000000000800bacc       0x8c Drivers/STM32L0xx_HAL_Driver/Src/stm32l0xx_hal_spi.o
 .text.HAL_TIM_Base_Init
                0x000000000800bb58       0x80 Drivers/STM32L0xx_HAL_Driver/Src/stm32l0xx_hal_tim.o
                0x000000000800bb58                HAL_TIM_Base_Init
 .text.HAL_TIM_Base_Start_IT
                0x000000000800bbd8       0x98 Drivers/STM32L0xx_HAL_Driver/Src/stm32l0xx_hal_tim.o
                0x000000000800bbd8                HAL_TIM_Base_Start_IT
 .text.HAL_TIM_Base_Stop_IT
                0x000000000800bc70       0x4c Drivers/STM32L0xx_HAL_Driver/Src/stm32l0xx_hal_tim.o
                0x000000000800bc70                HAL_TIM_Base_Stop_IT
 .text.HAL_TIM_IRQHandler
                0x000000000800bcbc      0x1d0 Drivers/STM32L0xx_HAL_Driver/Src/stm32l0xx_hal_tim.o
                0x000000000800bcbc                HAL_TIM_IRQHandler
 .text.HAL_TIM_PeriodElapsedCallback
                0x000000000800be8c       0x10 Drivers/STM32L0xx_HAL_Driver/Src/stm32l0xx_hal_tim.o
                0x000000000800be8c                HAL_TIM_PeriodElapsedCallback
 .text.HAL_TIM_OC_DelayElapsedCallback
                0x000000000800be9c       0x10 Drivers/STM32L0xx_HAL_Driver/Src/stm32l0xx_hal_tim.o
                0x000000000800be9c                HAL_TIM_OC_DelayElapsedCallback
 .text.HAL_TIM_IC_CaptureCallback
                0x000000000800beac       0x10 Drivers/STM32L0xx_HAL_Driver/Src/stm32l0xx_hal_tim.o
                0x000000000800beac                HAL_TIM_IC_CaptureCallback
 .text.HAL_TIM_PWM_PulseFinishedCallback
                0x000000000800bebc       0x10 Drivers/STM32L0xx_HAL_Driver/Src/stm32l0xx_hal_tim.o
                0x000000000800bebc                HAL_TIM_PWM_PulseFinishedCallback
 .text.HAL_TIM_TriggerCallback
                0x000000000800becc       0x10 Drivers/STM32L0xx_HAL_Driver/Src/stm32l0xx_hal_tim.o
                0x000000000800becc                HAL_TIM_TriggerCallback
 .text.TIM_Base_SetConfig
                0x000000000800bedc       0xa8 Drivers/STM32L0xx_HAL_Driver/Src/stm32l0xx_hal_tim.o
 .text.HAL_TIMEx_MasterConfigSynchronization
                0x000000000800bf84       0xb0 Drivers/STM32L0xx_HAL_Driver/Src/stm32l0xx_hal_tim_ex.o
                0x000000000800bf84                HAL_TIMEx_MasterConfigSynchronization
 .text.HAL_UART_Init
                0x000000000800c034       0xa8 Drivers/STM32L0xx_HAL_Driver/Src/stm32l0xx_hal_uart.o
                0x000000000800c034                HAL_UART_Init
 .text.HAL_UART_Transmit
                0x000000000800c0dc      0x150 Drivers/STM32L0xx_HAL_Driver/Src/stm32l0xx_hal_uart.o
                0x000000000800c0dc                HAL_UART_Transmit
 .text.HAL_UART_Receive_DMA
                0x000000000800c22c       0xb0 Drivers/STM32L0xx_HAL_Driver/Src/stm32l0xx_hal_uart.o
                0x000000000800c22c                HAL_UART_Receive_DMA
 .text.HAL_UART_RxHalfCpltCallback
                0x000000000800c2dc       0x10 Drivers/STM32L0xx_HAL_Driver/Src/stm32l0xx_hal_uart.o
                0x000000000800c2dc                HAL_UART_RxHalfCpltCallback
 .text.HAL_UART_ErrorCallback
                0x000000000800c2ec       0x10 Drivers/STM32L0xx_HAL_Driver/Src/stm32l0xx_hal_uart.o
                0x000000000800c2ec                HAL_UART_ErrorCallback
 .text.HAL_UARTEx_RxEventCallback
                0x000000000800c2fc       0x16 Drivers/STM32L0xx_HAL_Driver/Src/stm32l0xx_hal_uart.o
                0x000000000800c2fc                HAL_UARTEx_RxEventCallback
 *fill*         0x000000000800c312        0x2 
 .text.UART_SetConfig
                0x000000000800c314      0x540 Drivers/STM32L0xx_HAL_Driver/Src/stm32l0xx_hal_uart.o
                0x000000000800c314                UART_SetConfig
 .text.UART_AdvFeatureConfig
                0x000000000800c854      0x168 Drivers/STM32L0xx_HAL_Driver/Src/stm32l0xx_hal_uart.o
                0x000000000800c854                UART_AdvFeatureConfig
 .text.UART_CheckIdleState
                0x000000000800c9bc       0x90 Drivers/STM32L0xx_HAL_Driver/Src/stm32l0xx_hal_uart.o
                0x000000000800c9bc                UART_CheckIdleState
 .text.UART_WaitOnFlagUntilTimeout
                0x000000000800ca4c       0xfc Drivers/STM32L0xx_HAL_Driver/Src/stm32l0xx_hal_uart.o
                0x000000000800ca4c                UART_WaitOnFlagUntilTimeout
 .text.UART_Start_Receive_DMA
                0x000000000800cb48       0xdc Drivers/STM32L0xx_HAL_Driver/Src/stm32l0xx_hal_uart.o
                0x000000000800cb48                UART_Start_Receive_DMA
 .text.UART_EndTxTransfer
                0x000000000800cc24       0x26 Drivers/STM32L0xx_HAL_Driver/Src/stm32l0xx_hal_uart.o
 *fill*         0x000000000800cc4a        0x2 
 .text.UART_EndRxTransfer
                0x000000000800cc4c       0x60 Drivers/STM32L0xx_HAL_Driver/Src/stm32l0xx_hal_uart.o
 .text.UART_DMAReceiveCplt
                0x000000000800ccac       0xa0 Drivers/STM32L0xx_HAL_Driver/Src/stm32l0xx_hal_uart.o
 .text.UART_DMARxHalfCplt
                0x000000000800cd4c       0x3c Drivers/STM32L0xx_HAL_Driver/Src/stm32l0xx_hal_uart.o
 .text.UART_DMAError
                0x000000000800cd88       0x82 Drivers/STM32L0xx_HAL_Driver/Src/stm32l0xx_hal_uart.o
 *fill*         0x000000000800ce0a        0x2 
 .text.__errno  0x000000000800ce0c        0xc /Applications/STM32CubeIDE.app/Contents/Eclipse/plugins/com.st.stm32cube.ide.mcu.externaltools.gnu-tools-for-stm32.9-2020-q2-update.macos64_1.5.0.202011040924/tools/bin/../lib/gcc/arm-none-eabi/9.3.1/../../../../arm-none-eabi/lib/thumb/v6-m/nofp/libc_nano.a(lib_a-errno.o)
                0x000000000800ce0c                __errno
 .text.__libc_init_array
                0x000000000800ce18       0x48 /Applications/STM32CubeIDE.app/Contents/Eclipse/plugins/com.st.stm32cube.ide.mcu.externaltools.gnu-tools-for-stm32.9-2020-q2-update.macos64_1.5.0.202011040924/tools/bin/../lib/gcc/arm-none-eabi/9.3.1/../../../../arm-none-eabi/lib/thumb/v6-m/nofp/libc_nano.a(lib_a-init.o)
                0x000000000800ce18                __libc_init_array
 .text.malloc   0x000000000800ce60       0x14 /Applications/STM32CubeIDE.app/Contents/Eclipse/plugins/com.st.stm32cube.ide.mcu.externaltools.gnu-tools-for-stm32.9-2020-q2-update.macos64_1.5.0.202011040924/tools/bin/../lib/gcc/arm-none-eabi/9.3.1/../../../../arm-none-eabi/lib/thumb/v6-m/nofp/libc_nano.a(lib_a-malloc.o)
                0x000000000800ce60                malloc
 .text.memcpy   0x000000000800ce74       0x12 /Applications/STM32CubeIDE.app/Contents/Eclipse/plugins/com.st.stm32cube.ide.mcu.externaltools.gnu-tools-for-stm32.9-2020-q2-update.macos64_1.5.0.202011040924/tools/bin/../lib/gcc/arm-none-eabi/9.3.1/../../../../arm-none-eabi/lib/thumb/v6-m/nofp/libc_nano.a(lib_a-memcpy-stub.o)
                0x000000000800ce74                memcpy
 .text.memset   0x000000000800ce86       0x10 /Applications/STM32CubeIDE.app/Contents/Eclipse/plugins/com.st.stm32cube.ide.mcu.externaltools.gnu-tools-for-stm32.9-2020-q2-update.macos64_1.5.0.202011040924/tools/bin/../lib/gcc/arm-none-eabi/9.3.1/../../../../arm-none-eabi/lib/thumb/v6-m/nofp/libc_nano.a(lib_a-memset.o)
                0x000000000800ce86                memset
 *fill*         0x000000000800ce96        0x2 
 .text._malloc_r
                0x000000000800ce98       0xbc /Applications/STM32CubeIDE.app/Contents/Eclipse/plugins/com.st.stm32cube.ide.mcu.externaltools.gnu-tools-for-stm32.9-2020-q2-update.macos64_1.5.0.202011040924/tools/bin/../lib/gcc/arm-none-eabi/9.3.1/../../../../arm-none-eabi/lib/thumb/v6-m/nofp/libc_nano.a(lib_a-nano-mallocr.o)
                0x000000000800ce98                _malloc_r
 .text._sbrk_r  0x000000000800cf54       0x24 /Applications/STM32CubeIDE.app/Contents/Eclipse/plugins/com.st.stm32cube.ide.mcu.externaltools.gnu-tools-for-stm32.9-2020-q2-update.macos64_1.5.0.202011040924/tools/bin/../lib/gcc/arm-none-eabi/9.3.1/../../../../arm-none-eabi/lib/thumb/v6-m/nofp/libc_nano.a(lib_a-sbrkr.o)
                0x000000000800cf54                _sbrk_r
 .text.__malloc_lock
                0x000000000800cf78       0x10 /Applications/STM32CubeIDE.app/Contents/Eclipse/plugins/com.st.stm32cube.ide.mcu.externaltools.gnu-tools-for-stm32.9-2020-q2-update.macos64_1.5.0.202011040924/tools/bin/../lib/gcc/arm-none-eabi/9.3.1/../../../../arm-none-eabi/lib/thumb/v6-m/nofp/libc_nano.a(lib_a-mlock.o)
                0x000000000800cf78                __malloc_lock
 .text.__malloc_unlock
                0x000000000800cf88       0x10 /Applications/STM32CubeIDE.app/Contents/Eclipse/plugins/com.st.stm32cube.ide.mcu.externaltools.gnu-tools-for-stm32.9-2020-q2-update.macos64_1.5.0.202011040924/tools/bin/../lib/gcc/arm-none-eabi/9.3.1/../../../../arm-none-eabi/lib/thumb/v6-m/nofp/libc_nano.a(lib_a-mlock.o)
                0x000000000800cf88                __malloc_unlock
 .text.__retarget_lock_acquire_recursive
                0x000000000800cf98        0x2 /Applications/STM32CubeIDE.app/Contents/Eclipse/plugins/com.st.stm32cube.ide.mcu.externaltools.gnu-tools-for-stm32.9-2020-q2-update.macos64_1.5.0.202011040924/tools/bin/../lib/gcc/arm-none-eabi/9.3.1/../../../../arm-none-eabi/lib/thumb/v6-m/nofp/libc_nano.a(lib_a-lock.o)
                0x000000000800cf98                __retarget_lock_acquire_recursive
 .text.__retarget_lock_release_recursive
                0x000000000800cf9a        0x2 /Applications/STM32CubeIDE.app/Contents/Eclipse/plugins/com.st.stm32cube.ide.mcu.externaltools.gnu-tools-for-stm32.9-2020-q2-update.macos64_1.5.0.202011040924/tools/bin/../lib/gcc/arm-none-eabi/9.3.1/../../../../arm-none-eabi/lib/thumb/v6-m/nofp/libc_nano.a(lib_a-lock.o)
                0x000000000800cf9a                __retarget_lock_release_recursive
 *(.glue_7)
 .glue_7        0x000000000800cf9c        0x0 linker stubs
 *(.glue_7t)
 .glue_7t       0x000000000800cf9c        0x0 linker stubs
 *(.eh_frame)
 .eh_frame      0x000000000800cf9c        0x0 /Applications/STM32CubeIDE.app/Contents/Eclipse/plugins/com.st.stm32cube.ide.mcu.externaltools.gnu-tools-for-stm32.9-2020-q2-update.macos64_1.5.0.202011040924/tools/bin/../lib/gcc/arm-none-eabi/9.3.1/thumb/v6-m/nofp/crtbegin.o
 *(.init)
 .init          0x000000000800cf9c        0x4 /Applications/STM32CubeIDE.app/Contents/Eclipse/plugins/com.st.stm32cube.ide.mcu.externaltools.gnu-tools-for-stm32.9-2020-q2-update.macos64_1.5.0.202011040924/tools/bin/../lib/gcc/arm-none-eabi/9.3.1/thumb/v6-m/nofp/crti.o
                0x000000000800cf9c                _init
 .init          0x000000000800cfa0        0x8 /Applications/STM32CubeIDE.app/Contents/Eclipse/plugins/com.st.stm32cube.ide.mcu.externaltools.gnu-tools-for-stm32.9-2020-q2-update.macos64_1.5.0.202011040924/tools/bin/../lib/gcc/arm-none-eabi/9.3.1/thumb/v6-m/nofp/crtn.o
 *(.fini)
 .fini          0x000000000800cfa8        0x4 /Applications/STM32CubeIDE.app/Contents/Eclipse/plugins/com.st.stm32cube.ide.mcu.externaltools.gnu-tools-for-stm32.9-2020-q2-update.macos64_1.5.0.202011040924/tools/bin/../lib/gcc/arm-none-eabi/9.3.1/thumb/v6-m/nofp/crti.o
                0x000000000800cfa8                _fini
 .fini          0x000000000800cfac        0x8 /Applications/STM32CubeIDE.app/Contents/Eclipse/plugins/com.st.stm32cube.ide.mcu.externaltools.gnu-tools-for-stm32.9-2020-q2-update.macos64_1.5.0.202011040924/tools/bin/../lib/gcc/arm-none-eabi/9.3.1/thumb/v6-m/nofp/crtn.o
                0x000000000800cfb4                . = ALIGN (0x4)
                0x000000000800cfb4                _etext = .

.vfp11_veneer   0x000000000800cfb4        0x0
 .vfp11_veneer  0x000000000800cfb4        0x0 linker stubs

.v4_bx          0x000000000800cfb4        0x0
 .v4_bx         0x000000000800cfb4        0x0 linker stubs

.iplt           0x000000000800cfb4        0x0
 .iplt          0x000000000800cfb4        0x0 /Applications/STM32CubeIDE.app/Contents/Eclipse/plugins/com.st.stm32cube.ide.mcu.externaltools.gnu-tools-for-stm32.9-2020-q2-update.macos64_1.5.0.202011040924/tools/bin/../lib/gcc/arm-none-eabi/9.3.1/thumb/v6-m/nofp/crtbegin.o

.rodata         0x000000000800cfb4     0x2708
                0x000000000800cfb4                . = ALIGN (0x4)
 *(.rodata)
 .rodata        0x000000000800cfb4       0x29 Core/Src/at_commands.o
 *fill*         0x000000000800cfdd        0x3 
 .rodata        0x000000000800cfe0      0x123 Core/Src/epd.o
 *fill*         0x000000000800d103        0x1 
 .rodata        0x000000000800d104        0xe Core/Src/epd_gfx.o
 *fill*         0x000000000800d112        0x2 
 .rodata        0x000000000800d114       0xac Core/Src/hts221.o
 .rodata        0x000000000800d1c0      0x22d Core/Src/main.o
 *fill*         0x000000000800d3ed        0x3 
 .rodata        0x000000000800d3f0       0x16 Core/Src/serial_print.o
 *fill*         0x000000000800d406        0x2 
 .rodata        0x000000000800d408      0x345 Core/Src/stm32l0xx_it.o
 *fill*         0x000000000800d74d        0x3 
 .rodata        0x000000000800d750       0x80 /Applications/STM32CubeIDE.app/Contents/Eclipse/plugins/com.st.stm32cube.ide.mcu.externaltools.gnu-tools-for-stm32.9-2020-q2-update.macos64_1.5.0.202011040924/tools/bin/../lib/gcc/arm-none-eabi/9.3.1/thumb/v6-m/nofp/libgcc.a(divsf3.o)
 .rodata        0x000000000800d7d0       0x40 /Applications/STM32CubeIDE.app/Contents/Eclipse/plugins/com.st.stm32cube.ide.mcu.externaltools.gnu-tools-for-stm32.9-2020-q2-update.macos64_1.5.0.202011040924/tools/bin/../lib/gcc/arm-none-eabi/9.3.1/thumb/v6-m/nofp/libgcc.a(mulsf3.o)
 .rodata        0x000000000800d810       0x40 /Applications/STM32CubeIDE.app/Contents/Eclipse/plugins/com.st.stm32cube.ide.mcu.externaltools.gnu-tools-for-stm32.9-2020-q2-update.macos64_1.5.0.202011040924/tools/bin/../lib/gcc/arm-none-eabi/9.3.1/thumb/v6-m/nofp/libgcc.a(divdf3.o)
 .rodata        0x000000000800d850       0x40 /Applications/STM32CubeIDE.app/Contents/Eclipse/plugins/com.st.stm32cube.ide.mcu.externaltools.gnu-tools-for-stm32.9-2020-q2-update.macos64_1.5.0.202011040924/tools/bin/../lib/gcc/arm-none-eabi/9.3.1/thumb/v6-m/nofp/libgcc.a(muldf3.o)
 *(.rodata*)
 .rodata.wifi_send_data_str
                0x000000000800d890       0xcf Core/Src/at_commands.o
                0x000000000800d890                wifi_send_data_str
 *fill*         0x000000000800d95f        0x1 
 .rodata.layer_colors
                0x000000000800d960        0x6 Core/Src/epd.o
 *fill*         0x000000000800d966        0x2 
 .rodata.ti_270c44_tri_init_code
                0x000000000800d968       0x1c Core/Src/epd.o
 .rodata.font   0x000000000800d984      0x500 Core/Src/epd_gfx.o
 .rodata.main_select
                0x000000000800de84     0x16b0 Core/Src/main.o
 .rodata.serial_printf
                0x000000000800f534       0x58 Core/Src/serial_print.o
 .rodata.intercepts
                0x000000000800f58c       0x2c Core/Src/stm32l0xx_it.o
                0x000000000800f58c                intercepts
 .rodata.coefficients
                0x000000000800f5b8       0x84 Core/Src/stm32l0xx_it.o
                0x000000000800f5b8                coefficients
 .rodata.display_readings
                0x000000000800f63c       0x14 Core/Src/stm32l0xx_it.o
 .rodata.AHBPrescTable
                0x000000000800f650       0x10 Core/Src/system_stm32l0xx.o
                0x000000000800f650                AHBPrescTable
 .rodata.APBPrescTable
                0x000000000800f660        0x8 Core/Src/system_stm32l0xx.o
                0x000000000800f660                APBPrescTable
 .rodata.PLLMulTable
                0x000000000800f668        0x9 Core/Src/system_stm32l0xx.o
                0x000000000800f668                PLLMulTable
 *fill*         0x000000000800f671        0x3 
 .rodata.UART_SetConfig
                0x000000000800f674       0x48 Drivers/STM32L0xx_HAL_Driver/Src/stm32l0xx_hal_uart.o
                0x000000000800f6bc                . = ALIGN (0x4)

.ARM.extab      0x000000000800f6bc        0x0
                0x000000000800f6bc                . = ALIGN (0x4)
 *(.ARM.extab* .gnu.linkonce.armextab.*)
                0x000000000800f6bc                . = ALIGN (0x4)

.ARM            0x000000000800f6bc        0x8
                0x000000000800f6bc                . = ALIGN (0x4)
                0x000000000800f6bc                __exidx_start = .
 *(.ARM.exidx*)
 .ARM.exidx     0x000000000800f6bc        0x8 /Applications/STM32CubeIDE.app/Contents/Eclipse/plugins/com.st.stm32cube.ide.mcu.externaltools.gnu-tools-for-stm32.9-2020-q2-update.macos64_1.5.0.202011040924/tools/bin/../lib/gcc/arm-none-eabi/9.3.1/thumb/v6-m/nofp/libgcc.a(_udivmoddi4.o)
                0x000000000800f6c4                __exidx_end = .
                0x000000000800f6c4                . = ALIGN (0x4)

.rel.dyn        0x000000000800f6c4        0x0
 .rel.iplt      0x000000000800f6c4        0x0 /Applications/STM32CubeIDE.app/Contents/Eclipse/plugins/com.st.stm32cube.ide.mcu.externaltools.gnu-tools-for-stm32.9-2020-q2-update.macos64_1.5.0.202011040924/tools/bin/../lib/gcc/arm-none-eabi/9.3.1/thumb/v6-m/nofp/crtbegin.o

.preinit_array  0x000000000800f6c4        0x0
                0x000000000800f6c4                . = ALIGN (0x4)
                0x000000000800f6c4                PROVIDE (__preinit_array_start = .)
 *(.preinit_array*)
                0x000000000800f6c4                PROVIDE (__preinit_array_end = .)
                0x000000000800f6c4                . = ALIGN (0x4)

.init_array     0x000000000800f6c4        0x4
                0x000000000800f6c4                . = ALIGN (0x4)
                0x000000000800f6c4                PROVIDE (__init_array_start = .)
 *(SORT_BY_NAME(.init_array.*))
 *(.init_array*)
 .init_array    0x000000000800f6c4        0x4 /Applications/STM32CubeIDE.app/Contents/Eclipse/plugins/com.st.stm32cube.ide.mcu.externaltools.gnu-tools-for-stm32.9-2020-q2-update.macos64_1.5.0.202011040924/tools/bin/../lib/gcc/arm-none-eabi/9.3.1/thumb/v6-m/nofp/crtbegin.o
                0x000000000800f6c8                PROVIDE (__init_array_end = .)
                0x000000000800f6c8                . = ALIGN (0x4)

.fini_array     0x000000000800f6c8        0x4
                0x000000000800f6c8                . = ALIGN (0x4)
                [!provide]                        PROVIDE (__fini_array_start = .)
 *(SORT_BY_NAME(.fini_array.*))
 *(.fini_array*)
 .fini_array    0x000000000800f6c8        0x4 /Applications/STM32CubeIDE.app/Contents/Eclipse/plugins/com.st.stm32cube.ide.mcu.externaltools.gnu-tools-for-stm32.9-2020-q2-update.macos64_1.5.0.202011040924/tools/bin/../lib/gcc/arm-none-eabi/9.3.1/thumb/v6-m/nofp/crtbegin.o
                [!provide]                        PROVIDE (__fini_array_end = .)
                0x000000000800f6cc                . = ALIGN (0x4)
                0x000000000800f6cc                _sidata = LOADADDR (.data)

.data           0x0000000020000000       0x90 load address 0x000000000800f6cc
                0x0000000020000000                . = ALIGN (0x4)
                0x0000000020000000                _sdata = .
 *(.data)
 *(.data*)
 .data.session_id
                0x0000000020000000        0x4 Core/Src/at_commands.o
                0x0000000020000000                session_id
 .data.use_sram
                0x0000000020000004        0x1 Core/Src/epd.o
                0x0000000020000004                use_sram
 .data.textsize_x
                0x0000000020000005        0x1 Core/Src/epd_gfx.o
                0x0000000020000005                textsize_x
 .data.textsize_y
                0x0000000020000006        0x1 Core/Src/epd_gfx.o
                0x0000000020000006                textsize_y
 *fill*         0x0000000020000007        0x1 
 .data.text_color
                0x0000000020000008        0x2 Core/Src/epd_gfx.o
                0x0000000020000008                text_color
 .data.batteryState
                0x000000002000000a        0x1 Core/Src/main.o
                0x000000002000000a                batteryState
 *fill*         0x000000002000000b        0x1 
 .data.Representation.6766
                0x000000002000000c       0x11 Core/Src/serial_print.o
 .data.prev_prediction
                0x000000002000001d        0x1 Core/Src/stm32l0xx_it.o
                0x000000002000001d                prev_prediction
 *fill*         0x000000002000001e        0x2 
 .data.SystemCoreClock
                0x0000000020000020        0x4 Core/Src/system_stm32l0xx.o
                0x0000000020000020                SystemCoreClock
 .data.uwTickPrio
                0x0000000020000024        0x4 Drivers/STM32L0xx_HAL_Driver/Src/stm32l0xx_hal.o
                0x0000000020000024                uwTickPrio
 .data.uwTickFreq
                0x0000000020000028        0x1 Drivers/STM32L0xx_HAL_Driver/Src/stm32l0xx_hal.o
                0x0000000020000028                uwTickFreq
 *fill*         0x0000000020000029        0x3 
 .data._impure_ptr
                0x000000002000002c        0x4 /Applications/STM32CubeIDE.app/Contents/Eclipse/plugins/com.st.stm32cube.ide.mcu.externaltools.gnu-tools-for-stm32.9-2020-q2-update.macos64_1.5.0.202011040924/tools/bin/../lib/gcc/arm-none-eabi/9.3.1/../../../../arm-none-eabi/lib/thumb/v6-m/nofp/libc_nano.a(lib_a-impure.o)
                0x000000002000002c                _impure_ptr
 .data.impure_data
                0x0000000020000030       0x60 /Applications/STM32CubeIDE.app/Contents/Eclipse/plugins/com.st.stm32cube.ide.mcu.externaltools.gnu-tools-for-stm32.9-2020-q2-update.macos64_1.5.0.202011040924/tools/bin/../lib/gcc/arm-none-eabi/9.3.1/../../../../arm-none-eabi/lib/thumb/v6-m/nofp/libc_nano.a(lib_a-impure.o)
 *(.RamFunc)
 *(.RamFunc*)
                0x0000000020000090                . = ALIGN (0x4)
                0x0000000020000090                _edata = .

.igot.plt       0x0000000020000090        0x0 load address 0x000000000800f75c
 .igot.plt      0x0000000020000090        0x0 /Applications/STM32CubeIDE.app/Contents/Eclipse/plugins/com.st.stm32cube.ide.mcu.externaltools.gnu-tools-for-stm32.9-2020-q2-update.macos64_1.5.0.202011040924/tools/bin/../lib/gcc/arm-none-eabi/9.3.1/thumb/v6-m/nofp/crtbegin.o
                0x0000000020000090                . = ALIGN (0x4)

.bss            0x0000000020000090      0x494 load address 0x000000000800f75c
                0x0000000020000090                _sbss = .
                0x0000000020000090                __bss_start__ = _sbss
 *(.bss)
 .bss           0x0000000020000090       0x1c /Applications/STM32CubeIDE.app/Contents/Eclipse/plugins/com.st.stm32cube.ide.mcu.externaltools.gnu-tools-for-stm32.9-2020-q2-update.macos64_1.5.0.202011040924/tools/bin/../lib/gcc/arm-none-eabi/9.3.1/thumb/v6-m/nofp/crtbegin.o
 *(.bss*)
 .bss.r0        0x00000000200000ac        0x4 Core/Src/adc.o
                0x00000000200000ac                r0
 .bss.use_busy  0x00000000200000b0        0x1 Core/Src/epd.o
                0x00000000200000b0                use_busy
 .bss.single_byte_tx
                0x00000000200000b1        0x1 Core/Src/epd.o
                0x00000000200000b1                single_byte_tx
 .bss.black_buffer_inverted
                0x00000000200000b2        0x1 Core/Src/epd.o
                0x00000000200000b2                black_buffer_inverted
 *fill*         0x00000000200000b3        0x1 
 .bss.buffer1   0x00000000200000b4        0x4 Core/Src/epd.o
                0x00000000200000b4                buffer1
 .bss.cursor_x  0x00000000200000b8        0x2 Core/Src/epd_gfx.o
                0x00000000200000b8                cursor_x
 .bss.cursor_y  0x00000000200000ba        0x2 Core/Src/epd_gfx.o
                0x00000000200000ba                cursor_y
 .bss.margin_x  0x00000000200000bc        0x1 Core/Src/epd_gfx.o
                0x00000000200000bc                margin_x
 .bss.margin_y  0x00000000200000bd        0x1 Core/Src/epd_gfx.o
                0x00000000200000bd                margin_y
 .bss.text_bg_color
                0x00000000200000be        0x2 Core/Src/epd_gfx.o
                0x00000000200000be                text_bg_color
 .bss.wrap      0x00000000200000c0        0x1 Core/Src/epd_gfx.o
                0x00000000200000c0                wrap
 *fill*         0x00000000200000c1        0x3 
 .bss.UART1_rxBuffer
                0x00000000200000c4       0x14 Core/Src/main.o
                0x00000000200000c4                UART1_rxBuffer
 .bss.systemState
                0x00000000200000d8        0x1 Core/Src/main.o
                0x00000000200000d8                systemState
 .bss.food_present
                0x00000000200000d9        0x1 Core/Src/main.o
                0x00000000200000d9                food_present
 .bss.fruit_selection
                0x00000000200000da        0x1 Core/Src/main.o
                0x00000000200000da                fruit_selection
 *fill*         0x00000000200000db        0x1 
 .bss.buffer.6767
                0x00000000200000dc       0x32 Core/Src/serial_print.o
 .bss.days_elapsed
                0x000000002000010e        0x1 Core/Src/stm32l0xx_it.o
                0x000000002000010e                days_elapsed
 *fill*         0x000000002000010f        0x1 
 .bss.__sbrk_heap_end
                0x0000000020000110        0x4 Core/Src/sysmem.o
 .bss.__malloc_free_list
                0x0000000020000114        0x4 /Applications/STM32CubeIDE.app/Contents/Eclipse/plugins/com.st.stm32cube.ide.mcu.externaltools.gnu-tools-for-stm32.9-2020-q2-update.macos64_1.5.0.202011040924/tools/bin/../lib/gcc/arm-none-eabi/9.3.1/../../../../arm-none-eabi/lib/thumb/v6-m/nofp/libc_nano.a(lib_a-nano-mallocr.o)
                0x0000000020000114                __malloc_free_list
 .bss.__malloc_sbrk_start
                0x0000000020000118        0x4 /Applications/STM32CubeIDE.app/Contents/Eclipse/plugins/com.st.stm32cube.ide.mcu.externaltools.gnu-tools-for-stm32.9-2020-q2-update.macos64_1.5.0.202011040924/tools/bin/../lib/gcc/arm-none-eabi/9.3.1/../../../../arm-none-eabi/lib/thumb/v6-m/nofp/libc_nano.a(lib_a-nano-mallocr.o)
                0x0000000020000118                __malloc_sbrk_start
 *(COMMON)
 COMMON         0x000000002000011c       0xa4 Core/Src/adc.o
                0x000000002000011c                hdma_adc
                0x0000000020000164                hadc
 COMMON         0x00000000200001c0       0x14 Core/Src/epd.o
                0x00000000200001c0                rotation
                0x00000000200001c2                black_buffer_addr
                0x00000000200001c4                buffer1_addr
                0x00000000200001c8                buffer1_size
                0x00000000200001cc                black_buffer
                0x00000000200001d0                height
                0x00000000200001d2                width
 COMMON         0x00000000200001d4       0x14 Core/Src/hts221.o
                0x00000000200001d4                hts_cal_data
 COMMON         0x00000000200001e8       0x4c Core/Src/i2c.o
                0x00000000200001e8                hi2c1
 COMMON         0x0000000020000234       0x2c Core/Src/main.o
                0x0000000020000234                bq_init_ret
                0x0000000020000238                prediction_str
                0x000000002000023c                adc_dma_buffer
 COMMON         0x0000000020000260       0x24 Core/Src/rtc.o
                0x0000000020000260                hrtc
 COMMON         0x0000000020000284       0x88 Core/Src/serial_print.o
                0x0000000020000284                current_line
                0x0000000020000288                serial_line
 COMMON         0x000000002000030c       0x58 Core/Src/spi.o
                0x000000002000030c                hspi1
 COMMON         0x0000000020000364       0x19 Core/Src/stm32l0xx_it.o
                0x0000000020000364                sDate1
                0x0000000020000368                sTime1
                0x000000002000037c                current_day
 *fill*         0x000000002000037d        0x3 
 COMMON         0x0000000020000380       0x40 Core/Src/tim.o
                0x0000000020000380                htim6
 COMMON         0x00000000200003c0      0x150 Core/Src/usart.o
                0x00000000200003c0                hdma_usart1_rx
                0x0000000020000408                huart1
                0x000000002000048c                huart2
 COMMON         0x0000000020000510        0x4 Drivers/STM32L0xx_HAL_Driver/Src/stm32l0xx_hal.o
                0x0000000020000510                uwTick
 COMMON         0x0000000020000514        0x4 /Applications/STM32CubeIDE.app/Contents/Eclipse/plugins/com.st.stm32cube.ide.mcu.externaltools.gnu-tools-for-stm32.9-2020-q2-update.macos64_1.5.0.202011040924/tools/bin/../lib/gcc/arm-none-eabi/9.3.1/../../../../arm-none-eabi/lib/thumb/v6-m/nofp/libc_nano.a(lib_a-reent.o)
                0x0000000020000514                errno
 COMMON         0x0000000020000518        0x9 /Applications/STM32CubeIDE.app/Contents/Eclipse/plugins/com.st.stm32cube.ide.mcu.externaltools.gnu-tools-for-stm32.9-2020-q2-update.macos64_1.5.0.202011040924/tools/bin/../lib/gcc/arm-none-eabi/9.3.1/../../../../arm-none-eabi/lib/thumb/v6-m/nofp/libc_nano.a(lib_a-lock.o)
                0x0000000020000518                __lock___atexit_recursive_mutex
                0x0000000020000519                __lock___arc4random_mutex
                0x000000002000051a                __lock___env_recursive_mutex
                0x000000002000051b                __lock___sinit_recursive_mutex
                0x000000002000051c                __lock___malloc_recursive_mutex
                0x000000002000051d                __lock___at_quick_exit_mutex
                0x000000002000051e                __lock___dd_hash_mutex
                0x000000002000051f                __lock___tz_mutex
                0x0000000020000520                __lock___sfp_recursive_mutex
                0x0000000020000524                . = ALIGN (0x4)
 *fill*         0x0000000020000521        0x3 
                0x0000000020000524                _ebss = .
                0x0000000020000524                __bss_end__ = _ebss

._user_heap_stack
                0x0000000020000524      0x604 load address 0x000000000800f75c
                0x0000000020000528                . = ALIGN (0x8)
 *fill*         0x0000000020000524        0x4 
                [!provide]                        PROVIDE (end = .)
                0x0000000020000528                PROVIDE (_end = .)
                0x0000000020000728                . = (. + _Min_Heap_Size)
 *fill*         0x0000000020000528      0x200 
                0x0000000020000b28                . = (. + _Min_Stack_Size)
 *fill*         0x0000000020000728      0x400 
                0x0000000020000b28                . = ALIGN (0x8)

/DISCARD/
 libc.a(*)
 libm.a(*)
 libgcc.a(*)

.ARM.attributes
                0x0000000000000000       0x28
 *(.ARM.attributes)
 .ARM.attributes
                0x0000000000000000       0x1e /Applications/STM32CubeIDE.app/Contents/Eclipse/plugins/com.st.stm32cube.ide.mcu.externaltools.gnu-tools-for-stm32.9-2020-q2-update.macos64_1.5.0.202011040924/tools/bin/../lib/gcc/arm-none-eabi/9.3.1/thumb/v6-m/nofp/crti.o
 .ARM.attributes
                0x000000000000001e       0x2c /Applications/STM32CubeIDE.app/Contents/Eclipse/plugins/com.st.stm32cube.ide.mcu.externaltools.gnu-tools-for-stm32.9-2020-q2-update.macos64_1.5.0.202011040924/tools/bin/../lib/gcc/arm-none-eabi/9.3.1/thumb/v6-m/nofp/crtbegin.o
 .ARM.attributes
                0x000000000000004a       0x2c Core/Src/adc.o
 .ARM.attributes
                0x0000000000000076       0x2c Core/Src/at_commands.o
 .ARM.attributes
                0x00000000000000a2       0x2c Core/Src/bq27441.o
 .ARM.attributes
                0x00000000000000ce       0x2c Core/Src/dma.o
 .ARM.attributes
                0x00000000000000fa       0x2c Core/Src/epd.o
 .ARM.attributes
                0x0000000000000126       0x2c Core/Src/epd_gfx.o
 .ARM.attributes
                0x0000000000000152       0x2c Core/Src/gpio.o
 .ARM.attributes
                0x000000000000017e       0x2c Core/Src/hts221.o
 .ARM.attributes
                0x00000000000001aa       0x2c Core/Src/i2c.o
 .ARM.attributes
                0x00000000000001d6       0x2c Core/Src/main.o
 .ARM.attributes
                0x0000000000000202       0x2c Core/Src/rtc.o
 .ARM.attributes
                0x000000000000022e       0x2c Core/Src/serial_print.o
 .ARM.attributes
                0x000000000000025a       0x2c Core/Src/spi.o
 .ARM.attributes
                0x0000000000000286       0x2c Core/Src/sram.o
 .ARM.attributes
                0x00000000000002b2       0x2c Core/Src/stm32l0xx_hal_msp.o
 .ARM.attributes
                0x00000000000002de       0x2c Core/Src/stm32l0xx_it.o
 .ARM.attributes
                0x000000000000030a       0x2c Core/Src/sysmem.o
 .ARM.attributes
                0x0000000000000336       0x2c Core/Src/system_stm32l0xx.o
 .ARM.attributes
                0x0000000000000362       0x2c Core/Src/tim.o
 .ARM.attributes
                0x000000000000038e       0x2c Core/Src/usart.o
 .ARM.attributes
                0x00000000000003ba       0x2c Core/Src/vcnl4010.o
 .ARM.attributes
                0x00000000000003e6       0x22 Core/Startup/startup_stm32l053r8tx.o
 .ARM.attributes
                0x0000000000000408       0x2c Drivers/STM32L0xx_HAL_Driver/Src/stm32l0xx_hal.o
 .ARM.attributes
                0x0000000000000434       0x2c Drivers/STM32L0xx_HAL_Driver/Src/stm32l0xx_hal_adc.o
 .ARM.attributes
                0x0000000000000460       0x2c Drivers/STM32L0xx_HAL_Driver/Src/stm32l0xx_hal_cortex.o
 .ARM.attributes
                0x000000000000048c       0x2c Drivers/STM32L0xx_HAL_Driver/Src/stm32l0xx_hal_dma.o
 .ARM.attributes
                0x00000000000004b8       0x2c Drivers/STM32L0xx_HAL_Driver/Src/stm32l0xx_hal_gpio.o
 .ARM.attributes
                0x00000000000004e4       0x2c Drivers/STM32L0xx_HAL_Driver/Src/stm32l0xx_hal_i2c.o
 .ARM.attributes
                0x0000000000000510       0x2c Drivers/STM32L0xx_HAL_Driver/Src/stm32l0xx_hal_i2c_ex.o
 .ARM.attributes
                0x000000000000053c       0x2c Drivers/STM32L0xx_HAL_Driver/Src/stm32l0xx_hal_rcc.o
 .ARM.attributes
                0x0000000000000568       0x2c Drivers/STM32L0xx_HAL_Driver/Src/stm32l0xx_hal_rcc_ex.o
 .ARM.attributes
                0x0000000000000594       0x2c Drivers/STM32L0xx_HAL_Driver/Src/stm32l0xx_hal_rtc.o
 .ARM.attributes
                0x00000000000005c0       0x2c Drivers/STM32L0xx_HAL_Driver/Src/stm32l0xx_hal_spi.o
 .ARM.attributes
                0x00000000000005ec       0x2c Drivers/STM32L0xx_HAL_Driver/Src/stm32l0xx_hal_tim.o
 .ARM.attributes
                0x0000000000000618       0x2c Drivers/STM32L0xx_HAL_Driver/Src/stm32l0xx_hal_tim_ex.o
 .ARM.attributes
                0x0000000000000644       0x2c Drivers/STM32L0xx_HAL_Driver/Src/stm32l0xx_hal_uart.o
 .ARM.attributes
                0x0000000000000670       0x2c /Applications/STM32CubeIDE.app/Contents/Eclipse/plugins/com.st.stm32cube.ide.mcu.externaltools.gnu-tools-for-stm32.9-2020-q2-update.macos64_1.5.0.202011040924/tools/bin/../lib/gcc/arm-none-eabi/9.3.1/../../../../arm-none-eabi/lib/thumb/v6-m/nofp/libc_nano.a(lib_a-errno.o)
 .ARM.attributes
                0x000000000000069c       0x2c /Applications/STM32CubeIDE.app/Contents/Eclipse/plugins/com.st.stm32cube.ide.mcu.externaltools.gnu-tools-for-stm32.9-2020-q2-update.macos64_1.5.0.202011040924/tools/bin/../lib/gcc/arm-none-eabi/9.3.1/../../../../arm-none-eabi/lib/thumb/v6-m/nofp/libc_nano.a(lib_a-impure.o)
 .ARM.attributes
                0x00000000000006c8       0x2c /Applications/STM32CubeIDE.app/Contents/Eclipse/plugins/com.st.stm32cube.ide.mcu.externaltools.gnu-tools-for-stm32.9-2020-q2-update.macos64_1.5.0.202011040924/tools/bin/../lib/gcc/arm-none-eabi/9.3.1/../../../../arm-none-eabi/lib/thumb/v6-m/nofp/libc_nano.a(lib_a-init.o)
 .ARM.attributes
                0x00000000000006f4       0x2c /Applications/STM32CubeIDE.app/Contents/Eclipse/plugins/com.st.stm32cube.ide.mcu.externaltools.gnu-tools-for-stm32.9-2020-q2-update.macos64_1.5.0.202011040924/tools/bin/../lib/gcc/arm-none-eabi/9.3.1/../../../../arm-none-eabi/lib/thumb/v6-m/nofp/libc_nano.a(lib_a-malloc.o)
 .ARM.attributes
                0x0000000000000720       0x2c /Applications/STM32CubeIDE.app/Contents/Eclipse/plugins/com.st.stm32cube.ide.mcu.externaltools.gnu-tools-for-stm32.9-2020-q2-update.macos64_1.5.0.202011040924/tools/bin/../lib/gcc/arm-none-eabi/9.3.1/../../../../arm-none-eabi/lib/thumb/v6-m/nofp/libc_nano.a(lib_a-memcpy-stub.o)
 .ARM.attributes
                0x000000000000074c       0x2c /Applications/STM32CubeIDE.app/Contents/Eclipse/plugins/com.st.stm32cube.ide.mcu.externaltools.gnu-tools-for-stm32.9-2020-q2-update.macos64_1.5.0.202011040924/tools/bin/../lib/gcc/arm-none-eabi/9.3.1/../../../../arm-none-eabi/lib/thumb/v6-m/nofp/libc_nano.a(lib_a-memset.o)
 .ARM.attributes
                0x0000000000000778       0x2c /Applications/STM32CubeIDE.app/Contents/Eclipse/plugins/com.st.stm32cube.ide.mcu.externaltools.gnu-tools-for-stm32.9-2020-q2-update.macos64_1.5.0.202011040924/tools/bin/../lib/gcc/arm-none-eabi/9.3.1/../../../../arm-none-eabi/lib/thumb/v6-m/nofp/libc_nano.a(lib_a-nano-mallocr.o)
 .ARM.attributes
                0x00000000000007a4       0x2c /Applications/STM32CubeIDE.app/Contents/Eclipse/plugins/com.st.stm32cube.ide.mcu.externaltools.gnu-tools-for-stm32.9-2020-q2-update.macos64_1.5.0.202011040924/tools/bin/../lib/gcc/arm-none-eabi/9.3.1/../../../../arm-none-eabi/lib/thumb/v6-m/nofp/libc_nano.a(lib_a-sbrkr.o)
 .ARM.attributes
                0x00000000000007d0       0x2c /Applications/STM32CubeIDE.app/Contents/Eclipse/plugins/com.st.stm32cube.ide.mcu.externaltools.gnu-tools-for-stm32.9-2020-q2-update.macos64_1.5.0.202011040924/tools/bin/../lib/gcc/arm-none-eabi/9.3.1/../../../../arm-none-eabi/lib/thumb/v6-m/nofp/libc_nano.a(lib_a-mlock.o)
 .ARM.attributes
                0x00000000000007fc       0x2c /Applications/STM32CubeIDE.app/Contents/Eclipse/plugins/com.st.stm32cube.ide.mcu.externaltools.gnu-tools-for-stm32.9-2020-q2-update.macos64_1.5.0.202011040924/tools/bin/../lib/gcc/arm-none-eabi/9.3.1/../../../../arm-none-eabi/lib/thumb/v6-m/nofp/libc_nano.a(lib_a-reent.o)
 .ARM.attributes
                0x0000000000000828       0x2c /Applications/STM32CubeIDE.app/Contents/Eclipse/plugins/com.st.stm32cube.ide.mcu.externaltools.gnu-tools-for-stm32.9-2020-q2-update.macos64_1.5.0.202011040924/tools/bin/../lib/gcc/arm-none-eabi/9.3.1/../../../../arm-none-eabi/lib/thumb/v6-m/nofp/libc_nano.a(lib_a-lock.o)
 .ARM.attributes
                0x0000000000000854       0x1e /Applications/STM32CubeIDE.app/Contents/Eclipse/plugins/com.st.stm32cube.ide.mcu.externaltools.gnu-tools-for-stm32.9-2020-q2-update.macos64_1.5.0.202011040924/tools/bin/../lib/gcc/arm-none-eabi/9.3.1/thumb/v6-m/nofp/libgcc.a(_udivsi3.o)
 .ARM.attributes
                0x0000000000000872       0x1e /Applications/STM32CubeIDE.app/Contents/Eclipse/plugins/com.st.stm32cube.ide.mcu.externaltools.gnu-tools-for-stm32.9-2020-q2-update.macos64_1.5.0.202011040924/tools/bin/../lib/gcc/arm-none-eabi/9.3.1/thumb/v6-m/nofp/libgcc.a(_dvmd_tls.o)
 .ARM.attributes
                0x0000000000000890       0x1e /Applications/STM32CubeIDE.app/Contents/Eclipse/plugins/com.st.stm32cube.ide.mcu.externaltools.gnu-tools-for-stm32.9-2020-q2-update.macos64_1.5.0.202011040924/tools/bin/../lib/gcc/arm-none-eabi/9.3.1/thumb/v6-m/nofp/libgcc.a(_arm_cmpdf2.o)
 .ARM.attributes
                0x00000000000008ae       0x1e /Applications/STM32CubeIDE.app/Contents/Eclipse/plugins/com.st.stm32cube.ide.mcu.externaltools.gnu-tools-for-stm32.9-2020-q2-update.macos64_1.5.0.202011040924/tools/bin/../lib/gcc/arm-none-eabi/9.3.1/thumb/v6-m/nofp/libgcc.a(_arm_cmpsf2.o)
 .ARM.attributes
                0x00000000000008cc       0x1e /Applications/STM32CubeIDE.app/Contents/Eclipse/plugins/com.st.stm32cube.ide.mcu.externaltools.gnu-tools-for-stm32.9-2020-q2-update.macos64_1.5.0.202011040924/tools/bin/../lib/gcc/arm-none-eabi/9.3.1/thumb/v6-m/nofp/libgcc.a(_aeabi_uldivmod.o)
 .ARM.attributes
                0x00000000000008ea       0x2c /Applications/STM32CubeIDE.app/Contents/Eclipse/plugins/com.st.stm32cube.ide.mcu.externaltools.gnu-tools-for-stm32.9-2020-q2-update.macos64_1.5.0.202011040924/tools/bin/../lib/gcc/arm-none-eabi/9.3.1/thumb/v6-m/nofp/libgcc.a(_muldi3.o)
 .ARM.attributes
                0x0000000000000916       0x2c /Applications/STM32CubeIDE.app/Contents/Eclipse/plugins/com.st.stm32cube.ide.mcu.externaltools.gnu-tools-for-stm32.9-2020-q2-update.macos64_1.5.0.202011040924/tools/bin/../lib/gcc/arm-none-eabi/9.3.1/thumb/v6-m/nofp/libgcc.a(_fixunsdfsi.o)
 .ARM.attributes
                0x0000000000000942       0x2c /Applications/STM32CubeIDE.app/Contents/Eclipse/plugins/com.st.stm32cube.ide.mcu.externaltools.gnu-tools-for-stm32.9-2020-q2-update.macos64_1.5.0.202011040924/tools/bin/../lib/gcc/arm-none-eabi/9.3.1/thumb/v6-m/nofp/libgcc.a(_udivmoddi4.o)
 .ARM.attributes
                0x000000000000096e       0x2c /Applications/STM32CubeIDE.app/Contents/Eclipse/plugins/com.st.stm32cube.ide.mcu.externaltools.gnu-tools-for-stm32.9-2020-q2-update.macos64_1.5.0.202011040924/tools/bin/../lib/gcc/arm-none-eabi/9.3.1/thumb/v6-m/nofp/libgcc.a(addsf3.o)
 .ARM.attributes
                0x000000000000099a       0x2c /Applications/STM32CubeIDE.app/Contents/Eclipse/plugins/com.st.stm32cube.ide.mcu.externaltools.gnu-tools-for-stm32.9-2020-q2-update.macos64_1.5.0.202011040924/tools/bin/../lib/gcc/arm-none-eabi/9.3.1/thumb/v6-m/nofp/libgcc.a(divsf3.o)
 .ARM.attributes
                0x00000000000009c6       0x2c /Applications/STM32CubeIDE.app/Contents/Eclipse/plugins/com.st.stm32cube.ide.mcu.externaltools.gnu-tools-for-stm32.9-2020-q2-update.macos64_1.5.0.202011040924/tools/bin/../lib/gcc/arm-none-eabi/9.3.1/thumb/v6-m/nofp/libgcc.a(eqsf2.o)
 .ARM.attributes
                0x00000000000009f2       0x2c /Applications/STM32CubeIDE.app/Contents/Eclipse/plugins/com.st.stm32cube.ide.mcu.externaltools.gnu-tools-for-stm32.9-2020-q2-update.macos64_1.5.0.202011040924/tools/bin/../lib/gcc/arm-none-eabi/9.3.1/thumb/v6-m/nofp/libgcc.a(gesf2.o)
 .ARM.attributes
                0x0000000000000a1e       0x2c /Applications/STM32CubeIDE.app/Contents/Eclipse/plugins/com.st.stm32cube.ide.mcu.externaltools.gnu-tools-for-stm32.9-2020-q2-update.macos64_1.5.0.202011040924/tools/bin/../lib/gcc/arm-none-eabi/9.3.1/thumb/v6-m/nofp/libgcc.a(lesf2.o)
 .ARM.attributes
                0x0000000000000a4a       0x2c /Applications/STM32CubeIDE.app/Contents/Eclipse/plugins/com.st.stm32cube.ide.mcu.externaltools.gnu-tools-for-stm32.9-2020-q2-update.macos64_1.5.0.202011040924/tools/bin/../lib/gcc/arm-none-eabi/9.3.1/thumb/v6-m/nofp/libgcc.a(mulsf3.o)
 .ARM.attributes
                0x0000000000000a76       0x2c /Applications/STM32CubeIDE.app/Contents/Eclipse/plugins/com.st.stm32cube.ide.mcu.externaltools.gnu-tools-for-stm32.9-2020-q2-update.macos64_1.5.0.202011040924/tools/bin/../lib/gcc/arm-none-eabi/9.3.1/thumb/v6-m/nofp/libgcc.a(subsf3.o)
 .ARM.attributes
                0x0000000000000aa2       0x2c /Applications/STM32CubeIDE.app/Contents/Eclipse/plugins/com.st.stm32cube.ide.mcu.externaltools.gnu-tools-for-stm32.9-2020-q2-update.macos64_1.5.0.202011040924/tools/bin/../lib/gcc/arm-none-eabi/9.3.1/thumb/v6-m/nofp/libgcc.a(fixsfsi.o)
 .ARM.attributes