stm32l0xx_hal_rcc 2.c:223:19:HAL_RCC_DeInit	32	static
stm32l0xx_hal_rcc 2.c:338:19:HAL_RCC_OscConfig	56	static
stm32l0xx_hal_rcc 2.c:859:19:HAL_RCC_ClockConfig	32	static
stm32l0xx_hal_rcc 2.c:1120:6:HAL_RCC_MCOConfig	64	static
stm32l0xx_hal_rcc 2.c:1177:6:HAL_RCC_EnableCSS	8	static
stm32l0xx_hal_rcc 2.c:1213:10:HAL_RCC_GetSysClockFreq	72	static
stm32l0xx_hal_rcc 2.c:1283:10:HAL_RCC_GetHCLKFreq	8	static
stm32l0xx_hal_rcc 2.c:1294:10:HAL_RCC_GetPCLK1Freq	8	static
stm32l0xx_hal_rcc 2.c:1306:10:HAL_RCC_GetPCLK2Freq	8	static
stm32l0xx_hal_rcc 2.c:1319:6:HAL_RCC_GetOscConfig	16	static
stm32l0xx_hal_rcc 2.c:1422:6:HAL_RCC_GetClockConfig	16	static
stm32l0xx_hal_rcc 2.c:1453:6:HAL_RCC_NMI_IRQHandler	8	static
stm32l0xx_hal_rcc 2.c:1470:13:HAL_RCC_CSSCallback	8	static
